Script started on 2019-10-17 15:48:58-04:00 [TERM="xterm" TTY="/dev/pts/29" COLUMNS="100" LINES="35"]
thur1@remote06:~/git-repos/i220a/submit/lab4$ cd ex1[K[K[K[K[K[Kcd files
thur1@remote06:~/git-repos/i220a/submit/lab4/files$ ls[K[Kls
ex1  ex2  ex3  ex4  ex5  ex6  ex7  ex8	ex9  lab4_output.txt
thur1@remote06:~/git-repos/i220a/submit/lab4/files$ cd ex1
thur1@remote06:~/git-repos/i220a/submit/lab4/files/ex1$ ls
Makefile  uints  uints.c
thur1@remote06:~/git-repos/i220a/submit/lab4/files/ex1$ emacs uintc.[K[Ks.c
[?1049h[22;0;0t[?12;25h[?1h=[H[2J[35d[K[?1l>[?12l[?25h[?1049l[23;0;0t[39;49m[?1049h[22;0;0t[?12;25h[?1h=[H[2J[34d[?25l[7m-UUU:----F1  [0m[39;49m[27m[7m[1m*scratch*   [0m[39;49m[27m[7m   All L1     (Fundamental) -----------------------------------------------[0m[39;49m[27m
[A[2d[?12l[?25h[?12;25h[35d[?25lLoading /etc/emacs/site-start.d/00debian.el (source)...done[K[H
[?12l[?25h[?12;25h[35;33H[?25l50a2ps.el (source)...[K[H
[?12l[?25h[?12;25h[35;54H[?25ldone[H
[?12l[?25h[?12;25h[35;36H[?25lsymptote.el (source)...[H
[?12l[?25h[?12;25h[35;59H[?25ldone[H
[?12l[?25h[?12;25h[35;36H[?25lutoconf.el (source)...[K[H
[?12l[?25h[?12;25h[35;58H[?25ldone[H
[?12l[?25h[?12;25h[35;35H[?25lcmake-data.el (source)...[K[H
[?12l[?25h[?12;25h[35;60H[?25ldone[H
[?12l[?25h[?12;25h[35;35H[?25ldictionaries-common.el (source)...[H
[?12l[?25h[?12;25h[35;9H[?25ldebian-ispell...[K[H
[?12l[?25h[?12;25h[35;9H[?25l/var/cache/dictionaries-common/emacsen-ispell-default.el (source)...[H
[?12l[?25h[?12;25h[35;77H[?25ldone[H
[?12l[?25h[?12;25h[35;9H[?25ldebian-ispell...done[K[H
[?12l[?25h[?12;25h[35;9H[?25l/var/cache/dictionaries-common/emacsen-ispell-dicts.el (source)...[H
[?12l[?25h[?12;25h[35;75H[?25ldone[H
[?12l[?25h[?12;25h[35;10H[?25letc/emacs/site-start.d/50dictionaries-common[6P[H
[?12l[?25h[?12;25h[35;35H[?25lerlang-mode.el (source)...[K[H
[?12l[?25h[?12;25h[35;61H[?25ldone[H
[?12l[?25h[?12;25h[35;35H[?25lhaskell-mode.el (source)...[K[H
[?12l[?25h[?12;25h[35;10H[?25lusr/share/emacs/site-lisp/elpa/haskel[34@l-mode-16.1/haskell-mode-autoloads[H
[?12l[?25h[?12;25h[35;96H[?25ldone[H
[?12l[?25h[?12;25h[35;10H[?25letc/emacs/site-start.d/50haskell-mode[34P[H
[?12l[?25h[?12;25h[35;35H[?25llatex-cjk-common.el (source)...[H
[?12l[?25h[?12;25h[35;10H[?25lusr/share/emacs/site-lisp/latex-cjk-commo[9@n/cjk-enc[H
[?12l[?25h[?12;25h[35;75H[?25ldone[H
[?12l[?25h[?12;25h[35;10H[?25letc/emacs/site-start.d/50latex-cjk-common[9P[H
[?12l[?25h[?12;25h[35;45H[?25lthai.el (source)...[K[H
[?12l[?25h[?12;25h[35;64H[?25ldone[H
[?12l[?25h[?12;25h[35;35H[?25lpsvn.el (source)...[K[H
[?12l[?25h[?12;25h[35;54H[?25ldone[H
[?12l[?25h[?12;25h[35;36H[?25lython-docutils.el (source)...[H
[?12l[?25h[?12;25h[35;65H[?25ldone[H
[?12l[?25h[?12;25h[35;35H[?25ltcsh.el (source)...[K[H
[?12l[?25h[?12;25h[35;54H[?25ldone[H
[?12l[?25h[?12;25h[35;36H[?25lexlive-lang-english.el (source)...[H
[?12l[?25h[?12;25h[35;70H[?25ldone[H
[?12l[?25h[?12;25h[>0c[35d[?25lLoading /etc/emacs/site-start.d/50texlive-lang-english.el (source)...done[K[H[7mFile Edit Options Buffers Tools Lisp-Interaction Help                                               [0m[39;49m[27m
[A
[K
[K
[K
[K
[K
[K
[K
[K
[K
[K
[K
[K
[K
[K
[K
[K
[K
[K
[K
[K
[K
[K
[K
[K
[K
[K
[K
[K
[K
[K
[K
[K
[7m-UUU:----F1  [0m[39;49m[27m[7m[1m*scratch*   [0m[39;49m[27m[7m   All L1     (Lisp Interaction ElDoc) ------------------------------------[0m[39;49m[27m
[A[2d[?12l[?25h[?12;25h[?2004h[35d[?25lFor information about GNU Emacs and the GNU system, type C-h C-a.[K[H
[?12l[?25h[?12;25h[35d[?25lFor information about GNU Emacs and the GNU system, type C-h C-a.[K[H[7mFile Edit Options Buffers Tools C Help                                                              [0m[39;49m[27m
[A
[1m[34m#include[0m[39;49m [32m<stdio.h>[39;49m[K
[K
[31m/** Read integer's from stdin and print out value as int or short in                                [39;49m
[A
[31m *  both decimal and hex.                                                                           [39;49m
[A
[31m */[39;49m[K
[32mint[39;49m [1m[34mmain[0m[39;49m() {[K
  [1m[36mwhile[0m[39;49m (1) {[K
    [32munsigned[39;49m [32mint[39;49m [33mi[39;49m;[K
    [32munsigned[39;49m [32mshort[39;49m [33ms[39;49m;[K
    [1m[36mif[0m[39;49m (scanf([32m"%d"[39;49m, &i) != 1) [1m[36mbreak[0m[39;49m;[K
    s = ([32munsigned[39;49m [32mshort[39;49m)i;[K
    printf([32m"uint = %u (0x%x); ushort = %u (0x%x)\n"[39;49m, i, i, s, s);[K
  }[K
  [1m[36mreturn[0m[39;49m 0;[K
}[K
[K
[K
[K
[K
[K
[K
[K
[K
[K
[K
[K
[K
[K
[K
[K
[K
[K
[7m-UU-:----F1  [0m[39;49m[27m[7m[1muints.c     [0m[39;49m[27m[7m   All L1    [0m[39;49m[27m[7mGit-master[0m[39;49m[27m[7m  (C/*l Abbrev) ------------------------------------[0m[39;49m[27m
[A[2d[?12l[?25h[?12;25h[35d[K[2d[35d[K[?2004l[?1l>[?12l[?25h[?1049l[23;0;0t[39;49mthur1@remote06:~/git-repos/i220a/submit/lab4/files/ex1$ make
make: 'uints' is up to date.
thur1@remote06:~/git-repos/i220a/submit/lab4/files/ex1$ ./uints
65535
uint = 65535 (0xffff); ushort = 65535 (0xffff)
65536
uint = 65536 (0x10000); ushort = 0 (0x0)
6533  537
uint = 65537 (0x10001); ushort = 1 (0x1)
49 39  294967295
uint = 4294967295 (0xffffffff); ushort = 65535 (0xffff)
4294967296
uint = 0 (0x0); ushort = 0 (0x0)
4294967297
uint = 1 (0x1); ushort = 1 (0x1)
thur1@remote06:~/git-repos/i220a/submit/lab4/files/ex1$ cd ..
thur1@remote06:~/git-repos/i220a/submit/lab4/files$ cd ex1[K2
thur1@remote06:~/git-repos/i220a/submit/lab4/files/ex2$ make
cc -g -Wall -std=c11    ints.c   -o ints
thur1@remote06:~/git-repos/i220a/submit/lab4/files/ex2$ ./ints
23767     32767
int = 32767 (0x7fff); short = 32767 (0x7fff)
32768
int = 32768 (0x8000); short = -32768 (0xffff8000)
32769
int = 32769 (0x8001); short = -32767 (0xffff8001)
32  65535
int = 65535 (0xffff); short = -1 (0xffffffff)
214748367
int = 214748367 (0xccccccf); short = -13105 (0xffffcccf)
214748368
int = 214748368 (0xcccccd0); short = -13104 (0xffffccd0)
thur1@remote06:~/git-repos/i220a/submit/lab4/files/ex2$ cd ..
thur1@remote06:~/git-repos/i220a/submit/lab4/files$ cd ex3
thur1@remote06:~/git-repos/i220a/submit/lab4/files/ex3$ make
make: 'identify' is up to date.
thur1@remote06:~/git-repos/i220a/submit/lab4/files/ex3$ ./identify
0
mystery = 0 (0x0)
1
mystery = 1 (0x1)
2
mystery = 2 (0x2)
3
mystery = 3 (0x3)
4
mystery = 4 (0x4)
10000000
mystery = 0 (0x0)
500
mystery = 1280 (0x500)
900
mystery = 2304 (0x900)
10  1 31 2167
mystery = 205159 (0x32167)
500000
mystery = 5242880 (0x500000)
100   9999999 
mystery = 1677721 (0x199999)
1000000
mystery = 0 (0x0)
999999
mystery = 1677721 (0x199999)
1000000
mystery = 0 (0x0)
^X^C
thur1@remote06:~/git-repos/i220a/submit/lab4/files/ex3$ cd ..
thur1@remote06:~/git-repos/i220a/submit/lab4/files$ ls
ex1  ex2  ex3  ex4  ex5  ex6  ex7  ex8	ex9  lab4_output.txt
thur1@remote06:~/git-repos/i220a/submit/lab4/files$ cd lab4_output.txt
bash: cd: lab4_output.txt: Not a directory
thur1@remote06:~/git-repos/i220a/submit/lab4/files$ emacs lav[Kb4_output.txt
[?1049h[22;0;0t[?12;25h[?1h=[H[2J[35d[K[?1l>[?12l[?25h[?1049l[23;0;0t[39;49m[?1049h[22;0;0t[?12;25h[?1h=[H[2J[34d[?25l[7m-UUU:----F1  [0m[39;49m[27m[7m[1m*scratch*   [0m[39;49m[27m[7m   All L1     (Fundamental) -----------------------------------------------[0m[39;49m[27m
[A[2d[?12l[?25h[?12;25h[35d[?25lLoading /etc/emacs/site-start.d/00debian.el (source)...done[K[H
[?12l[?25h[?12;25h[35;33H[?25l50a2ps.el (source)...[K[H
[?12l[?25h[?12;25h[35;54H[?25ldone[H
[?12l[?25h[?12;25h[35;36H[?25lsymptote.el (source)...[H
[?12l[?25h[?12;25h[35;59H[?25ldone[H
[?12l[?25h[?12;25h[35;36H[?25lutoconf.el (source)...[K[H
[?12l[?25h[?12;25h[35;58H[?25ldone[H
[?12l[?25h[?12;25h[35;35H[?25lcmake-data.el (source)...[K[H
[?12l[?25h[?12;25h[35;60H[?25ldone[H
[?12l[?25h[?12;25h[35;35H[?25ldictionaries-common.el (source)...[H
[?12l[?25h[?12;25h[35;9H[?25ldebian-ispell...[K[H
[?12l[?25h[?12;25h[35;9H[?25l/var/cache/dictionaries-common/emacsen-ispell-default.el (source)...[H
[?12l[?25h[?12;25h[35;77H[?25ldone[H
[?12l[?25h[?12;25h[35;9H[?25ldebian-ispell...done[K[H
[?12l[?25h[?12;25h[35;9H[?25l/var/cache/dictionaries-common/emacsen-ispell-dicts.el (source)...[H
[?12l[?25h[?12;25h[35;75H[?25ldone[H
[?12l[?25h[?12;25h[35;10H[?25letc/emacs/site-start.d/50dictionaries-common[6P[H
[?12l[?25h[?12;25h[35;35H[?25lerlang-mode.el (source)...[K[H
[?12l[?25h[?12;25h[35;61H[?25ldone[H
[?12l[?25h[?12;25h[35;35H[?25lhaskell-mode.el (source)...[K[H
[?12l[?25h[?12;25h[35;10H[?25lusr/share/emacs/site-lisp/elpa/haskel[34@l-mode-16.1/haskell-mode-autoloads[H
[?12l[?25h[?12;25h[35;96H[?25ldone[H
[?12l[?25h[?12;25h[35;10H[?25letc/emacs/site-start.d/50haskell-mode[34P[H
[?12l[?25h[?12;25h[35;35H[?25llatex-cjk-common.el (source)...[H
[?12l[?25h[?12;25h[35;10H[?25lusr/share/emacs/site-lisp/latex-cjk-commo[9@n/cjk-enc[H
[?12l[?25h[?12;25h[35;75H[?25ldone[H
[?12l[?25h[?12;25h[35;10H[?25letc/emacs/site-start.d/50latex-cjk-common[9P[H
[?12l[?25h[?12;25h[35;45H[?25lthai.el (source)...[K[H
[?12l[?25h[?12;25h[35;64H[?25ldone[H
[?12l[?25h[?12;25h[35;35H[?25lpsvn.el (source)...[K[H
[?12l[?25h[?12;25h[35;54H[?25ldone[H
[?12l[?25h[?12;25h[35;36H[?25lython-docutils.el (source)...[H
[?12l[?25h[?12;25h[35;65H[?25ldone[H
[?12l[?25h[?12;25h[35;35H[?25ltcsh.el (source)...[K[H
[?12l[?25h[?12;25h[35;54H[?25ldone[H
[?12l[?25h[?12;25h[35;36H[?25lexlive-lang-english.el (source)...[H
[?12l[?25h[?12;25h[35;70H[?25ldone[H
[?12l[?25h[?12;25h[>0c[35d[?25lLoading /etc/emacs/site-start.d/50texlive-lang-english.el (source)...done[K[H[7mFile Edit Options Buffers Tools Lisp-Interaction Help                                               [0m[39;49m[27m
[A
[K
[K
[K
[K
[K
[K
[K
[K
[K
[K
[K
[K
[K
[K
[K
[K
[K
[K
[K
[K
[K
[K
[K
[K
[K
[K
[K
[K
[K
[K
[K
[K
[7m-UUU:----F1  [0m[39;49m[27m[7m[1m*scratch*   [0m[39;49m[27m[7m   All L1     (Lisp Interaction ElDoc) ------------------------------------[0m[39;49m[27m
[A[2d[?12l[?25h[?12;25h[?2004h[35d[?25lFor information about GNU Emacs and the GNU system, type C-h C-a.[K[H
[?12l[?25h[?12;25h[35d[?25lFor information about GNU Emacs and the GNU system, type C-h C-a.[K[H[7mFile Edit Options Buffers Tools Text Help                                                           [0m[39;49m[27m
[A
answers:[K
[K
1) given[K
2) given[K
3) inputs: 1, 10, 100, 1000 output: 1, 16, 256, 4096 --> the mask shifts >> 1[K
4) 0[K
5) given[K
6) given[K
7) 0[K
8) given[K
9) 2 ^33[K
[K
[K
[K
[K
[K
[K
[K
[K
[K
[K
[K
[K
[K
[K
[K
[K
[K
[K
[K
[K
[K
[7m-UU-:----F1  [0m[39;49m[27m[7m[1mlab4_output.txt[0m[39;49m[27m[7m   All L1    [0m[39;49m[27m[7mGit-master[0m[39;49m[27m[7m  (Text) ----------------------------------------[0m[39;49m[27m
[A[2d[?12l[?25h[?12;25h[35d[K[34;37H[?25l[7m2[0m[39;49m[27m[H

[?12l[?25h[?12;25h[34;37H[?25l[7m3[0m[39;49m[27m[4;1H[?12l[?25h[?12;25h[34;37H[?25l[7m4[0m[39;49m[27m[5;1H[?12l[?25h[?12;25h[34;37H[?25l[7m5[0m[39;49m[27m[6;1H[?12l[?25h[?12;25h[34;37H[?25l[7m6[0m[39;49m[27m[7;1H[?12l[?25h[?12;25h[34;37H[?25l[7m7[0m[39;49m[27m[8;1H[?12l[?25h[?12;25h[34;37H[?25l[7m8[0m[39;49m[27m[9;1H[?12l[?25h[?12;25h[34;37H[?25l[7m7[0m[39;49m[27m[8;1H[?12l[?25h[?12;25h[34;37H[?25l[7m6[0m[39;49m[27m[7;1H[?12l[?25h[?12;25h[35d[K[?2004l[?1l>[?12l[?25h[?1049l[23;0;0t[39;49mthur1@remote06:~/git-repos/i220a/submit/lab4/files$ cd lab5[K[K[K[Kex5
thur1@remote06:~/git-repos/i220a/submit/lab4/files/ex5$ make
make: *** No targets specified and no makefile found.  Stop.
thur1@remote06:~/git-repos/i220a/submit/lab4/files/ex5$ python 10[K[K[K[K[K[K[K
bash: py: command not found
thur1@remote06:~/git-repos/i220a/submit/lab4/files/ex5$ python
Python 2.7.16 (default, Apr  6 2019, 01:42:57) 
[GCC 8.3.0] on linux2
Type "help", "copyright", "credits" or "license" for more information.
>>> 10*1000 -1
9999
>>> 10**1000 - 1.0
Traceback (most recent call last):
  File "<stdin>", line 1, in <module>
OverflowError: long int too large to convert to float
>>> 
KeyboardInterrupt
>>> cd ..
  File "<stdin>", line 1
    cd ..
        ^
SyntaxError: invalid syntax
>>> 
KeyboardInterrupt
>>> 
KeyboardInterrupt
>>> a
Traceback (most recent call last):
  File "<stdin>", line 1, in <module>
NameError: name 'a' is not defined
>>> exit
Use exit() or Ctrl-D (i.e. EOF) to exit
>>> exit()
thur1@remote06:~/git-repos/i220a/submit/lab4/files/ex5$ cd ..
thur1@remote06:~/git-repos/i220a/submit/lab4/files$ cd ex6
thur1@remote06:~/git-repos/i220a/submit/lab4/files/ex6$ make
cc -g -Wall -std=c11    0.1.c   -o 0.1
thur1@remote06:~/git-repos/i220a/submit/lab4/files/ex6$ ./0.1
0.99999999999999988898 0
thur1@remote06:~/git-repos/i220a/submit/lab4/files/ex6$ e[Kcd ..
thur1@remote06:~/git-repos/i220a/submit/lab4/files$ cd ex7
thur1@remote06:~/git-repos/i220a/submit/lab4/files/ex7$ make
cc -g -Wall -std=c11    nan.c   -o nan
thur1@remote06:~/git-repos/i220a/submit/lab4/files/ex7$ ./nan
0
x = -nan
0
^X^C
thur1@remote06:~/git-repos/i220a/submit/lab4/files/ex7$ cd ..
thur1@remote06:~/git-repos/i220a/submit/lab4/files$ cd ex8
thur1@remote06:~/git-repos/i220a/submit/lab4/files/ex8$ make
cc -g -Wall -std=c11    ulp.c  -lm -o ulp
thur1@remote06:~/git-repos/i220a/submit/lab4/files/ex8$ .[Kls[K[Kls
Makefile  ulp  ulp.c  ulp.gp  ulp-lg.gp
thur1@remote06:~/git-repos/i220a/submit/lab4/files/ex8$ ./ulp
usage ./ulp data|lg-data|verbose
thur1@remote06:~/git-repos/i220a/submit/lab4/files/ex8$ ./ulp verbose
v = 0x1 (1), ulp = 1.1920928955078e-07
v = 0x2 (2), ulp = 2.3841857910156e-07
v = 0x4 (4), ulp = 4.7683715820312e-07
v = 0x8 (8), ulp = 9.5367431640625e-07
v = 0x10 (16), ulp = 1.9073486328125e-06
v = 0x20 (32), ulp = 3.814697265625e-06
v = 0x40 (64), ulp = 7.62939453125e-06
v = 0x80 (128), ulp = 1.52587890625e-05
v = 0x100 (256), ulp = 3.0517578125e-05
v = 0x200 (512), ulp = 6.103515625e-05
v = 0x400 (1024), ulp = 0.0001220703125
v = 0x800 (2048), ulp = 0.000244140625
v = 0x1000 (4096), ulp = 0.00048828125
v = 0x2000 (8192), ulp = 0.0009765625
v = 0x4000 (16384), ulp = 0.001953125
v = 0x8000 (32768), ulp = 0.00390625
v = 0x10000 (65536), ulp = 0.0078125
v = 0x20000 (131072), ulp = 0.015625
v = 0x40000 (262144), ulp = 0.03125
v = 0x80000 (524288), ulp = 0.0625
v = 0x100000 (1.04858e+06), ulp = 0.125
v = 0x200000 (2.09715e+06), ulp = 0.25
v = 0x400000 (4.1943e+06), ulp = 0.5
v = 0x800000 (8.38861e+06), ulp = 1
v = 0x1000000 (1.67772e+07), ulp = 2
v = 0x2000000 (3.35544e+07), ulp = 4
v = 0x4000000 (6.71089e+07), ulp = 8
v = 0x8000000 (1.34218e+08), ulp = 16
v = 0x10000000 (2.68435e+08), ulp = 32
v = 0x20000000 (5.36871e+08), ulp = 64
v = 0x40000000 (1.07374e+09), ulp = 128
v = 0x80000000 (2.14748e+09), ulp = 256
v = 0x100000000 (4.29497e+09), ulp = 512
v = 0x200000000 (8.58993e+09), ulp = 1024
v = 0x400000000 (1.71799e+10), ulp = 2048
v = 0x800000000 (3.43597e+10), ulp = 4096
v = 0x1000000000 (6.87195e+10), ulp = 8192
v = 0x2000000000 (1.37439e+11), ulp = 16384
v = 0x4000000000 (2.74878e+11), ulp = 32768
v = 0x8000000000 (5.49756e+11), ulp = 65536
v = 0x10000000000 (1.09951e+12), ulp = 131072
v = 0x20000000000 (2.19902e+12), ulp = 262144
v = 0x40000000000 (4.39805e+12), ulp = 524288
v = 0x80000000000 (8.79609e+12), ulp = 1048576
v = 0x100000000000 (1.75922e+13), ulp = 2097152
v = 0x200000000000 (3.51844e+13), ulp = 4194304
v = 0x400000000000 (7.03687e+13), ulp = 8388608
v = 0x800000000000 (1.40737e+14), ulp = 16777216
v = 0x1000000000000 (2.81475e+14), ulp = 33554432
v = 0x2000000000000 (5.6295e+14), ulp = 67108864
v = 0x4000000000000 (1.1259e+15), ulp = 134217728
v = 0x8000000000000 (2.2518e+15), ulp = 268435456
v = 0x10000000000000 (4.5036e+15), ulp = 536870912
v = 0x20000000000000 (9.0072e+15), ulp = 1073741824
v = 0x40000000000000 (1.80144e+16), ulp = 2147483648
v = 0x80000000000000 (3.60288e+16), ulp = 4294967296
v = 0x100000000000000 (7.20576e+16), ulp = 8589934592
v = 0x200000000000000 (1.44115e+17), ulp = 17179869184
v = 0x400000000000000 (2.8823e+17), ulp = 34359738368
v = 0x800000000000000 (5.76461e+17), ulp = 68719476736
v = 0x1000000000000000 (1.15292e+18), ulp = 137438953472
v = 0x2000000000000000 (2.30584e+18), ulp = 274877906944
v = 0x4000000000000000 (4.61169e+18), ulp = 549755813888
v = 0x8000000000000000 (9.22337e+18), ulp = 1099511627776
thur1@remote06:~/git-repos/i220a/submit/lab4/files/ex8$ ./ulp data>ulp.dt[Kata
thur1@remote06:~/git-repos/i220a/submit/lab4/files/ex8$ ./ulp data>ulp.data
thur1@remote06:~/git-repos/i220a/submit/lab4/files/ex8$ -[Kgnuplot -p ulp.gp
03:57:19 PM: Error: Unable to initialize GTK+, is DISPLAY set properly?
Failed to initialize wxWidgets.
thur1@remote06:~/git-repos/i220a/submit/lab4/files/ex8$ ./ulp lg-data > [Kulp-lg.data
thur1@remote06:~/git-repos/i220a/submit/lab4/files/ex8$ gnuplot -p ulp-lg.gp
03:57:37 PM: Error: Unable to initialize GTK+, is DISPLAY set properly?
Failed to initialize wxWidgets.
thur1@remote06:~/git-repos/i220a/submit/lab4/files/ex8$ ^C
thur1@remote06:~/git-repos/i220a/submit/lab4/files/ex8$ cd ..
thur1@remote06:~/git-repos/i220a/submit/lab4/files$ cd ex9
thur1@remote06:~/git-repos/i220a/submit/lab4/files/ex9$ make
cc -g -Wall -std=c11    loop.c   -o loop
thur1@remote06:~/git-repos/i220a/submit/lab4/files/ex9$ ./;pp[K[K[Kloop
^X^C
thur1@remote06:~/git-repos/i220a/submit/lab4/files/ex9$ emacs l[K[K[K[K[K[K[Kemacs loop.c
[?1049h[22;0;0t[?12;25h[?1h=[H[2J[35d[K[?1l>[?12l[?25h[?1049l[23;0;0t[39;49m[?1049h[22;0;0t[?12;25h[?1h=[H[2J[34d[?25l[7m-UUU:----F1  [0m[39;49m[27m[7m[1m*scratch*   [0m[39;49m[27m[7m   All L1     (Fundamental) -----------------------------------------------[0m[39;49m[27m
[A[2d[?12l[?25h[?12;25h[35d[?25lLoading /etc/emacs/site-start.d/00debian.el (source)...done[K[H
[?12l[?25h[?12;25h[35;33H[?25l50a2ps.el (source)...[K[H
[?12l[?25h[?12;25h[35;54H[?25ldone[H
[?12l[?25h[?12;25h[35;36H[?25lsymptote.el (source)...[H
[?12l[?25h[?12;25h[35;59H[?25ldone[H
[?12l[?25h[?12;25h[35;36H[?25lutoconf.el (source)...[K[H
[?12l[?25h[?12;25h[35;58H[?25ldone[H
[?12l[?25h[?12;25h[35;35H[?25lcmake-data.el (source)...[K[H
[?12l[?25h[?12;25h[35;60H[?25ldone[H
[?12l[?25h[?12;25h[35;35H[?25ldictionaries-common.el (source)...[H
[?12l[?25h[?12;25h[35;9H[?25ldebian-ispell...[K[H
[?12l[?25h[?12;25h[35;9H[?25l/var/cache/dictionaries-common/emacsen-ispell-default.el (source)...[H
[?12l[?25h[?12;25h[35;77H[?25ldone[H
[?12l[?25h[?12;25h[35;9H[?25ldebian-ispell...done[K[H
[?12l[?25h[?12;25h[35;9H[?25l/var/cache/dictionaries-common/emacsen-ispell-dicts.el (source)...[H
[?12l[?25h[?12;25h[35;75H[?25ldone[H
[?12l[?25h[?12;25h[35;10H[?25letc/emacs/site-start.d/50dictionaries-common[6P[H
[?12l[?25h[?12;25h[35;35H[?25lerlang-mode.el (source)...[K[H
[?12l[?25h[?12;25h[35;61H[?25ldone[H
[?12l[?25h[?12;25h[35;35H[?25lhaskell-mode.el (source)...[K[H
[?12l[?25h[?12;25h[35;10H[?25lusr/share/emacs/site-lisp/elpa/haskel[34@l-mode-16.1/haskell-mode-autoloads[H
[?12l[?25h[?12;25h[35;96H[?25ldone[H
[?12l[?25h[?12;25h[35;10H[?25letc/emacs/site-start.d/50haskell-mode[34P[H
[?12l[?25h[?12;25h[35;35H[?25llatex-cjk-common.el (source)...[H
[?12l[?25h[?12;25h[35;10H[?25lusr/share/emacs/site-lisp/latex-cjk-commo[9@n/cjk-enc[H
[?12l[?25h[?12;25h[35;75H[?25ldone[H
[?12l[?25h[?12;25h[35;10H[?25letc/emacs/site-start.d/50latex-cjk-common[9P[H
[?12l[?25h[?12;25h[35;45H[?25lthai.el (source)...[K[H
[?12l[?25h[?12;25h[35;64H[?25ldone[H
[?12l[?25h[?12;25h[35;35H[?25lpsvn.el (source)...[K[H
[?12l[?25h[?12;25h[35;54H[?25ldone[H
[?12l[?25h[?12;25h[35;36H[?25lython-docutils.el (source)...[H
[?12l[?25h[?12;25h[35;65H[?25ldone[H
[?12l[?25h[?12;25h[35;35H[?25ltcsh.el (source)...[K[H
[?12l[?25h[?12;25h[35;54H[?25ldone[H
[?12l[?25h[?12;25h[35;36H[?25lexlive-lang-english.el (source)...[H
[?12l[?25h[?12;25h[35;70H[?25ldone[H
[?12l[?25h[?12;25h[>0c[35d[?25lLoading /etc/emacs/site-start.d/50texlive-lang-english.el (source)...done[K[H[7mFile Edit Options Buffers Tools Lisp-Interaction Help                                               [0m[39;49m[27m
[A
[K
[K
[K
[K
[K
[K
[K
[K
[K
[K
[K
[K
[K
[K
[K
[K
[K
[K
[K
[K
[K
[K
[K
[K
[K
[K
[K
[K
[K
[K
[K
[K
[7m-UUU:----F1  [0m[39;49m[27m[7m[1m*scratch*   [0m[39;49m[27m[7m   All L1     (Lisp Interaction ElDoc) ------------------------------------[0m[39;49m[27m
[A[2d[?12l[?25h[?12;25h[?2004h[35d[?25lFor information about GNU Emacs and the GNU system, type C-h C-a.[K[H
[?12l[?25h[?12;25h[35d[?25lFor information about GNU Emacs and the GNU system, type C-h C-a.[K[H[7mFile Edit Options Buffers Tools C Help                                                              [0m[39;49m[27m
[A
[1m[34m#include[0m[39;49m [32m<stdio.h>[39;49m[K
[K
[32mint[39;49m [1m[34mmain[0m[39;49m() {[K
[K
  [1m[36mwhile[0m[39;49m (1) {[K
    [32mfloat[39;49m [33md[39;49m;[K
    scanf([32m"%f"[39;49m, &d);[K
    [32mfloat[39;49m [33mx[39;49m;[K
    [1m[36mfor[0m[39;49m (x = d; x <= d + 1000.0; x = x + 1000.0) {[K
    }[K
    printf([32m"loop exited with x = %.14g\n"[39;49m, x);[K
  }[K
  [1m[36mreturn[0m[39;49m 0;[K
}[K
[K
[K
[K
[K
[K
[K
[K
[K
[K
[K
[K
[K
[K
[K
[K
[K
[K
[K
[7m-UU-:----F1  [0m[39;49m[27m[7m[1mloop.c      [0m[39;49m[27m[7m   All L1    [0m[39;49m[27m[7mGit-master[0m[39;49m[27m[7m  (C/*l Abbrev) ------------------------------------[0m[39;49m[27m
[A[2d[?12l[?25h[?12;25h[35d[K[2d[35d[K[?2004l[?1l>[?12l[?25h[?1049l[23;0;0t[39;49mthur1@remote06:~/git-repos/i220a/submit/lab4/files/ex9$ make
make: 'loop' is up to date.
thur1@remote06:~/git-repos/i220a/submit/lab4/files/ex9$ ./loop
^X^C
thur1@remote06:~/git-repos/i220a/submit/lab4/files/ex9$ d [K[Kcd ..
thur1@remote06:~/git-repos/i220a/submit/lab4/files$ cd ..
thur1@remote06:~/git-repos/i220a/submit/lab4$ cd ..
thur1@remote06:~/git-repos/i220a/submit$ git push[K[K[K[Kcommti _[K[K[K[Kit -a -m "lab4 udated[K[K[K[K[Kpdatd"[K[Ked"
On branch master
Your branch is up to date with 'origin/master'.

Untracked files:
	[31mlab4/files/ex8/ulp-lg.data[m
	[31mlab4/files/ex8/ulp.data[m
	[31mlab4/lab4.log[m

nothing added to commit but untracked files present
thur1@remote06:~/git-repos/i220a/submit$ git add *
thur1@remote06:~/git-repos/i220a/submit$ git commit -a -m "lab4 [K[K4 updated"
[master 1cd1f36] lab4 updated
 3 files changed, 533 insertions(+)
 create mode 100644 submit/lab4/files/ex8/ulp-lg.data
 create mode 100644 submit/lab4/files/ex8/ulp.data
 create mode 100644 submit/lab4/lab4.log
thur1@remote06:~/git-repos/i220a/submit$ git push
Username for 'https://github.com': hurhurhurt
Password for 'https://hurhurhurt@github.com': 
Enumerating objects: 14, done.
Counting objects:   7% (1/14)   Counting objects:  14% (2/14)   Counting objects:  21% (3/14)   Counting objects:  28% (4/14)   Counting objects:  35% (5/14)   Counting objects:  42% (6/14)   Counting objects:  50% (7/14)   Counting objects:  57% (8/14)   Counting objects:  64% (9/14)   Counting objects:  71% (10/14)   Counting objects:  78% (11/14)   Counting objects:  85% (12/14)   Counting objects:  92% (13