Script started on 2019-11-22 13:13:29-05:00 [TERM="xterm" TTY="/dev/pts/1" COLUMNS="100" LINES="35"]
thur1@remote05:~/git-repos/i220a/work/lab13/files$ cd [K[K[Kls
file-char-count  file-copy  lab13.log  no-buffer-copy  rec-io  stdin-char-count
thur1@remote05:~/git-repos/i220a/work/lab13/files$ cd stdin-char-count
thur1@remote05:~/git-repos/i220a/work/lab13/files/stdin-char-count$ ls
Makefile  stdin-char-count.c
thur1@remote05:~/git-repos/i220a/work/lab13/files/stdin-char-count$ make
gcc -g -Wall -std=c11 -funsigned-char    stdin-char-count.c   -o stdin-char-count
thur1@remote05:~/git-repos/i220a/work/lab13/files/stdin-char-count$ ./stdin-char-count <stdin-char-c ount.c
EOF = -1
^C
thur1@remote05:~/git-repos/i220a/work/lab13/files/stdin-char-count$ emacs stdin-char-count.c
[?1049h[22;0;0t[?12;25h[?1h=[H[2J[35d[K[?1l>[?12l[?25h[?1049l[23;0;0t[39;49m[?1049h[22;0;0t[?12;25h[?1h=[H[2J[34d[?25l[7m-UUU:----F1  [0m[39;49m[27m[7m[1m*scratch*   [0m[39;49m[27m[7m   All L1     (Fundamental) -----------------------------------------------[0m[39;49m[27m
[A[2d[?12l[?25h[?12;25h[35d[?25lLoading /etc/emacs/site-start.d/00debian.el (source)...done[K[H
[?12l[?25h[?12;25h[35;33H[?25l50a2ps.el (source)...[K[H
[?12l[?25h[?12;25h[35;54H[?25ldone[H
[?12l[?25h[?12;25h[35;36H[?25lsymptote.el (source)...[H
[?12l[?25h[?12;25h[35;59H[?25ldone[H
[?12l[?25h[?12;25h[35;36H[?25lutoconf.el (source)...[K[H
[?12l[?25h[?12;25h[35;58H[?25ldone[H
[?12l[?25h[?12;25h[35;35H[?25lcmake-data.el (source)...[K[H
[?12l[?25h[?12;25h[35;60H[?25ldone[H
[?12l[?25h[?12;25h[35;35H[?25ldictionaries-common.el (source)...[H
[?12l[?25h[?12;25h[35;9H[?25ldebian-ispell...[K[H
[?12l[?25h[?12;25h[35;9H[?25l/var/cache/dictionaries-common/emacsen-ispell-default.el (source)...[H
[?12l[?25h[?12;25h[35;77H[?25ldone[H
[?12l[?25h[?12;25h[35;9H[?25ldebian-ispell...done[K[H
[?12l[?25h[?12;25h[35;9H[?25l/var/cache/dictionaries-common/emacsen-ispell-dicts.el (source)...[H
[?12l[?25h[?12;25h[35;75H[?25ldone[H
[?12l[?25h[?12;25h[35;10H[?25letc/emacs/site-start.d/50dictionaries-common[6P[H
[?12l[?25h[?12;25h[35;35H[?25lerlang-mode.el (source)...[K[H
[?12l[?25h[?12;25h[35;61H[?25ldone[H
[?12l[?25h[?12;25h[35;35H[?25lhaskell-mode.el (source)...[K[H
[?12l[?25h[?12;25h[35;10H[?25lusr/share/emacs/site-lisp/elpa/haskel[34@l-mode-16.1/haskell-mode-autoloads[H
[?12l[?25h[?12;25h[35;96H[?25ldone[H
[?12l[?25h[?12;25h[35;10H[?25letc/emacs/site-start.d/50haskell-mode[34P[H
[?12l[?25h[?12;25h[35;35H[?25llatex-cjk-common.el (source)...[H
[?12l[?25h[?12;25h[35;10H[?25lusr/share/emacs/site-lisp/latex-cjk-commo[9@n/cjk-enc[H
[?12l[?25h[?12;25h[35;75H[?25ldone[H
[?12l[?25h[?12;25h[35;10H[?25letc/emacs/site-start.d/50latex-cjk-common[9P[H
[?12l[?25h[?12;25h[35;45H[?25lthai.el (source)...[K[H
[?12l[?25h[?12;25h[35;64H[?25ldone[H
[?12l[?25h[?12;25h[35;35H[?25lpsvn.el (source)...[K[H
[?12l[?25h[?12;25h[35;54H[?25ldone[H
[?12l[?25h[?12;25h[35;36H[?25lython-docutils.el (source)...[H
[?12l[?25h[?12;25h[35;65H[?25ldone[H
[?12l[?25h[?12;25h[35;35H[?25ltcsh.el (source)...[K[H
[?12l[?25h[?12;25h[35;54H[?25ldone[H
[?12l[?25h[?12;25h[35;36H[?25lexlive-lang-english.el (source)...[H
[?12l[?25h[?12;25h[35;70H[?25ldone[H
[?12l[?25h[?12;25h[>0c[35d[?25lLoading /etc/emacs/site-start.d/50texlive-lang-english.el (source)...done[K[H[7mFile Edit Options Buffers Tools Lisp-Interaction Help                                               [0m[39;49m[27m
[A
[K
[K
[K
[K
[K
[K
[K
[K
[K
[K
[K
[K
[K
[K
[K
[K
[K
[K
[K
[K
[K
[K
[K
[K
[K
[K
[K
[K
[K
[K
[K
[K
[7m-UUU:----F1  [0m[39;49m[27m[7m[1m*scratch*   [0m[39;49m[27m[7m   All L1     (Lisp Interaction ElDoc) ------------------------------------[0m[39;49m[27m
[A[2d[?12l[?25h[?12;25h[?2004h[35d[?25lFor information about GNU Emacs and the GNU system, type C-h C-a.[K[H
[?12l[?25h[?12;25h[35d[K[H[?25l[7mFile Edit Options Buffers Tools C Help                                                              [0m[39;49m[27m
[A
[1m[34m#include[0m[39;49m [32m<stdio.h>[39;49m[K
[K
[32mint[39;49m[K
[1m[34mmain[0m[39;49m([32mint[39;49m [33margc[39;49m, [1m[36mconst[0m[39;49m [32mchar[39;49m *[33margv[39;49m[])[K
{[K
  printf([32m"EOF = %d\n"[39;49m, EOF);[K
  [32mchar[39;49m [33mc[39;49m;[K
  [32mint[39;49m [33mcount[39;49m = 0;[K
  [1m[36mwhile[0m[39;49m ((c = getchar()) != EOF) count++;[K
  printf([32m"%d\n"[39;49m, count);[K
  [1m[36mreturn[0m[39;49m 0;[K
}[K
[K
[K
[K
[K
[K
[K
[K
[K
[K
[K
[K
[K
[K
[K
[K
[K
[K
[K
[K
[K
[7m-UU-:----F1  [0m[39;49m[27m[7m[1mstdin-char-count.c[0m[39;49m[27m[7m   All L2    [0m[39;49m[27m[7mGit-master[0m[39;49m[27m[7m  (C/*l Abbrev) ------------------------------[0m[39;49m[27m
[A[3d[?12l[?25h[?12;25h[34;40H[?25l[7m3[0m[39;49m[27m[4;1H[?12l[?25h[?12;25h[34;40H[?25l[7m4[0m[39;49m[27m[5;1H[?12l[?25h[?12;25h[34;40H[?25l[7m5[0m[39;49m[27m[6;1H[?12l[?25h[?12;25h[34;40H[?25l[7m6[0m[39;49m[27m[7;1H[?12l[?25h[?12;25h[34;40H[?25l[7m7[0m[39;49m[27m[8;1H[?12l[?25h[?12;25h[34;40H[?25l[7m8[0m[39;49m[27m[9;1H[?12l[?25h[?12;25h[34;40H[?25l[7m9[0m[39;49m[27m[10;1H[?12l[?25h[?12;25h[34;40H[?25l[7m10[0m[39;49m[27m[11;1H[?12l[?25h[?12;25h[34;41H[?25l[7m1[0m[39;49m[27m[12;1H[?12l[?25h[?12;25h[34;41H[?25l[7m0[0m[39;49m[27m[11;1H[?12l[?25h[?12;25h[34;40H[?25l[7m9 [0m[39;49m[27m[10;1H[?12l[?25h[?12;25h[C[34;40H[?25l[7m10[0m[39;49m[27m[11;2H[?12l[?25h[?12;25h[C[34;40H[?25l[7m9 [0m[39;49m[27m[10;3H[?12l[?25h[?12;25h[C[C[C[C[34;40H[?25l[7m10[0m[39;49m[27m[11;7H[?12l[?25h[?12;25h[34;40H[?25l[7m9 [0m[39;49m[27m[10;7H[?12l[?25h[?12;25h[34;40H[?25l[7m8[0m[39;49m[27m[9;7H[?12l[?25h[?12;25h[34;40H[?25l[7m9[0m[39;49m[27m[10;7H[?12l[?25h[?12;25h		[C[C[C[C[C[C		[34;40H[?25l[7m10[0m[39;49m[27m[11;17H[?12l[?25h[?12;25h[34;40H[?25l[7m9 [0m[39;49m[27m[10;17H[?12l[?25h[?12;25h[34;40H[?25l[7m8[0m[39;49m[27m[9;17H[?12l[?25h[?12;25h[34;40H[?25l[7m7[0m[39;49m[27m[8;10H[?12l[?25h[?12;25h[34;40H[?25l[7m6[0m[39;49m[27m[7;17H[?12l[?25h[?12;25h[34;40H[?25l[7m7[0m[39;49m[27m[8;10H[?12l[?25h[?12;25h[34;40H[?25l[7m8[0m[39;49m[27m[9;17H[?12l[?25h[?12;25h[34;40H[?25l[7m9[0m[39;49m[27m[10;17H[?12l[?25h[?12;25h[34;40H[?25l[7m8[0m[39;49m[27m[9;17H[?12l[?25h[?12;25h[34;40H[?25l[7m9[0m[39;49m[27m[10;17H[?12l[?25h[?12;25h[34;40H[?25l[7m10[0m[39;49m[27m[11;17H[?12l[?25h[?12;25h[34;40H[?25l[7m9 [0m[39;49m[27m[10;17H[?12l[?25h[?12;25h[C[C[C[C[34;40H[?25l[7m8[0m[39;49m[27m[9;17H[?12l[?25h[?12;25h[34;40H[?25l[7m7[0m[39;49m[27m[8;10H[?12l[?25h[?12;25h[34;40H[?25l[7m8[0m[39;49m[27m[9;17H[?12l[?25h[?12;25h[34;40H[?25l[7m9[0m[39;49m[27m[10;21H[?12l[?25h[?12;25h[34;40H[?25l[7m8[0m[39;49m[27m[9;17H[?12l[?25h[?12;25h[34;40H[?25l[7m7[0m[39;49m[27m[8;10H[?12l[?25h[?12;25h[34;40H[?25l[7m8[0m[39;49m[27m[9;7H[?12l[?25h[?12;25h[34;40H[?25l[7m9[0m[39;49m[27m[10;7H[?12l[?25h[?12;25h		[C[C[C[C[C[C	[34;40H[?25l[7m8[0m[39;49m[27m[9;15H[?12l[?25h[?12;25h[34;40H[?25l[7m7[0m[39;49m[27m[8;10H[?12l[?25h[?12;25h[34;40H[?25l[7m6[0m[39;49m[27m[7;8H[?12l[?25h[?12;25h[34;40H[?25l[7m7[0m[39;49m[27m[8;7H[?12l[?25h[?12;25h[?25l[32muchar[39;49m [33mc[39;49m;[34;6H[7m**[0m[39;49m[27m[8;4H[?12l[?25h[?12;25h[?25l[32mnchar[39;49m [33mc[39;49m;[8;5H[?12l[?25h[?12;25h[?25l[32mschar[39;49m [33mc[39;49m;[8;6H[?12l[?25h[?12;25h[?25l[32michar[39;49m [33mc[39;49m;[8;7H[?12l[?25h[?12;25h[?25l[32mgchar[39;49m [33mc[39;49m;	[?12l[?25h[?12;25h[?25l[32mnchar[39;49m [33mc[39;49m;	[?12l[?25h[?12;25h[?25l[32mechar[39;49m [33mc[39;49m;[8;10H[?12l[?25h[?12;25h[?25l[32mdchar[39;49m [33mc[39;49m;[8;11H[?12l[?25h[?12;25h[?25l [32mchar[39;49m [33mc[39;49m;[8;12H[?12l[?25h[?12;25h[35;1H[?25lSaving file /home/thur1/git-repos/i220a/work/lab13/files/stdin-char-count/stdin-char-count.c...[8;12H[?12l[?25h[?12;25h[35;1H[?25lWrote /home/thur1/git-repos/i220a/work/lab13/files/stdin-char-count/stdin-char-count.c[K[8;12H[?12l[?25h[?12;25h[34;6H[?25l[7m----F1  [0m[39;49m[27m[7m[1mstdin-char-count.c[0m[39;49m[27m[7m   All L7    [0m[39;49m[27m[7mGit:[0m[39;49m[27m[8;12H[?12l[?25h[?12;25h[35;1H[K[8;12H[35;1H[K[?2004l[?1l>[?12l[?25h[?1049l[23;0;0t[39;49mthur1@remote05:~/git-repos/i220a/work/lab13/files/stdin-char-count$ make
gcc -g -Wall -std=c11 -funsigned-char    stdin-char-count.c   -o stdin-char-count
thur1@remote05:~/git-repos/i220a/work/lab13/files/stdin-char-count$ makeemacs stdin-char-count.c./stdin-char-count <stdin-char-count.c
EOF = -1
^X^C
thur1@remote05:~/git-repos/i220a/work/lab13/files/stdin-char-count$ emacs ./stdin-char-count <stdin-char-count.c[A[C[C[C[C[C[C[C[C[C[C[C[C[C[C[C[C[C[C[C[C[C[C[C[C[C[C[C[C[C[C[C[C[C[C[C[C[C[C[C[C[C[C[C[C[C[C[C[C[C[C[C[C[C[C[C[C[C[C[C[C[C[Cmake[K
[K[A[C[C[C[C[C[C[C[C[C[C[C[C[C[C[C[C[C[C[C[C[C[C[C[C[C[C[C[C[C[C[C[C[C[C[C[C[C[C[C[C[C[C[C[C[C[C[C[C[C[C[C[C[C[C[C[C[C[C[C[C[C[C[C[C[C[C[C[C[C[C[C[Cemacs stdin-char-count.c
[?1049h[22;0;0t[?12;25h[?1h=[H[2J[35d[K[?1l>[?12l[?25h[?1049l[23;0;0t[39;49m[?1049h[22;0;0t[?12;25h[?1h=[H[2J[34d[?25l[7m-UUU:----F1  [0m[39;49m[27m[7m[1m*scratch*   [0m[39;49m[27m[7m   All L1     (Fundamental) -----------------------------------------------[0m[39;49m[27m
[A[2d[?12l[?25h[?12;25h[35d[?25lLoading /etc/emacs/site-start.d/00debian.el (source)...done[K[H
[?12l[?25h[?12;25h[35;33H[?25l50a2ps.el (source)...[K[H
[?12l[?25h[?12;25h[35;54H[?25ldone[H
[?12l[?25h[?12;25h[35;36H[?25lsymptote.el (source)...[H
[?12l[?25h[?12;25h[35;59H[?25ldone[H
[?12l[?25h[?12;25h[35;36H[?25lutoconf.el (source)...[K[H
[?12l[?25h[?12;25h[35;58H[?25ldone[H
[?12l[?25h[?12;25h[35;35H[?25lcmake-data.el (source)...[K[H
[?12l[?25h[?12;25h[35;60H[?25ldone[H
[?12l[?25h[?12;25h[35;35H[?25ldictionaries-common.el (source)...[H
[?12l[?25h[?12;25h[35;9H[?25ldebian-ispell...[K[H
[?12l[?25h[?12;25h[35;9H[?25l/var/cache/dictionaries-common/emacsen-ispell-default.el (source)...[H
[?12l[?25h[?12;25h[35;77H[?25ldone[H
[?12l[?25h[?12;25h[35;9H[?25ldebian-ispell...done[K[H
[?12l[?25h[?12;25h[35;9H[?25l/var/cache/dictionaries-common/emacsen-ispell-dicts.el (source)...[H
[?12l[?25h[?12;25h[35;75H[?25ldone[H
[?12l[?25h[?12;25h[35;10H[?25letc/emacs/site-start.d/50dictionaries-common[6P[H
[?12l[?25h[?12;25h[35;35H[?25lerlang-mode.el (source)...[K[H
[?12l[?25h[?12;25h[35;61H[?25ldone[H
[?12l[?25h[?12;25h[35;35H[?25lhaskell-mode.el (source)...[K[H
[?12l[?25h[?12;25h[35;10H[?25lusr/share/emacs/site-lisp/elpa/haskel[34@l-mode-16.1/haskell-mode-autoloads[H
[?12l[?25h[?12;25h[35;96H[?25ldone[H
[?12l[?25h[?12;25h[35;10H[?25letc/emacs/site-start.d/50haskell-mode[34P[H
[?12l[?25h[?12;25h[35;35H[?25llatex-cjk-common.el (source)...[H
[?12l[?25h[?12;25h[35;10H[?25lusr/share/emacs/site-lisp/latex-cjk-commo[9@n/cjk-enc[H
[?12l[?25h[?12;25h[35;75H[?25ldone[H
[?12l[?25h[?12;25h[35;10H[?25letc/emacs/site-start.d/50latex-cjk-common[9P[H
[?12l[?25h[?12;25h[35;45H[?25lthai.el (source)...[K[H
[?12l[?25h[?12;25h[35;64H[?25ldone[H
[?12l[?25h[?12;25h[35;35H[?25lpsvn.el (source)...[K[H
[?12l[?25h[?12;25h[35;54H[?25ldone[H
[?12l[?25h[?12;25h[35;36H[?25lython-docutils.el (source)...[H
[?12l[?25h[?12;25h[35;65H[?25ldone[H
[?12l[?25h[?12;25h[35;35H[?25ltcsh.el (source)...[K[H
[?12l[?25h[?12;25h[35;54H[?25ldone[H
[?12l[?25h[?12;25h[35;36H[?25lexlive-lang-english.el (source)...[H
[?12l[?25h[?12;25h[35;70H[?25ldone[H
[?12l[?25h[?12;25h[>0c[35d[?25lLoading /etc/emacs/site-start.d/50texlive-lang-english.el (source)...done[K[H[7mFile Edit Options Buffers Tools Lisp-Interaction Help                                               [0m[39;49m[27m
[A
[K
[K
[K
[K
[K
[K
[K
[K
[K
[K
[K
[K
[K
[K
[K
[K
[K
[K
[K
[K
[K
[K
[K
[K
[K
[K
[K
[K
[K
[K
[K
[K
[7m-UUU:----F1  [0m[39;49m[27m[7m[1m*scratch*   [0m[39;49m[27m[7m   All L1     (Lisp Interaction ElDoc) ------------------------------------[0m[39;49m[27m
[A[2d[?12l[?25h[?12;25h[?2004h[35d[?25lFor information about GNU Emacs and the GNU system, type C-h C-a.[K[H
[?12l[?25h[?12;25h[35d[?25lFor information about GNU Emacs and the GNU system, type C-h C-a.[K[H[7mFile Edit Options Buffers Tools C Help                                                              [0m[39;49m[27m
[A
[1m[34m#include[0m[39;49m [32m<stdio.h>[39;49m[K
[K
[32mint[39;49m[K
[1m[34mmain[0m[39;49m([32mint[39;49m [33margc[39;49m, [1m[36mconst[0m[39;49m [32mchar[39;49m *[33margv[39;49m[])[K
{[K
  printf([32m"EOF = %d\n"[39;49m, EOF);[K
  [32munsigned[39;49m [32mchar[39;49m [33mc[39;49m;[K
  [32mint[39;49m [33mcount[39;49m = 0;[K
  [1m[36mwhile[0m[39;49m ((c = getchar()) != EOF) count++;[K
  printf([32m"%d\n"[39;49m, count);[K
  [1m[36mreturn[0m[39;49m 0;[K
}[K
[K
[K
[K
[K
[K
[K
[K
[K
[K
[K
[K
[K
[K
[K
[K
[K
[K
[K
[K
[K
[7m-UU-:----F1  [0m[39;49m[27m[7m[1mstdin-char-count.c[0m[39;49m[27m[7m   All L1    [0m[39;49m[27m[7mGit:master[0m[39;49m[27m[7m  (C/*l Abbrev) ------------------------------[0m[39;49m[27m
[A[2d[?12l[?25h[?12;25h[35d[K[34;40H[?25l[7m2[0m[39;49m[27m[H

[?12l[?25h[?12;25h[34;40H[?25l[7m3[0m[39;49m[27m[4;1H[?12l[?25h[?12;25h[34;40H[?25l[7m4[0m[39;49m[27m[5;1H[?12l[?25h[?12;25h[34;40H[?25l[7m5[0m[39;49m[27m[6;1H[?12l[?25h[?12;25h[34;40H[?25l[7m6[0m[39;49m[27m[7;1H[?12l[?25h[?12;25h[34;40H[?25l[7m7[0m[39;49m[27m[8;1H[?12l[?25h[?12;25h[34;40H[?25l[7m8[0m[39;49m[27m[9;1H[?12l[?25h[?12;25h[34;40H[?25l[7m9[0m[39;49m[27m[10;1H[?12l[?25h[?12;25h[34;40H[?25l[7m10[0m[39;49m[27m[11;1H[?12l[?25h[?12;25h[34;40H[?25l[7m9 [0m[39;49m[27m[10;1H[?12l[?25h[?12;25h[34;40H[?25l[7m8[0m[39;49m[27m[9;1H[?12l[?25h[?12;25h[34;40H[?25l[7m7[0m[39;49m[27m[8;1H[?12l[?25h[?12;25h[34;40H[?25l[7m6[0m[39;49m[27m[7;1H[?12l[?25h[?12;25h[C[34;40H[?25l[7m7[0m[39;49m[27m[8;2H[?12l[?25h[?12;25h[C[C[C[C[C		[C[C[C[C[C[C	[?25l [33mc[39;49m;[K[34;6H[7m**[0m[39;49m[27m[8;15H[?12l[?25h[?12;25h[?25l [33mc[39;49m;[K[?12l[?25h[?12;25h[?25l [33mc[39;49m;[K[?12l[?25h[?12;25h[?25l [33mc[39;49m;[K[?12l[?25h[?12;25h[?25l[33mc[39;49m;[K[?12l[?25h[?12;25h[?25l [33mc[39;49m;[K[?12l[?25h[?12;25h[?25l [33mc[39;49m;[K	[?12l[?25h[?12;25h[?25l [33mc[39;49m;[K[?12l[?25h[?12;25h[?25l [33mc[39;49m;[K[?12l[?25h[?12;25h[?25l [33mc[39;49m;[K[?12l[?25h[?12;25h[?25l [33mc[39;49m;[K[?12l[?25h[?12;25h[?25l [33mc[39;49m;[K[?12l[?25h[?12;25h[?25l c;[K[?12l[?25h[?12;25h[?25l[32mi[39;49m [33mc[39;49m;[?12l[?25h[?12;25h[?25l[32mn[39;49m [33mc[39;49m;[?12l[?25h[?12;25h[?25l[32mt[39;49m [33mc[39;49m;[?12l[?25h[?12;25h[35;1H[?25lSaving file /home/thur1/git-repos/i220a/work/lab13/files/stdin-char-count/stdin-char-count.c...[8;6H[?12l[?25h[?12;25h[35;1H[?25lWrote /home/thur1/git-repos/i220a/work/lab13/files/stdin-char-count/stdin-char-count.c[K[8;6H[?12l[?25h[?12;25h[34d[?25l[7m--[0m[39;49m[27m[8;6H[?12l[?25h[?12;25h[35;1H[K[8;6H[35;1H[K[?2004l[?1l>[?12l[?25h[?1049l[23;0;0t[39;49mthur1@remote05:~/git-repos/i220a/work/lab13/files/stdin-char-count$ make
gcc -g -Wall -std=c11 -funsigned-char    stdin-char-count.c   -o stdin-char-count
thur1@remote05:~/git-repos/i220a/work/lab13/files/stdin-char-count$ makeemacs stdin-char-count.c./stdin-char-count <stdin-char-count.c
EOF = -1
197
thur1@remote05:~/git-repos/i220a/work/lab13/files/stdin-char-count$ cd ..
thur1@remote05:~/git-repos/i220a/work/lab13/files$ cd [K[Kl[K[Kls
file-char-count  file-copy  lab13.log  no-buffer-copy  rec-io  stdin-char-count
thur1@remote05:~/git-repos/i220a/work/lab13/files$ cd file-char-count
thur1@remote05:~/git-repos/i220a/work/lab13/files/file-char-count$ ls
file-char-count  file-char-count.c  file-char-count.c~	Makefile
thur1@remote05:~/git-repos/i220a/work/lab13/files/file-char-count$ make
make: 'file-char-count' is up to date.
thur1@remote05:~/git-repos/i220a/work/lab13/files/file-char-count$ ./file-char-count file-char-count c[K.c
578
thur1@remote05:~/git-repos/i220a/work/lab13/files/file-char-count$ wc
^C
thur1@remote05:~/git-repos/i220a/work/lab13/files/file-char-count$ ./file-chr-[K[Kar-count xxx
cannot read xxx: No such file or directory
thur1@remote05:~/git-repos/i220a/work/lab13/files/file-char-count$ emacs[K[K[K[K[Kvalgrind ./file-char-con[Kunt file-c har-count.c
==934== Memcheck, a memory error detector
==934== Copyright (C) 2002-2017, and GNU GPL'd, by Julian Seward et al.
==934== Using Valgrind-3.14.0 and LibVEX; rerun with -h for copyright info
==934== Command: ./file-char-count file-char-count.c
==934== 
578
==934== Invalid read of size 4
==934==    at 0x48F91EA: _IO_flush_all_lockp (genops.c:701)
==934==    by 0x48F9314: _IO_cleanup (genops.c:858)
==934==    by 0x48B4E79: __run_exit_handlers (exit.c:130)
==934==    by 0x48B4EB9: exit (exit.c:139)
==934==    by 0x489F0A1: (below main) (libc-start.c:342)
==934==  Address 0x4a3f100 is 192 bytes inside a block of size 552 free'd
==934==    at 0x48369AB: free (vg_replace_malloc.c:530)
==934==    by 0x10928D: main (file-char-count.c:26)
==934==  Block was alloc'd at
==934==    at 0x483577F: malloc (vg_replace_malloc.c:299)
==934==    by 0x48EB0FA: __fopen_internal (iofopen.c:65)
==934==    by 0x109204: main (file-char-count.c:17)
==934== 
==934== Invalid read of size 8
==934==    at 0x48F91F8: _IO_flush_all_lockp (genops.c:701)
==934==    by 0x48F9314: _IO_cleanup (genops.c:858)
==934==    by 0x48B4E79: __run_exit_handlers (exit.c:130)
==934==    by 0x48B4EB9: exit (exit.c:139)
==934==    by 0x489F0A1: (below main) (libc-start.c:342)
==934==  Address 0x4a3f060 is 32 bytes inside a block of size 552 free'd
==934==    at 0x48369AB: free (vg_replace_malloc.c:530)
==934==    by 0x10928D: main (file-char-count.c:26)
==934==  Block was alloc'd at
==934==    at 0x483577F: malloc (vg_replace_malloc.c:299)
==934==    by 0x48EB0FA: __fopen_internal (iofopen.c:65)
==934==    by 0x109204: main (file-char-count.c:17)
==934== 
==934== Invalid read of size 8
==934==    at 0x48F91FC: _IO_flush_all_lockp (genops.c:701)
==934==    by 0x48F9314: _IO_cleanup (genops.c:858)
==934==    by 0x48B4E79: __run_exit_handlers (exit.c:130)
==934==    by 0x48B4EB9: exit (exit.c:139)
==934==    by 0x489F0A1: (below main) (libc-start.c:342)
==934==  Address 0x4a3f068 is 40 bytes inside a block of size 552 free'd
==934==    at 0x48369AB: free (vg_replace_malloc.c:530)
==934==    by 0x10928D: main (file-char-count.c:26)
==934==  Block was alloc'd at
==934==    at 0x483577F: malloc (vg_replace_malloc.c:299)
==934==    by 0x48EB0FA: __fopen_internal (iofopen.c:65)
==934==    by 0x109204: main (file-char-count.c:17)
==934== 
==934== Invalid read of size 8
==934==    at 0x48F917B: _IO_flush_all_lockp (genops.c:695)
==934==    by 0x48F9314: _IO_cleanup (genops.c:858)
==934==    by 0x48B4E79: __run_exit_handlers (exit.c:130)
==934==    by 0x48B4EB9: exit (exit.c:139)
==934==    by 0x489F0A1: (below main) (libc-start.c:342)
==934==  Address 0x4a3f0a8 is 104 bytes inside a block of size 552 free'd
==934==    at 0x48369AB: free (vg_replace_malloc.c:530)
==934==    by 0x10928D: main (file-char-count.c:26)
==934==  Block was alloc'd at
==934==    at 0x483577F: malloc (vg_replace_malloc.c:299)
==934==    by 0x48EB0FA: __fopen_internal (iofopen.c:65)
==934==    by 0x109204: main (file-char-count.c:17)
==934== 
==934== Invalid read of size 4
==934==    at 0x48F93F8: _IO_unbuffer_all (genops.c:792)
==934==    by 0x48F93F8: _IO_cleanup (genops.c:867)
==934==    by 0x48B4E79: __run_exit_handlers (exit.c:130)
==934==    by 0x48B4EB9: exit (exit.c:139)
==934==    by 0x489F0A1: (below main) (libc-start.c:342)
==934==  Address 0x4a3f040 is 0 bytes inside a block of size 552 free'd
==934==    at 0x48369AB: free (vg_replace_malloc.c:530)
==934==    by 0x10928D: main (file-char-count.c:26)
==934==  Block was alloc'd at
==934==    at 0x483577F: malloc (vg_replace_malloc.c:299)
==934==    by 0x48EB0FA: __fopen_internal (iofopen.c:65)
==934==    by 0x109204: main (file-char-count.c:17)
==934== 
==934== Invalid read of size 4
==934==    at 0x48F9400: _IO_unbuffer_all (genops.c:794)
==934==    by 0x48F9400: _IO_cleanup (genops.c:867)
==934==    by 0x48B4E79: __run_exit_handlers (exit.c:130)
==934==    by 0x48B4EB9: exit (exit.c:139)
==934==    by 0x489F0A1: (below main) (libc-start.c:342)
==934==  Address 0x4a3f100 is 192 bytes inside a block of size 552 free'd
==934==    at 0x48369AB: free (vg_replace_malloc.c:530)
==934==    by 0x10928D: main (file-char-count.c:26)
==934==  Block was alloc'd at
==934==    at 0x483577F: malloc (vg_replace_malloc.c:299)
==934==    by 0x48EB0FA: __fopen_internal (iofopen.c:65)
==934==    by 0x109204: main (file-char-count.c:17)
==934== 
==934== Invalid read of size 8
==934==    at 0x48F940B: _IO_unbuffer_all (genops.c:800)
==934==    by 0x48F940B: _IO_cleanup (genops.c:867)
==934==    by 0x48B4E79: __run_exit_handlers (exit.c:130)
==934==    by 0x48B4EB9: exit (exit.c:139)
==934==    by 0x489F0A1: (below main) (libc-start.c:342)
==934==  Address 0x4a3f0c8 is 136 bytes inside a block of size 552 free'd
==934==    at 0x48369AB: free (vg_replace_malloc.c:530)
==934==    by 0x10928D: main (file-char-count.c:26)
==934==  Block was alloc'd at
==934==    at 0x483577F: malloc (vg_replace_malloc.c:299)
==934==    by 0x48EB0FA: __fopen_internal (iofopen.c:65)
==934==    by 0x109204: main (file-char-count.c:17)
==934== 
==934== Invalid read of size 8
==934==    at 0x48F9417: _IO_unbuffer_all (genops.c:800)
==934==    by 0x48F9417: _IO_cleanup (genops.c:867)
==934==    by 0x48B4E79: __run_exit_handlers (exit.c:130)
==934==    by 0x48B4EB9: exit (exit.c:139)
==934==    by 0x489F0A1: (below main) (libc-start.c:342)
==934==  Address 0x4a3f128 is 232 bytes inside a block of size 552 free'd
==934==    at 0x48369AB: free (vg_replace_malloc.c:530)
==934==    by 0x10928D: main (file-char-count.c:26)
==934==  Block was alloc'd at
==934==    at 0x483577F: malloc (vg_replace_malloc.c:299)
==934==    by 0x48EB0FA: __fopen_internal (iofopen.c:65)
==934==    by 0x109204: main (file-char-count.c:17)
==934== 
==934== Invalid read of size 4
==934==    at 0x48F9437: _IO_unbuffer_all (genops.c:800)
==934==    by 0x48F9437: _IO_cleanup (genops.c:867)
==934==    by 0x48B4E79: __run_exit_handlers (exit.c:130)
==934==    by 0x48B4EB9: exit (exit.c:139)
==934==    by 0x489F0A1: (below main) (libc-start.c:342)
==934==  Address 0x4a3f120 is 224 bytes inside a block of size 552 free'd
==934==    at 0x48369AB: free (vg_replace_malloc.c:530)
==934==    by 0x10928D: main (file-char-count.c:26)
==934==  Block was alloc'd at
==934==    at 0x483577F: malloc (vg_replace_malloc.c:299)
==934==    by 0x48EB0FA: __fopen_internal (iofopen.c:65)
==934==    by 0x109204: main (file-char-count.c:17)
==934== 
==934== Invalid read of size 8
==934==    at 0x48F9628: _IO_unbuffer_all (genops.c:800)
==934==    by 0x48F9628: _IO_cleanup (genops.c:867)
==934==    by 0x48B4E79: __run_exit_handlers (exit.c:130)
==934==    by 0x48B4EB9: exit (exit.c:139)
==934==    by 0x489F0A1: (below main) (libc-start.c:342)
==934==  Address 0x4a3f0c8 is 136 bytes inside a block of size 552 free'd
==934==    at 0x48369AB: free (vg_replace_malloc.c:530)
==934==    by 0x10928D: main (file-char-count.c:26)
==934==  Block was alloc'd at
==934==    at 0x483577F: malloc (vg_replace_malloc.c:299)
==934==    by 0x48EB0FA: __fopen_internal (iofopen.c:65)
==934==    by 0x109204: main (file-char-count.c:17)
==934== 
==934== Invalid write of size 8
==934==    at 0x48F962F: _IO_unbuffer_all (genops.c:800)
==934==    by 0x48F962F: _IO_cleanup (genops.c:867)
==934==    by 0x48B4E79: __run_exit_handlers (exit.c:130)
==934==    by 0x48B4EB9: exit (exit.c:139)
==934==    by 0x489F0A1: (below main) (libc-start.c:342)
==934==  Address 0x4a3f128 is 232 bytes inside a block of size 552 free'd
==934==    at 0x48369AB: free (vg_replace_malloc.c:530)
==934==    by 0x10928D: main (file-char-count.c:26)
==934==  Block was alloc'd at
==934==    at 0x483577F: malloc (vg_replace_malloc.c:299)
==934==    by 0x48EB0FA: __fopen_internal (iofopen.c:65)
==934==    by 0x109204: main (file-char-count.c:17)
==934== 
==934== Invalid write of size 4
==934==    at 0x48F9633: _IO_unbuffer_all (genops.c:800)
==934==    by 0x48F9633: _IO_cleanup (genops.c:867)
==934==    by 0x48B4E79: __run_exit_handlers (exit.c:130)
==934==    by 0x48B4EB9: exit (exit.c:139)
==934==    by 0x489F0A1: (below main) (libc-start.c:342)
==934==  Address 0x4a3f124 is 228 bytes inside a block of size 552 free'd
==934==    at 0x48369AB: free (vg_replace_malloc.c:530)
==934==    by 0x10928D: main (file-char-count.c:26)
==934==  Block was alloc'd at
==934==    at 0x483577F: malloc (vg_replace_malloc.c:299)
==934==    by 0x48EB0FA: __fopen_internal (iofopen.c:65)
==934==    by 0x109204: main (file-char-count.c:17)
==934== 
==934== Invalid read of size 4
==934==    at 0x48F945E: _IO_unbuffer_all (genops.c:808)
==934==    by 0x48F945E: _IO_cleanup (genops.c:867)
==934==    by 0x48B4E79: __run_exit_handlers (exit.c:130)
==934==    by 0x48B4EB9: exit (exit.c:139)
==934==    by 0x489F0A1: (below main) (libc-start.c:342)
==934==  Address 0x4a3f040 is 0 bytes inside a block of size 552 free'd
==934==    at 0x48369AB: free (vg_replace_malloc.c:530)
==934==    by 0x10928D: main (file-char-count.c:26)
==934==  Block was alloc'd at
==934==    at 0x483577F: malloc (vg_replace_malloc.c:299)
==934==    by 0x48EB0FA: __fopen_internal (iofopen.c:65)
==934==    by 0x109204: main (file-char-count.c:17)
==934== 
==934== Invalid write of size 4
==934==    at 0x48F95B3: _IO_unbuffer_all (genops.c:810)
==934==    by 0x48F95B3: _IO_cleanup (genops.c:867)
==934==    by 0x48B4E79: __run_exit_handlers (exit.c:130)
==934==    by 0x48B4EB9: exit (exit.c:139)
==934==    by 0x489F0A1: (below main) (libc-start.c:342)
==934==  Address 0x4a3f040 is 0 bytes inside a block of size 552 free'd
==934==    at 0x48369AB: free (vg_replace_malloc.c:530)
==934==    by 0x10928D: main (file-char-count.c:26)
==934==  Block was alloc'd at
==934==    at 0x483577F: malloc (vg_replace_malloc.c:299)
==934==    by 0x48EB0FA: __fopen_internal (iofopen.c:65)
==934==    by 0x109204: main (file-char-count.c:17)
==934== 
==934== Invalid write of size 8
==934==    at 0x48F95C4: _IO_unbuffer_all (genops.c:812)
==934==    by 0x48F95C4: _IO_cleanup (genops.c:867)
==934==    by 0x48B4E79: __run_exit_handlers (exit.c:130)
==934==    by 0x48B4EB9: exit (exit.c:139)
==934==    by 0x489F0A1: (below main) (libc-start.c:342)
==934==  Address 0x4a3f0e8 is 168 bytes inside a block of size 552 free'd
==934==    at 0x48369AB: free (vg_replace_malloc.c:530)
==934==    by 0x10928D: main (file-char-count.c:26)
==934==  Block was alloc'd at
==934==    at 0x483577F: malloc (vg_replace_malloc.c:299)
==934==    by 0x48EB0FA: __fopen_internal (iofopen.c:65)
==934==    by 0x109204: main (file-char-count.c:17)
==934== 
==934== Invalid read of size 8
==934==    at 0x48F95CB: _IO_unbuffer_all (genops.c:814)
==934==    by 0x48F95CB: _IO_cleanup (genops.c:867)
==934==    by 0x48B4E79: __run_exit_handlers (exit.c:130)
==934==    by 0x48B4EB9: exit (exit.c:139)
==934==    by 0x489F0A1: (below main) (libc-start.c:342)
==934==  Address 0x4a3f078 is 56 bytes inside a block of size 552 free'd
==934==    at 0x48369AB: free (vg_replace_malloc.c:530)
==934==    by 0x10928D: main (file-char-count.c:26)
==934==  Block was alloc'd at
==934==    at 0x483577F: malloc (vg_replace_malloc.c:299)
==934==    by 0x48EB0FA: __fopen_internal (iofopen.c:65)
==934==    by 0x109204: main (file-char-count.c:17)
==934== 
==934== Invalid write of size 8
==934==    at 0x48F95CF: _IO_unbuffer_all (genops.c:814)
==934==    by 0x48F95CF: _IO_cleanup (genops.c:867)
==934==    by 0x48B4E79: __run_exit_handlers (exit.c:130)
==934==    by 0x48B4EB9: exit (exit.c:139)
==934==    by 0x489F0A1: (below main) (libc-start.c:342)
==934==  Address 0x4a3f0f0 is 176 bytes inside a block of size 552 free'd
==934==    at 0x48369AB: free (vg_replace_malloc.c:530)
==934==    by 0x10928D: main (file-char-count.c:26)
==934==  Block was alloc'd at
==934==    at 0x483577F: malloc (vg_replace_malloc.c:299)
==934==    by 0x48EB0FA: __fopen_internal (iofopen.c:65)
==934==    by 0x109204: main (file-char-count.c:17)
==934== 
==934== Invalid read of size 8
==934==    at 0x48F9469: _IO_unbuffer_all (genops.c:817)
==934==    by 0x48F9469: _IO_cleanup (genops.c:867)
==934==    by 0x48B4E79: __run_exit_handlers (exit.c:130)
==934==    by 0x48B4EB9: exit (exit.c:139)
==934==    by 0x489F0A1: (below main) (libc-start.c:342)
==934==  Address 0x4a3f118 is 216 bytes inside a block of size 552 free'd
==934==    at 0x48369AB: free (vg_replace_malloc.c:530)
==934==    by 0x10928D: main (file-char-count.c:26)
==934==  Block was alloc'd at
==934==    at 0x483577F: malloc (vg_replace_malloc.c:299)
==934==    by 0x48EB0FA: __fopen_internal (iofopen.c:65)
==934==    by 0x109204: main (file-char-count.c:17)
==934== 
==934== Invalid read of size 8
==934==    at 0x48F8A34: _IO_default_setbuf (genops.c:453)
==934==    by 0x48F5678: _IO_file_setbuf@@GLIBC_2.2.5 (fileops.c:390)
==934==    by 0x48F9488: _IO_unbuffer_all (genops.c:817)
==934==    by 0x48F9488: _IO_cleanup (genops.c:867)
==934==    by 0x48B4E79: __run_exit_handlers (exit.c:130)
==934==    by 0x48B4EB9: exit (exit.c:139)
==934==    by 0x489F0A1: (below main) (libc-start.c:342)
==934==  Address 0x4a3f118 is 216 bytes inside a block of size 552 free'd
==934==    at 0x48369AB: free (vg_replace_malloc.c:530)
==934==    by 0x10928D: main (file-char-count.c:26)
==934==  Block was alloc'd at
==934==    at 0x483577F: malloc (vg_replace_malloc.c:299)
==934==    by 0x48EB0FA: __fopen_internal (iofopen.c:65)
==934==    by 0x109204: main (file-char-count.c:17)
==934== 
==934== Invalid read of size 8
==934==    at 0x48F5579: _IO_file_sync@@GLIBC_2.2.5 (fileops.c:805)
==934==    by 0x48F8A51: _IO_default_setbuf (genops.c:453)
==934==    by 0x48F5678: _IO_file_setbuf@@GLIBC_2.2.5 (fileops.c:390)
==934==    by 0x48F9488: _IO_unbuffer_all (genops.c:817)
==934==    by 0x48F9488: _IO_cleanup (genops.c:867)
==934==    by 0x48B4E79: __run_exit_handlers (exit.c:130)
==934==    by 0x48B4EB9: exit (exit.c:139)
==934==    by 0x489F0A1: (below main) (libc-start.c:342)
==934==  Address 0x4a3f068 is 40 bytes inside a block of size 552 free'd
==934==    at 0x48369AB: free (vg_replace_malloc.c:530)
==934==    by 0x10928D: main (file-char-count.c:26)
==934==  Block was alloc'd at
==934==    at 0x483577F: malloc (vg_replace_malloc.c:299)
==934==    by 0x48EB0FA: __fopen_internal (iofopen.c:65)
==934==    by 0x109204: main (file-char-count.c:17)
==934== 
==934== Invalid read of size 8
==934==    at 0x48F557D: _IO_file_sync@@GLIBC_2.2.5 (fileops.c:805)
==934==    by 0x48F8A51: _IO_default_setbuf (genops.c:453)
==934==    by 0x48F5678: _IO_file_setbuf@@GLIBC_2.2.5 (fileops.c:390)
==934==    by 0x48F9488: _IO_unbuffer_all (genops.c:817)
==934==    by 0x48F9488: _IO_cleanup (genops.c:867)
==934==    by 0x48B4E79: __run_exit_handlers (exit.c:130)
==934==    by 0x48B4EB9: exit (exit.c:139)
==934==    by 0x489F0A1: (below main) (libc-start.c:342)
==934==  Address 0x4a3f060 is 32 bytes inside a block of size 552 free'd
==934==    at 0x48369AB: free (vg_replace_malloc.c:530)
==934==    by 0x10928D: main (file-char-count.c:26)
==934==  Block was alloc'd at
==934==    at 0x483577F: malloc (vg_replace_malloc.c:299)
==934==    by 0x48EB0FA: __fopen_internal (iofopen.c:65)
==934==    by 0x109204: main (file-char-count.c:17)
==934== 
==934== Invalid read of size 8
==934==    at 0x48F55BC: _IO_file_sync@@GLIBC_2.2.5 (fileops.c:807)
==934==    by 0x48F8A51: _IO_default_setbuf (genops.c:453)
==934==    by 0x48F5678: _IO_file_setbuf@@GLIBC_2.2.5 (fileops.c:390)
==934==    by 0x48F9488: _IO_unbuffer_all (genops.c:817)
==934==    by 0x48F9488: _IO_cleanup (genops.c:867)
==934==    by 0x48B4E79: __run_exit_handlers (exit.c:130)
==934==    by 0x48B4EB9: exit (exit.c:139)
==934==    by 0x489F0A1: (below main) (libc-start.c:342)
==934==  Address 0x4a3f048 is 8 bytes inside a block of size 552 free'd
==934==    at 0x48369AB: free (vg_replace_malloc.c:530)
==934==    by 0x10928D: main (file-char-count.c:26)
==934==  Block was alloc'd at
==934==    at 0x483577F: malloc (vg_replace_malloc.c:299)
==934==    by 0x48EB0FA: __fopen_internal (iofopen.c:65)
==934==    by 0x109204: main (file-char-count.c:17)
==934== 
==934== Invalid read of size 8
==934==    at 0x48F55C0: _IO_file_sync@@GLIBC_2.2.5 (fileops.c:808)
==934==    by 0x48F8A51: _IO_default_setbuf (genops.c:453)
==934==    by 0x48F5678: _IO_file_setbuf@@GLIBC_2.2.5 (fileops.c:390)
==934==    by 0x48F9488: _IO_unbuffer_all (genops.c:817)
==934==    by 0x48F9488: _IO_cleanup (genops.c:867)
==934==    by 0x48B4E79: __run_exit_handlers (exit.c:130)
==934==    by 0x48B4EB9: exit (exit.c:139)
==934==    by 0x489F0A1: (below main) (libc-start.c:342)
==934==  Address 0x4a3f050 is 16 bytes inside a block of size 552 free'd
==934==    at 0x48369AB: free (vg_replace_malloc.c:530)
==934==    by 0x10928D: main (file-char-count.c:26)
==934==  Block was alloc'd at
==934==    at 0x483577F: malloc (vg_replace_malloc.c:299)
==934==    by 0x48EB0FA: __fopen_internal (iofopen.c:65)
==934==    by 0x109204: main (file-char-count.c:17)
==934== 
==934== Invalid write of size 8
==934==    at 0x48F5605: _IO_file_sync@@GLIBC_2.2.5 (fileops.c:819)
==934==    by 0x48F8A51: _IO_default_setbuf (genops.c:453)
==934==    by 0x48F5678: _IO_file_setbuf@@GLIBC_2.2.5 (fileops.c:390)
==934==    by 0x48F9488: _IO_unbuffer_all (genops.c:817)
==934==    by 0x48F9488: _IO_cleanup (genops.c:867)
==934==    by 0x48B4E79: __run_exit_handlers (exit.c:130)
==934==    by 0x48B4EB9: exit (exit.c:139)
==934==    by 0x489F0A1: (below main) (libc-start.c:342)
==934==  Address 0x4a3f0d0 is 144 bytes inside a block of size 552 free'd
==934==    at 0x48369AB: free (vg_replace_malloc.c:530)
==934==    by 0x10928D: main (file-char-count.c:26)
==934==  Block was alloc'd at
==934==    at 0x483577F: malloc (vg_replace_malloc.c:299)
==934==    by 0x48EB0FA: __fopen_internal (iofopen.c:65)
==934==    by 0x109204: main (file-char-count.c:17)
==934== 
==934== Invalid read of size 4
==934==    at 0x48F8A5B: _IO_default_setbuf (genops.c:455)
==934==    by 0x48F5678: _IO_file_setbuf@@GLIBC_2.2.5 (fileops.c:390)
==934==    by 0x48F9488: _IO_unbuffer_all (genops.c:817)
==934==    by 0x48F9488: _IO_cleanup (genops.c:867)
==934==    by 0x48B4E79: __run_exit_handlers (exit.c:130)
==934==    by 0x48B4EB9: exit (exit.c:139)
==934==    by 0x489F0A1: (below main) (libc-start.c:342)
==934==  Address 0x4a3f040 is 0 bytes inside a block of size 552 free'd
==934==    at 0x48369AB: free (vg_replace_malloc.c:530)
==934==    by 0x10928D: main (file-char-count.c:26)
==934==  Block was alloc'd at
==934==    at 0x483577F: malloc (vg_replace_malloc.c:299)
==934==    by 0x48EB0FA: __fopen_internal (iofopen.c:65)
==934==    by 0x109204: main (file-char-count.c:17)
==934== 
==934== Invalid read of size 8
==934==    at 0x48F8A5D: _IO_default_setbuf (genops.c:455)
==934==    by 0x48F5678: _IO_file_setbuf@@GLIBC_2.2.5 (fileops.c:390)
==934==    by 0x48F9488: _IO_unbuffer_all (genops.c:817)
==934==    by 0x48F9488: _IO_cleanup (genops.c:867)
==934==    by 0x48B4E79: __run_exit_handlers (exit.c:130)
==934==    by 0x48B4EB9: exit (exit.c:139)
==934==    by 0x489F0A1: (below main) (libc-start.c:342)
==934==  Address 0x4a3f078 is 56 bytes inside a block of size 552 free'd
==934==    at 0x48369AB: free (vg_replace_malloc.c:530)
==934==    by 0x10928D: main (file-char-count.c:26)
==934==  Block was alloc'd at
==934==    at 0x483577F: malloc (vg_replace_malloc.c:299)
==934==    by 0x48EB0FA: __fopen_internal (iofopen.c:65)
==934==    by 0x109204: main (file-char-count.c:17)
==934== 
==934== Invalid write of size 4
==934==    at 0x48F8AE1: _IO_default_setbuf (genops.c:457)
==934==    by 0x48F5678: _IO_file_setbuf@@GLIBC_2.2.5 (fileops.c:390)
==934==    by 0x48F9488: _IO_unbuffer_all (genops.c:817)
==934==    by 0x48F9488: _IO_cleanup (genops.c:867)
==934==    by 0x48B4E79: __run_exit_handlers (exit.c:130)
==934==    by 0x48B4EB9: exit (exit.c:139)
==934==    by 0x489F0A1: (below main) (libc-start.c:342)
==934==  Address 0x4a3f040 is 0 bytes inside a block of size 552 free'd
==934==    at 0x48369AB: free (vg_replace_malloc.c:530)
==934==    by 0x10928D: main (file-char-count.c:26)
==934==  Block was alloc'd at
==934==    at 0x483577F: malloc (vg_replace_malloc.c:299)
==934==    by 0x48EB0FA: __fopen_internal (iofopen.c:65)
==934==    by 0x109204: main (file-char-count.c:17)
==934== 
==934== Invalid write of size 8
==934==    at 0x48F8AEF: _IO_setb (genops.c:332)
==934==    by 0x48F8AEF: _IO_default_setbuf (genops.c:458)
==934==    by 0x48F5678: _IO_file_setbuf@@GLIBC_2.2.5 (fileops.c:390)
==934==    by 0x48F9488: _IO_unbuffer_all (genops.c:817)
==934==    by 0x48F9488: _IO_cleanup (genops.c:867)
==934==    by 0x48B4E79: __run_exit_handlers (exit.c:130)
==934==    by 0x48B4EB9: exit (exit.c:139)
==934==    by 0x489F0A1: (below main) (libc-start.c:342)
==934==  Address 0x4a3f078 is 56 bytes inside a block of size 552 free'd
==934==    at 0x48369AB: free (vg_replace_malloc.c:530)
==934==    by 0x10928D: main (file-char-count.c:26)
==934==  Block was alloc'd at
==934==    at 0x483577F: malloc (vg_replace_malloc.c:299)
==934==    by 0x48EB0FA: __fopen_internal (iofopen.c:65)
==934==    by 0x109204: main (file-char-count.c:17)
==934== 
==934== Invalid write of size 8
==934==    at 0x48F8AF3: _IO_setb (genops.c:333)
==934==    by 0x48F8AF3: _IO_default_setbuf (genops.c:458)
==934==    by 0x48F5678: _IO_file_setbuf@@GLIBC_2.2.5 (fileops.c:390)
==934==    by 0x48F9488: _IO_unbuffer_all (genops.c:817)
==934==    by 0x48F9488: _IO_cleanup (genops.c:867)
==934==    by 0x48B4E79: __run_exit_handlers (exit.c:130)
==934==    by 0x48B4EB9: exit (exit.c:139)
==934==    by 0x489F0A1: (below main) (libc-start.c:342)
==934==  Address 0x4a3f080 is 64 bytes inside a block of size 552 free'd
==934==    at 0x48369AB: free (vg_replace_malloc.c:530)
==934==    by 0x10928D: main (file-char-count.c:26)
==934==  Block was alloc'd at
==934==    at 0x483577F: malloc (vg_replace_malloc.c:299)
==934==    by 0x48EB0FA: __fopen_internal (iofopen.c:65)
==934==    by 0x109204: main (file-char-count.c:17)
==934== 
==934== Invalid write of size 4
==934==    at 0x48F8AF7: _IO_setb (genops.c:337)
==934==    by 0x48F8AF7: _IO_default_setbuf (genops.c:458)
==934==    by 0x48F5678: _IO_file_setbuf@@GLIBC_2.2.5 (fileops.c:390)
==934==    by 0x48F9488: _IO_unbuffer_all (genops.c:817)
==934==    by 0x48F9488: _IO_cleanup (genops.c:867)
==934==    by 0x48B4E79: __run_exit_handlers (exit.c:130)
==934==    by 0x48B4EB9: exit (exit.c:139)
==934==    by 0x489F0A1: (below main) (libc-start.c:342)
==934==  Address 0x4a3f040 is 0 bytes inside a block of size 552 free'd
==934==    at 0x48369AB: free (vg_replace_malloc.c:530)
==934==    by 0x10928D: main (file-char-count.c:26)
==934==  Block was alloc'd at
==934==    at 0x483577F: malloc (vg_replace_malloc.c:299)
==934==    by 0x48EB0FA: __fopen_internal (iofopen.c:65)
==934==    by 0x109204: main (file-char-count.c:17)
==934== 
==934== Invalid write of size 8
==934==    at 0x48F8A8F: _IO_default_setbuf (genops.c:465)
==934==    by 0x48F5678: _IO_file_setbuf@@GLIBC_2.2.5 (fileops.c:390)
==934==    by 0x48F9488: _IO_unbuffer_all (genops.c:817)
==934==    by 0x48F9488: _IO_cleanup (genops.c:867)
==934==    by 0x48B4E79: __run_exit_handlers (exit.c:130)
==934==    by 0x48B4EB9: exit (exit.c:139)
==934==    by 0x489F0A1: (below main) (libc-start.c:342)
==934==  Address 0x4a3f070 is 48 bytes inside a block of size 552 free'd
==934==    at 0x48369AB: free (vg_replace_malloc.c:530)
==934==    by 0x10928D: main (file-char-count.c:26)
==934==  Block was alloc'd at
==934==    at 0x483577F: malloc (vg_replace_malloc.c:299)
==934==    by 0x48EB0FA: __fopen_internal (iofopen.c:65)
==934==    by 0x109204: main (file-char-count.c:17)
==934== 
==934== Invalid write of size 8
==934==    at 0x48F8A9A: _IO_default_setbuf (genops.c:465)
==934==    by 0x48F5678: _IO_file_setbuf@@GLIBC_2.2.5 (fileops.c:390)
==934==    by 0x48F9488: _IO_unbuffer_all (genops.c:817)
==934==    by 0x48F9488: _IO_cleanup (genops.c:867)
==934==    by 0x48B4E79: __run_exit_handlers (exit.c:130)
==934==    by 0x48B4EB9: exit (exit.c:139)
==934==    by 0x489F0A1: (below main) (libc-start.c:342)
==934==  Address 0x4a3f068 is 40 bytes inside a block of size 552 free'd
==934==    at 0x48369AB: free (vg_replace_malloc.c:530)
==934==    by 0x10928D: main (file-char-count.c:26)
==934==  Block was alloc'd at
==934==    at 0x483577F: malloc (vg_replace_malloc.c:299)
==934==    by 0x48EB0FA: __fopen_internal (iofopen.c:65)
==934==    by 0x109204: main (file-char-count.c:17)
==934== 
==934== Invalid write of size 8
==934==    at 0x48F8AA2: _IO_default_setbuf (genops.c:465)
==934==    by 0x48F5678: _IO_file_setbuf@@GLIBC_2.2.5 (fileops.c:390)
==934==    by 0x48F9488: _IO_unbuffer_all (genops.c:817)
==934==    by 0x48F9488: _IO_cleanup (genops.c:867)
==934==    by 0x48B4E79: __run_exit_handlers (exit.c:130)
==934==    by 0x48B4EB9: exit (exit.c:139)
==934==    by 0x489F0A1: (below main) (libc-start.c:342)
==934==  Address 0x4a3f060 is 32 bytes inside a block of size 552 free'd
==934==    at 0x48369AB: free (vg_replace_malloc.c:530)
==934==    by 0x10928D: main (file-char-count.c:26)
==934==  Block was alloc'd at
==934==    at 0x483577F: malloc (vg_replace_malloc.c:299)
==934==    by 0x48EB0FA: __fopen_internal (iofopen.c:65)
==934==    by 0x109204: main (file-char-count.c:17)
==934== 
==934== Invalid write of size 8
==934==    at 0x48F8AAA: _IO_default_setbuf (genops.c:466)
==934==    by 0x48F5678: _IO_file_setbuf@@GLIBC_2.2.5 (fileops.c:390)
==934==    by 0x48F9488: _IO_unbuffer_all (genops.c:817)
==934==    by 0x48F9488: _IO_cleanup (genops.c:867)
==934==    by 0x48B4E79: __run_exit_handlers (exit.c:130)
==934==    by 0x48B4EB9: exit (exit.c:139)
==934==    by 0x489F0A1: (below main) (libc-start.c:342)
==934==  Address 0x4a3f050 is 16 bytes inside a block of size 552 free'd
==934==    at 0x48369AB: free (vg_replace_malloc.c:530)
==934==    by 0x10928D: main (file-char-count.c:26)
==934==  Block was alloc'd at
==934==    at 0x483577F: malloc (vg_replace_malloc.c:299)
==934==    by 0x48EB0FA: __fopen_internal (iofopen.c:65)
==934==    by 0x109204: main (file-char-count.c:17)
==934== 
==934== Invalid write of size 8
==934==    at 0x48F8AB2: _IO_default_setbuf (genops.c:466)
==934==    by 0x48F5678: _IO_file_setbuf@@GLIBC_2.2.5 (fileops.c:390)
==934==    by 0x48F9488: _IO_unbuffer_all (genops.c:817)
==934==    by 0x48F9488: _IO_cleanup (genops.c:867)
==934==    by 0x48B4E79: __run_exit_handlers (exit.c:130)
==934==    by 0x48B4EB9: exit (exit.c:139)
==934==    by 0x489F0A1: (below main) (libc-start.c:342)
==934==  Address 0x4a3f048 is 8 bytes inside a block of size 552 free'd
==934==    at 0x48369AB: free (vg_replace_malloc.c:530)
==934==    by 0x10928D: main (file-char-count.c:26)
==934==  Block was alloc'd at
==934==    at 0x483577F: malloc (vg_replace_malloc.c:299)
==934==    by 0x48EB0FA: __fopen_internal (iofopen.c:65)
==934==    by 0x109204: main (file-char-count.c:17)
==934== 
==934== Invalid write of size 8
==934==    at 0x48F8ABA: _IO_default_setbuf (genops.c:466)
==934==    by 0x48F5678: _IO_file_setbuf@@GLIBC_2.2.5 (fileops.c:390)
==934==    by 0x48F9488: _IO_unbuffer_all (genops.c:817)
==934==    by 0x48F9488: _IO_cleanup (genops.c:867)
==934==    by 0x48B4E79: __run_exit_handlers (exit.c:130)
==934==    by 0x48B4EB9: exit (exit.c:139)
==934==    by 0x489F0A1: (below main) (libc-start.c:342)
==934==  Address 0x4a3f058 is 24 bytes inside a block of size 552 free'd
==934==    at 0x48369AB: free (vg_replace_malloc.c:530)
==934==    by 0x10928D: main (file-char-count.c:26)
==934==  Block was alloc'd at
==934==    at 0x483577F: malloc (vg_replace_malloc.c:299)
==934==    by 0x48EB0FA: __fopen_internal (iofopen.c:65)
==934==    by 0x109204: main (file-char-count.c:17)
==934== 
==934== Invalid read of size 8
==934==    at 0x48F567E: _IO_file_setbuf@@GLIBC_2.2.5 (fileops.c:394)
==934==    by 0x48F9488: _IO_unbuffer_all (genops.c:817)
==934==    by 0x48F9488: _IO_cleanup (genops.c:867)
==934==    by 0x48B4E79: __run_exit_handlers (exit.c:130)
==934==    by 0x48B4EB9: exit (exit.c:139)
==934==    by 0x489F0A1: (below main) (libc-start.c:342)
==934==  Address 0x4a3f078 is 56 bytes inside a block of size 552 free'd
==934==    at 0x48369AB: free (vg_replace_malloc.c:530)
==934==    by 0x10928D: main (file-char-count.c:26)
==934==  Block was alloc'd at
==934==    at 0x483577F: malloc (vg_replace_malloc.c:299)
==934==    by 0x48EB0FA: __fopen_internal (iofopen.c:65)
==934==    by 0x109204: main (file-char-count.c:17)
==934== 
==934== Invalid write of size 8
==934==    at 0x48F5682: _IO_file_setbuf@@GLIBC_2.2.5 (fileops.c:394)
==934==    by 0x48F9488: _IO_unbuffer_all (genops.c:817)
==934==    by 0x48F9488: _IO_cleanup (genops.c:867)
==934==    by 0x48B4E79: __run_exit_handlers (exit.c:130)
==934==    by 0x48B4EB9: exit (exit.c:139)
==934==    by 0x489F0A1: (below main) (libc-start.c:342)
==934==  Address 0x4a3f070 is 48 bytes inside a block of size 552 free'd
==934==    at 0x48369AB: free (vg_replace_malloc.c:530)
==934==    by 0x10928D: main (file-char-count.c:26)
==934==  Block was alloc'd at
==934==    at 0x483577F: malloc (vg_replace_malloc.c:299)
==934==    by 0x48EB0FA: __fopen_internal (iofopen.c:65)
==934==    by 0x109204: main (file-char-count.c:17)
==934== 
==934== Invalid write of size 8
==934==    at 0x48F5686: _IO_file_setbuf@@GLIBC_2.2.5 (fileops.c:393)
==934==    by 0x48F9488: _IO_unbuffer_all (genops.c:817)
==934==    by 0x48F9488: _IO_cleanup (genops.c:867)
==934==    by 0x48B4E79: __run_exit_handlers (exit.c:130)
==934==    by 0x48B4EB9: exit (exit.c:139)
==934==    by 0x489F0A1: (below main) (libc-start.c:342)
==934==  Address 0x4a3f068 is 40 bytes inside a block of size 552 free'd
==934==    at 0x48369AB: free (vg_replace_malloc.c:530)
==934==    by 0x10928D: main (file-char-count.c:26)
==934==  Block was alloc'd at
==934==    at 0x483577F: malloc (vg_replace_malloc.c:299)
==934==    by 0x48EB0FA: __fopen_internal (iofopen.c:65)
==934==    by 0x109204: main (file-char-count.c:17)
==934== 
==934== Invalid write of size 8
==934==    at 0x48F568A: _IO_file_setbuf@@GLIBC_2.2.5 (fileops.c:393)
==934==    by 0x48F9488: _IO_unbuffer_all (genops.c:817)
==934==    by 0x48F9488: _IO_cleanup (genops.c:867)
==934==    by 0x48B4E79: __run_exit_handlers (exit.c:130)
==934==    by 0x48B4EB9: exit (exit.c:139)
==934==    by 0x489F0A1: (below main) (libc-start.c:342)
==934==  Address 0x4a3f060 is 32 bytes inside a block of size 552 free'd
==934==    at 0x48369AB: free (vg_replace_malloc.c:530)
==934==    by 0x10928D: main (file-char-count.c:26)
==934==  Block was alloc'd at
==934==    at 0x483577F: malloc (vg_replace_malloc.c:299)
==934==    by 0x48EB0FA: __fopen_internal (iofopen.c:65)
==934==    by 0x109204: main (file-char-count.c:17)
==934== 
==934== Invalid write of size 8
==934==    at 0x48F568E: _IO_file_setbuf@@GLIBC_2.2.5 (fileops.c:395)
==934==    by 0x48F9488: _IO_unbuffer_all (genops.c:817)
==934==    by 0x48F9488: _IO_cleanup (genops.c:867)
==934==    by 0x48B4E79: __run_exit_handlers (exit.c:130)
==934==    by 0x48B4EB9: exit (exit.c:139)
==934==    by 0x489F0A1: (below main) (libc-start.c:342)
==934==  Address 0x4a3f058 is 24 bytes inside a block of size 552 free'd
==934==    at 0x48369AB: free (vg_replace_malloc.c:530)
==934==    by 0x10928D: main (file-char-count.c:26)
==934==  Block was alloc'd at
==934==    at 0x483577F: malloc (vg_replace_malloc.c:299)
==934==    by 0x48EB0FA: __fopen_internal (iofopen.c:65)
==934==    by 0x109204: main (file-char-count.c:17)
==934== 
==934== Invalid write of size 8
==934==    at 0x48F5692: _IO_file_setbuf@@GLIBC_2.2.5 (fileops.c:395)
==934==    by 0x48F9488: _IO_unbuffer_all (genops.c:817)
==934==    by 0x48F9488: _IO_cleanup (genops.c:867)
==934==    by 0x48B4E79: __run_exit_handlers (exit.c:130)
==934==    by 0x48B4EB9: exit (exit.c:139)
==934==    by 0x489F0A1: (below main) (libc-start.c:342)
==934==  Address 0x4a3f048 is 8 bytes inside a block of size 552 free'd
==934==    at 0x48369AB: free (vg_replace_malloc.c:530)
==934==    by 0x10928D: main (file-char-count.c:26)
==934==  Block was alloc'd at
==934==    at 0x483577F: malloc (vg_replace_malloc.c:299)
==934==    by 0x48EB0FA: __fopen_internal (iofopen.c:65)
==934==    by 0x109204: main (file-char-count.c:17)
==934== 
==934== Invalid write of size 8
==934==    at 0x48F5696: _IO_file_setbuf@@GLIBC_2.2.5 (fileops.c:395)
==934==    by 0x48F9488: _IO_unbuffer_all (genops.c:817)
==934==    by 0x48F9488: _IO_cleanup (genops.c:867)
==934==    by 0x48B4E79: __run_exit_handlers (exit.c:130)
==934==    by 0x48B4EB9: exit (exit.c:139)
==934==    by 0x489F0A1: (below main) (libc-start.c:342)
==934==  Address 0x4a3f050 is 16 bytes inside a block of size 552 free'd
==934==    at 0x48369AB: free (vg_replace_malloc.c:530)
==934==    by 0x10928D: main (file-char-count.c:26)
==934==  Block was alloc'd at
==934==    at 0x483577F: malloc (vg_replace_malloc.c:299)
==934==    by 0x48EB0FA: __fopen_internal (iofopen.c:65)
==934==    by 0x109204: main (file-char-count.c:17)
==934== 
==934== Invalid read of size 4
==934==    at 0x48F9489: _IO_unbuffer_all (genops.c:819)
==934==    by 0x48F9489: _IO_cleanup (genops.c:867)
==934==    by 0x48B4E79: __run_exit_handlers (exit.c:130)
==934==    by 0x48B4EB9: exit (exit.c:139)
==934==    by 0x489F0A1: (below main) (libc-start.c:342)
==934==  Address 0x4a3f100 is 192 bytes inside a block of size 552 free'd
==934==    at 0x48369AB: free (vg_replace_malloc.c:530)
==934==    by 0x10928D: main (file-char-count.c:26)
==934==  Block was alloc'd at
==934==    at 0x483577F: malloc (vg_replace_malloc.c:299)
==934==    by 0x48EB0FA: __fopen_internal (iofopen.c:65)
==934==    by 0x109204: main (file-char-count.c:17)
==934== 
==934== Invalid read of size 8
==934==    at 0x48F94AB: _IO_unbuffer_all (genops.c:823)
==934==    by 0x48F94AB: _IO_cleanup (genops.c:867)
==934==    by 0x48B4E79: __run_exit_handlers (exit.c:130)
==934==    by 0x48B4EB9: exit (exit.c:139)
==934==    by 0x489F0A1: (below main) (libc-start.c:342)
==934==  Address 0x4a3f0c8 is 136 bytes inside a block of size 552 free'd
==934==    at 0x48369AB: free (vg_replace_malloc.c:530)
==934==    by 0x10928D: main (file-char-count.c:26)
==934==  Block was alloc'd at
==934==    at 0x483577F: malloc (vg_replace_malloc.c:299)
==934==    by 0x48EB0FA: __fopen_internal (iofopen.c:65)
==934==    by 0x109204: main (file-char-count.c:17)
==934== 
==934== Invalid read of size 4
==934==    at 0x48F94BB: _IO_unbuffer_all (genops.c:824)
==934==    by 0x48F94BB: _IO_cleanup (genops.c:867)
==934==    by 0x48B4E79: __run_exit_handlers (exit.c:130)
==934==    by 0x48B4EB9: exit (exit.c:139)
==934==    by 0x489F0A1: (below main) (libc-start.c:342)
==934==  Address 0x4a3f124 is 228 bytes inside a block of size 552 free'd
==934==    at 0x48369AB: free (vg_replace_malloc.c:530)
==934==    by 0x10928D: main (file-char-count.c:26)
==934==  Block was alloc'd at
==934==    at 0x483577F: malloc (vg_replace_malloc.c:299)
==934==    by 0x48EB0FA: __fopen_internal (iofopen.c:65)
==934==    by 0x109204: main (file-char-count.c:17)
==934== 
==934== Invalid write of size 8
==934==    at 0x48F94C5: _IO_unbuffer_all (genops.c:824)
==934==    by 0x48F94C5: _IO_cleanup (genops.c:867)
==934==    by 0x48B4E79: __run_exit_handlers (exit.c:130)
==934==    by 0x48B4EB9: exit (exit.c:139)
==934==    by 0x489F0A1: (below main) (libc-start.c:342)
==934==  Address 0x4a3f128 is 232 bytes inside a block of size 552 free'd
==934==    at 0x48369AB: free (vg_replace_malloc.c:530)
==934==    by 0x10928D: main (file-char-count.c:26)
==934==  Block was alloc'd at
==934==    at 0x483577F: malloc (vg_replace_malloc.c:299)
==934==    by 0x48EB0FA: __fopen_internal (iofopen.c:65)
==934==    by 0x109204: main (file-char-count.c:17)
==934== 
==934== Invalid read of size 4
==934==    at 0x48F94DD: _IO_unbuffer_all (genops.c:824)
==934==    by 0x48F94DD: _IO_cleanup (genops.c:867)
==934==    by 0x48B4E79: __run_exit_handlers (exit.c:130)
==934==    by 0x48B4EB9: exit (exit.c:139)
==934==    by 0x489F0A1: (below main) (libc-start.c:342)
==934==  Address 0x4a3f120 is 224 bytes inside a block of size 552 free'd
==934==    at 0x48369AB: free (vg_replace_malloc.c:530)
==934==    by 0x10928D: main (file-char-count.c:26)
==934==  Block was alloc'd at
==934==    at 0x483577F: malloc (vg_replace_malloc.c:299)
==934==    by 0x48EB0FA: __fopen_internal (iofopen.c:65)
==934==    by 0x109204: main (file-char-count.c:17)
==934== 
==934== Invalid write of size 4
==934==    at 0x48F93E0: _IO_unbuffer_all (genops.c:830)
==934==    by 0x48F93E0: _IO_cleanup (genops.c:867)
==934==    by 0x48B4E79: __run_exit_handlers (exit.c:130)
==934==    by 0x48B4EB9: exit (exit.c:139)
==934==    by 0x489F0A1: (below main) (libc-start.c:342)
==934==  Address 0x4a3f100 is 192 bytes inside a block of size 552 free'd
==934==    at 0x48369AB: free (vg_replace_malloc.c:530)
==934==    by 0x10928D: main (file-char-count.c:26)
==934==  Block was alloc'd at
==934==    at 0x483577F: malloc (vg_replace_malloc.c:299)
==934==    by 0x48EB0FA: __fopen_internal (iofopen.c:65)
==934==    by 0x109204: main (file-char-count.c:17)
==934== 
==934== Invalid read of size 8
==934==    at 0x48F93EB: _IO_unbuffer_all (genops.c:790)
==934==    by 0x48F93EB: _IO_cleanup (genops.c:867)
==934==    by 0x48B4E79: __run_exit_handlers (exit.c:130)
==934==    by 0x48B4EB9: exit (exit.c:139)
==934==    by 0x489F0A1: (below main) (libc-start.c:342)
==934==  Address 0x4a3f0a8 is 104 bytes inside a block of size 552 free'd
==934==    at 0x48369AB: free (vg_replace_malloc.c:530)
==934==    by 0x10928D: main (file-char-count.c:26)
==934==  Block was alloc'd at
==934==    at 0x483577F: malloc (vg_replace_malloc.c:299)
==934==    by 0x48EB0FA: __fopen_internal (iofopen.c:65)
==934==    by 0x109204: main (file-char-count.c:17)
==934== 
==934== Invalid read of size 4
==934==    at 0x48F91EA: _IO_flush_all_lockp (genops.c:701)
==934==    by 0x48F9314: _IO_cleanup (genops.c:858)
==934==    by 0x49E3B37: __libc_freeres (in /lib/x86_64-linux-gnu/libc-2.28.so)
==934==    by 0x482B19E: _vgnU_freeres (vg_preloaded.c:77)
==934==    by 0x48B4E89: __run_exit_handlers (exit.c:132)
==934==    by 0x48B4EB9: exit (exit.c:139)
==934==    by 0x489F0A1: (below main) (libc-start.c:342)
==934==  Address 0x4a3f100 is 192 bytes inside a block of size 552 free'd
==934==    at 0x48369AB: free (vg_replace_malloc.c:530)
==934==    by 0x10928D: main (file-char-count.c:26)
==934==  Block was alloc'd at
==934==    at 0x483577F: malloc (vg_replace_malloc.c:299)
==934==    by 0x48EB0FA: __fopen_internal (iofopen.c:65)
==934==    by 0x109204: main (file-char-count.c:17)
==934== 
==934== Invalid read of size 8
==934==    at 0x48F91F8: _IO_flush_all_lockp (genops.c:701)
==934==    by 0x48F9314: _IO_cleanup (genops.c:858)
==934==    by 0x49E3B37: __libc_freeres (in /lib/x86_64-linux-gnu/libc-2.28.so)
==934==    by 0x482B19E: _vgnU_freeres (vg_preloaded.c:77)
==934==    by 0x48B4E89: __run_exit_handlers (exit.c:132)
==934==    by 0x48B4EB9: exit (exit.c:139)
==934==    by 0x489F0A1: (below main) (libc-start.c:342)
==934==  Address 0x4a3f060 is 32 bytes inside a block of size 552 free'd
==934==    at 0x48369AB: free (vg_replace_malloc.c:530)
==934==    by 0x10928D: main (file-char-count.c:26)
==934==  Block was alloc'd at
==934==    at 0x483577F: malloc (vg_replace_malloc.c:299)
==934==    by 0x48EB0FA: __fopen_internal (iofopen.c:65)
==934==    by 0x109204: main (file-char-count.c:17)
==934== 
==934== Invalid read of size 8
==934==    at 0x48F91FC: _IO_flush_all_lockp (genops.c:701)
==934==    by 0x48F9314: _IO_cleanup (genops.c:858)
==934==    by 0x49E3B37: __libc_freeres (in /lib/x86_64-linux-gnu/libc-2.28.so)
==934==    by 0x482B19E: _vgnU_freeres (vg_preloaded.c:77)
==934==    by 0x48B4E89: __run_exit_handlers (exit.c:132)
==934==    by 0x48B4EB9: exit (exit.c:139)
==934==    by 0x489F0A1: (below main) (libc-start.c:342)
==934==  Address 0x4a3f068 is 40 bytes inside a block of size 552 free'd
==934==    at 0x48369AB: free (vg_replace_malloc.c:530)
==934==    by 0x10928D: main (file-char-count.c:26)
==934==  Block was alloc'd at
==934==    at 0x483577F: malloc (vg_replace_malloc.c:299)
==934==    by 0x48EB0FA: __fopen_internal (iofopen.c:65)
==934==    by 0x109204: main (file-char-count.c:17)
==934== 
==934== Invalid read of size 8
==934==    at 0x48F917B: _IO_flush_all_lockp (genops.c:695)
==934==    by 0x48F9314: _IO_cleanup (genops.c:858)
==934==    by 0x49E3B37: __libc_freeres (in /lib/x86_64-linux-gnu/libc-2.28.so)
==934==    by 0x482B19E: _vgnU_freeres (vg_preloaded.c:77)
==934==    by 0x48B4E89: __run_exit_handlers (exit.c:132)
==934==    by 0x48B4EB9: exit (exit.c:139)
==934==    by 0x489F0A1: (below main) (libc-start.c:342)
==934==  Address 0x4a3f0a8 is 104 bytes inside a block of size 552 free'd
==934==    at 0x48369AB: free (vg_replace_malloc.c:530)
==934==    by 0x10928D: main (file-char-count.c:26)
==934==  Block was alloc'd at
==934==    at 0x483577F: malloc (vg_replace_malloc.c:299)
==934==    by 0x48EB0FA: __fopen_internal (iofopen.c:65)
==934==    by 0x109204: main (file-char-count.c:17)
==934== 
==934== Invalid read of size 4
==934==    at 0x48F93F8: _IO_unbuffer_all (genops.c:792)
==934==    by 0x48F93F8: _IO_cleanup (genops.c:867)
==934==    by 0x49E3B37: __libc_freeres (in /lib/x86_64-linux-gnu/libc-2.28.so)
==934==    by 0x482B19E: _vgnU_freeres (vg_preloaded.c:77)
==934==    by 0x48B4E89: __run_exit_handlers (exit.c:132)
==934==    by 0x48B4EB9: exit (exit.c:139)
==934==    by 0x489F0A1: (below main) (libc-start.c:342)
==934==  Address 0x4a3f040 is 0 bytes inside a block of size 552 free'd
==934==    at 0x48369AB: free (vg_replace_malloc.c:530)
==934==    by 0x10928D: main (file-char-count.c:26)
==934==  Block was alloc'd at
==934==    at 0x483577F: malloc (vg_replace_malloc.c:299)
==934==    by 0x48EB0FA: __fopen_internal (iofopen.c:65)
==934==    by 0x109204: main (file-char-count.c:17)
==934== 
==934== Invalid write of size 4
==934==    at 0x48F93E0: _IO_unbuffer_all (genops.c:830)
==934==    by 0x48F93E0: _IO_cleanup (genops.c:867)
==934==    by 0x49E3B37: __libc_freeres (in /lib/x86_64-linux-gnu/libc-2.28.so)
==934==    by 0x482B19E: _vgnU_freeres (vg_preloaded.c:77)
==934==    by 0x48B4E89: __run_exit_handlers (exit.c:132)
==934==    by 0x48B4EB9: exit (exit.c:139)
==934==    by 0x489F0A1: (below main) (libc-start.c:342)
==934==  Address 0x4a3f100 is 192 bytes inside a block of size 552 free'd
==934==    at 0x48369AB: free (vg_replace_malloc.c:530)
==934==    by 0x10928D: main (file-char-count.c:26)
==934==  Block was alloc'd at
==934==    at 0x483577F: malloc (vg_replace_malloc.c:299)
==934==    by 0x48EB0FA: __fopen_internal (iofopen.c:65)
==934==    by 0x109204: main (file-char-count.c:17)
==934== 
==934== Invalid read of size 8
==934==    at 0x48F93EB: _IO_unbuffer_all (genops.c:790)
==934==    by 0x48F93EB: _IO_cleanup (genops.c:867)
==934==    by 0x49E3B37: __libc_freeres (in /lib/x86_64-linux-gnu/libc-2.28.so)
==934==    by 0x482B19E: _vgnU_freeres (vg_preloaded.c:77)
==934==    by 0x48B4E89: __run_exit_handlers (exit.c:132)
==934==    by 0x48B4EB9: exit (exit.c:139)
==934==    by 0x489F0A1: (below main) (libc-start.c:342)
==934==  Address 0x4a3f0a8 is 104 bytes inside a block of size 552 free'd
==934==    at 0x48369AB: free (vg_replace_malloc.c:530)
==934==    by 0x10928D: main (file-char-count.c:26)
==934==  Block was alloc'd at
==934==    at 0x483577F: malloc (vg_replace_malloc.c:299)
==934==    by 0x48EB0FA: __fopen_internal (iofopen.c:65)
==934==    by 0x109204: main (file-char-count.c:17)
==934== 
==934== Invalid read of size 8
==934==    at 0x49E3AC8: buffer_free (in /lib/x86_64-linux-gnu/libc-2.28.so)
==934==    by 0x49E3B59: __libc_freeres (in /lib/x86_64-linux-gnu/libc-2.28.so)
==934==    by 0x482B19E: _vgnU_freeres (vg_preloaded.c:77)
==934==    by 0x48B4E89: __run_exit_handlers (exit.c:132)
==934==    by 0x48B4EB9: exit (exit.c:139)
==934==    by 0x489F0A1: (below main) (libc-start.c:342)
==934==  Address 0x4a3f0f0 is 176 bytes inside a block of size 552 free'd
==934==    at 0x48369AB: free (vg_replace_malloc.c:530)
==934==    by 0x10928D: main (file-char-count.c:26)
==934==  Block was alloc'd at
==934==    at 0x483577F: malloc (vg_replace_malloc.c:299)
==934==    by 0x48EB0FA: __fopen_internal (iofopen.c:65)
==934==    by 0x109204: main (file-char-count.c:17)
==934== 
==934== Invalid read of size 8
==934==    at 0x49E3AD4: buffer_free (in /lib/x86_64-linux-gnu/libc-2.28.so)
==934==    by 0x49E3B59: __libc_freeres (in /lib/x86_64-linux-gnu/libc-2.28.so)
==934==    by 0x482B19E: _vgnU_freeres (vg_preloaded.c:77)
==934==    by 0x48B4E89: __run_exit_handlers (exit.c:132)
==934==    by 0x48B4EB9: exit (exit.c:139)
==934==    by 0x489F0A1: (below main) (libc-start.c:342)
==934==  Address 0x4a3f0e8 is 168 bytes inside a block of size 552 free'd
==934==    at 0x48369AB: free (vg_replace_malloc.c:530)
==934==    by 0x10928D: main (file-char-count.c:26)
==934==  Block was alloc'd at
==934==    at 0x483577F: malloc (vg_replace_malloc.c:299)
==934==    by 0x48EB0FA: __fopen_internal (iofopen.c:65)
==934==    by 0x109204: main (file-char-count.c:17)
==934== 
==934== 
==934== HEAP SUMMARY:
==934==     in use at exit: 0 bytes in 0 blocks
==934==   total heap usage: 3 allocs, 3 frees, 9,768 bytes allocated
==934== 
==934== All heap blocks were freed -- no leaks are possible
==934== 
==934== For counts of detected and suppressed errors, rerun with: -v
==934== ERROR SUMMARY: 62 errors from 59 contexts (suppressed: 0 from 0)
thur1@remote05:~/git-repos/i220a/work/lab13/files/file-char-count$ emacs [K[K[K[K[K[Kls
file-char-count  file-char-count.c  file-char-count.c~	Makefile
thur1@remote05:~/git-repos/i220a/work/lab13/files/file-char-count$ emacs file-co[Khar-count.c
[?1049h[22;0;0t[?12;25h[?1h=[H[2J[35d[K[?1l>[?12l[?25h[?1049l[23;0;0t[39;49m[?1049h[22;0;0t[?12;25h[?1h=[H[2J[34d[?25l[7m-UUU:----F1  [0m[39;49m[27m[7m[1m*scratch*   [0m[39;49m[27m[7m   All L1     (Fundamental) -----------------------------------------------[0m[39;49m[27m
[A[2d[?12l[?25h[?12;25h[35d[?25lLoading /etc/emacs/site-start.d/00debian.el (source)...done[K[H
[?12l[?25h[?12;25h[35;33H[?25l50a2ps.el (source)...[K[H
[?12l[?25h[?12;25h[35;54H[?25ldone[H
[?12l[?25h[?12;25h[35;36H[?25lsymptote.el (source)...[H
[?12l[?25h[?12;25h[35;59H[?25ldone[H
[?12l[?25h[?12;25h[35;36H[?25lutoconf.el (source)...[K[H
[?12l[?25h[?12;25h[35;58H[?25ldone[H
[?12l[?25h[?12;25h[35;35H[?25lcmake-data.el (source)...[K[H
[?12l[?25h[?12;25h[35;60H[?25ldone[H
[?12l[?25h[?12;25h[35;35H[?25ldictionaries-common.el (source)...[H
[?12l[?25h[?12;25h[35;9H[?25ldebian-ispell...[K[H
[?12l[?25h[?12;25h[35;9H[?25l/var/cache/dictionaries-common/emacsen-ispell-default.el (source)...[H
[?12l[?25h[?12;25h[35;77H[?25ldone[H
[?12l[?25h[?12;25h[35;9H[?25ldebian-ispell...done[K[H
[?12l[?25h[?12;25h[35;9H[?25l/var/cache/dictionaries-common/emacsen-ispell-dicts.el (source)...[H
[?12l[?25h[?12;25h[35;75H[?25ldone[H
[?12l[?25h[?12;25h[35;10H[?25letc/emacs/site-start.d/50dictionaries-common[6P[H
[?12l[?25h[?12;25h[35;35H[?25lerlang-mode.el (source)...[K[H
[?12l[?25h[?12;25h[35;61H[?25ldone[H
[?12l[?25h[?12;25h[35;35H[?25lhaskell-mode.el (source)...[K[H
[?12l[?25h[?12;25h[35;10H[?25lusr/share/emacs/site-lisp/elpa/haskel[34@l-mode-16.1/haskell-mode-autoloads[H
[?12l[?25h[?12;25h[35;96H[?25ldone[H
[?12l[?25h[?12;25h[35;10H[?25letc/emacs/site-start.d/50haskell-mode[34P[H
[?12l[?25h[?12;25h[35;35H[?25llatex-cjk-common.el (source)...[H
[?12l[?25h[?12;25h[35;10H[?25lusr/share/emacs/site-lisp/latex-cjk-commo[9@n/cjk-enc[H
[?12l[?25h[?12;25h[35;75H[?25ldone[H
[?12l[?25h[?12;25h[35;10H[?25letc/emacs/site-start.d/50latex-cjk-common[9P[H
[?12l[?25h[?12;25h[35;45H[?25lthai.el (source)...[K[H
[?12l[?25h[?12;25h[35;64H[?25ldone[H
[?12l[?25h[?12;25h[35;35H[?25lpsvn.el (source)...[K[H
[?12l[?25h[?12;25h[35;54H[?25ldone[H
[?12l[?25h[?12;25h[35;36H[?25lython-docutils.el (source)...[H
[?12l[?25h[?12;25h[35;65H[?25ldone[H
[?12l[?25h[?12;25h[35;35H[?25ltcsh.el (source)...[K[H
[?12l[?25h[?12;25h[35;54H[?25ldone[H
[?12l[?25h[?12;25h[35;36H[?25lexlive-lang-english.el (source)...[H
[?12l[?25h[?12;25h[35;70H[?25ldone[H
[?12l[?25h[?12;25h[>0c[35d[?25lLoading /etc/emacs/site-start.d/50texlive-lang-english.el (source)...done[K[H[7mFile Edit Options Buffers Tools Lisp-Interaction Help                                               [0m[39;49m[27m
[A
[K
[K
[K
[K
[K
[K
[K
[K
[K
[K
[K
[K
[K
[K
[K
[K
[K
[K
[K
[K
[K
[K
[K
[K
[K
[K
[K
[K
[K
[K
[K
[K
[7m-UUU:----F1  [0m[39;49m[27m[7m[1m*scratch*   [0m[39;49m[27m[7m   All L1     (Lisp Interaction ElDoc) ------------------------------------[0m[39;49m[27m
[A[2d[?12l[?25h[?12;25h[?2004h[35d[?25lFor information about GNU Emacs and the GNU system, type C-h C-a.[K[H
[?12l[?25h[?12;25h[35d[?25lBeginning of buffer[K[H[7mFile Edit Options Buffers Tools C Help                                                              [0m[39;49m[27m
[A
[1m[34m#include[0m[39;49m [32m<errno.h>[39;49m[K
[1m[34m#include[0m[39;49m [32m<stdio.h>[39;49m[K
[1m[34m#include[0m[39;49m [32m<stdlib.h>[39;49m[K
[1m[34m#include[0m[39;49m [32m<string.h>[39;49m[K
[K
[31m/** Output number of chars in file specified by single command-line                                 [39;49m
[A
[31m *  argument.                                                                                       [39;49m
[A
[31m */[39;49m[K
[32mint[39;49m[K
[1m[34mmain[0m[39;49m([32mint[39;49m [33margc[39;49m, [1m[36mconst[0m[39;49m [32mchar[39;49m *[33margv[39;49m[])[K
{[K
  [1m[36mif[0m[39;49m (argc != 2) {[K
    fprintf(stderr, [32m"usage: %s FILE_NAME\n"[39;49m, argv[0]);[K
    exit(1);[K
  }[K
  [1m[36mconst[0m[39;49m [32mchar[39;49m *[33mfName[39;49m = argv[1];[K
  [32mFILE[39;49m *[33min[39;49m = fopen(fName, [32m"r"[39;49m);[K
  [1m[36mif[0m[39;49m (!in) {[K
    fprintf(stderr, [32m"cannot read %s: %s\n"[39;49m, fName, strerror(errno));[K
    exit(1);[K
  }[K
  [32mint[39;49m [33mc[39;49m;[K
  [32mint[39;49m [33mcount[39;49m = 0;[K
  [1m[36mwhile[0m[39;49m ((c = fgetc(in)) != EOF) count++;[K
  printf([32m"%d\n"[39;49m, count);[K
  free(in);[K
  [1m[36mreturn[0m[39;49m 0;[K
}[K
[K
[K
[K
[K
[7m-UU-:----F1  [0m[39;49m[27m[7m[1mfile-char-count.c[0m[39;49m[27m[7m   All L1    [0m[39;49m[27m[7mGit-master[0m[39;49m[27m[7m  (C/*l Abbrev) -------------------------------[0m[39;49m[27m
[A[2d[?12l[?25h[?12;25h[35d[K[34;39H[?25l[7m2[0m[39;49m[27m[H

[?12l[?25h[?12;25h[34;39H[?25l[7m3[0m[39;49m[27m[4;1H[?12l[?25h[?12;25h[34;39H[?25l[7m4[0m[39;49m[27m[5;1H[?12l[?25h[?12;25h[34;39H[?25l[7m5[0m[39;49m[27m[6;1H[?12l[?25h[?12;25h[34;39H[?25l[7m6[0m[39;49m[27m[7;1H[?12l[?25h[?12;25h[34;39H[?25l[7m7[0m[39;49m[27m[8;1H[?12l[?25h[?12;25h[34;39H[?25l[7m8[0m[39;49m[27m[9;1H[?12l[?25h[?12;25h[34;39H[?25l[7m9[0m[39;49m[27m[10;1H[?12l[?25h[?12;25h[34;39H[?25l[7m10[0m[39;49m[27m[11;1H[?12l[?25h[?12;25h[34;40H[?25l[7m1[0m[39;49m[27m[12;1H[?12l[?25h[?12;25h[34;40H[?25l[7m2[0m[39;49m[27m[13;1H[?12l[?25h[?12;25h[34;40H[?25l[7m3[0m[39;49m[27m[14;1H[?12l[?25h[?12;25h[34;40H[?25l[7m4[0m[39;49m[27m[15;1H[?12l[?25h[?12;25h[34;40H[?25l[7m5[0m[39;49m[27m[16;1H[?12l[?25h[?12;25h[34;40H[?25l[7m6[0m[39;49m[27m[17;1H[?12l[?25h[?12;25h[34;40H[?25l[7m7[0m[39;49m[27m[18;1H[?12l[?25h[?12;25h[34;40H[?25l[7m8[0m[39;49m[27m[19;1H[?12l[?25h[?12;25h[34;40H[?25l[7m9[0m[39;49m[27m[20;1H[?12l[?25h[?12;25h[34;39H[?25l[7m20[0m[39;49m[27m[21;1H[?12l[?25h[?12;25h[34;40H[?25l[7m1[0m[39;49m[27m[22;1H[?12l[?25h[?12;25h[34;40H[?25l[7m2[0m[39;49m[27m[23;1H[?12l[?25h[?12;25h[34;40H[?25l[7m3[0m[39;49m[27m[24;1H[?12l[?25h[?12;25h[C[C[34;40H[?25l[7m4[0m[39;49m[27m[25;3H[?12l[?25h[?12;25h[C[34;40H[?25l[7m5[0m[39;49m[27m[26;4H[?12l[?25h[?12;25h[34;40H[?25l[7m6[0m[39;49m[27m[27;4H[?12l[?25h[?12;25h[C[C[C		[C[C[C[K[34;6H[?25l[7m**[0m[39;49m[27m[27;11H[?12l[?25h[?12;25h[K[K[K[K[K[K[K[K[C[C[C[C[?25l[1m[36mreturn[0m[39;49m 0;
}[K
[K[34;40H[7m5[0m[39;49m[27m[26;25H[?12l[?25h[?12;25h
[K
[?25l  [1m[36mreturn[0m[39;49m 0;
}[34;40H[7m6[0m[39;49m[27m[27;3H[?12l[?25h[?12;25h[?25lf[?12l[?25h[?12;25h[?25lc[?12l[?25h[?12;25h[?25ll[?12l[?25h[?12;25h[?25lo[?12l[?25h[?12;25h[?25ls[?12l[?25h[?12;25h[?25le[?12l[?25h[?12;25h[?25l([?12l[?25h[?12;25h[?25lf[?12l[?25h[?12;25h[?25lN[?12l[?25h[?12;25h[?25la[?12l[?25h[?12;25h[?25lm[?12l[?25h[?12;25h[?25le[?12l[?25h[?12;25h	[?25l[46m([39;49mfName)[?12l[?25h[?12;25h	[?25l(fName);[?12l[?25h[?12;25h[35;1H[?25lSaving file /home/thur1/git-repos/i220a/work/lab13/files/file-char-count/file-char-count.c...[27;17H[?12l[?25h[?12;25h[35;1H[?25lWrote /home/thur1/git-repos/i220a/work/lab13/files/file-char-count/file-char-count.c[K[27;17H[?12l[?25h[?12;25h[34;6H[?25l[7m----F1  [0m[39;49m[27m[7m[1mfile-char-count.c[0m[39;49m[27m[7m   All L26   [0m[39;49m[27m[7mGit:[0m[39;49m[27m[27;17H[?12l[?25h[?12;25h[35;1H[K[27;17H[35;1H[K[?2004l[?1l>[?12l[?25h[?1049l[23;0;0t[39;49mthur1@remote05:~/git-repos/i220a/work/lab13/files/file-char-count$ make
gcc -g -Wall -std=c11    file-char-count.c   -o file-char-count
[01m[Kfile-char-count.c:[m[K In function ‘[01m[Kmain[m[K’:
[01m[Kfile-char-count.c:26:10:[m[K [01;35m[Kwarning: [m[Kpassing argument 1 of ‘[01m[Kfclose[m[K’ from incompatible pointer type [[01;35m[K-Wincompatible-pointer-types[m[K]
   fclose([01;35m[KfName[m[K);
          [01;35m[K^~~~~[m[K
In file included from [01m[Kfile-char-count.c:2[m[K:
[01m[K/usr/include/stdio.h:213:26:[m[K [01;36m[Knote: [m[Kexpected ‘[01m[KFILE *[m[K’ {aka ‘[01m[Kstruct _IO_FILE *[m[K’} but argument is of type ‘[01m[Kconst char *[m[K’
 extern int fclose ([01;36m[KFILE *__stream[m[K);
                    [01;36m[K~~~~~~^~~~~~~~[m[K
thur1@remote05:~/git-repos/i220a/work/lab13/files/file-char-count$ makeemacs file-char-count.c
[?1049h[22;0;0t[?12;25h[?1h=[H[2J[35d[K[?1l>[?12l[?25h[?1049l[23;0;0t[39;49m[?1049h[22;0;0t[?12;25h[?1h=[H[2J[34d[?25l[7m-UUU:----F1  [0m[39;49m[27m[7m[1m*scratch*   [0m[39;49m[27m[7m   All L1     (Fundamental) -----------------------------------------------[0m[39;49m[27m
[A[2d[?12l[?25h[?12;25h[35d[?25lLoading /etc/emacs/site-start.d/00debian.el (source)...done[K[H
[?12l[?25h[?12;25h[35;33H[?25l50a2ps.el (source)...[K[H
[?12l[?25h[?12;25h[35;54H[?25ldone[H
[?12l[?25h[?12;25h[35;36H[?25lsymptote.el (source)...[H
[?12l[?25h[?12;25h[35;59H[?25ldone[H
[?12l[?25h[?12;25h[35;36H[?25lutoconf.el (source)...[K[H
[?12l[?25h[?12;25h[35;58H[?25ldone[H
[?12l[?25h[?12;25h[35;35H[?25lcmake-data.el (source)...[K[H
[?12l[?25h[?12;25h[35;60H[?25ldone[H
[?12l[?25h[?12;25h[35;35H[?25ldictionaries-common.el (source)...[H
[?12l[?25h[?12;25h[35;9H[?25ldebian-ispell...[K[H
[?12l[?25h[?12;25h[35;9H[?25l/var/cache/dictionaries-common/emacsen-ispell-default.el (source)...[H
[?12l[?25h[?12;25h[35;77H[?25ldone[H
[?12l[?25h[?12;25h[35;9H[?25ldebian-ispell...done[K[H
[?12l[?25h[?12;25h[35;9H[?25l/var/cache/dictionaries-common/emacsen-ispell-dicts.el (source)...[H
[?12l[?25h[?12;25h[35;75H[?25ldone[H
[?12l[?25h[?12;25h[35;10H[?25letc/emacs/site-start.d/50dictionaries-common[6P[H
[?12l[?25h[?12;25h[35;35H[?25lerlang-mode.el (source)...[K[H
[?12l[?25h[?12;25h[35;61H[?25ldone[H
[?12l[?25h[?12;25h[35;35H[?25lhaskell-mode.el (source)...[K[H
[?12l[?25h[?12;25h[35;10H[?25lusr/share/emacs/site-lisp/elpa/haskel[34@l-mode-16.1/haskell-mode-autoloads[H
[?12l[?25h[?12;25h[35;96H[?25ldone[H
[?12l[?25h[?12;25h[35;10H[?25letc/emacs/site-start.d/50haskell-mode[34P[H
[?12l[?25h[?12;25h[35;35H[?25llatex-cjk-common.el (source)...[H
[?12l[?25h[?12;25h[35;10H[?25lusr/share/emacs/site-lisp/latex-cjk-commo[9@n/cjk-enc[H
[?12l[?25h[?12;25h[35;75H[?25ldone[H
[?12l[?25h[?12;25h[35;10H[?25letc/emacs/site-start.d/50latex-cjk-common[9P[H
[?12l[?25h[?12;25h[35;45H[?25lthai.el (source)...[K[H
[?12l[?25h[?12;25h[35;64H[?25ldone[H
[?12l[?25h[?12;25h[35;35H[?25lpsvn.el (source)...[K[H
[?12l[?25h[?12;25h[35;54H[?25ldone[H
[?12l[?25h[?12;25h[35;36H[?25lython-docutils.el (source)...[H
[?12l[?25h[?12;25h[35;65H[?25ldone[H
[?12l[?25h[?12;25h[35;35H[?25ltcsh.el (source)...[K[H
[?12l[?25h[?12;25h[35;54H[?25ldone[H
[?12l[?25h[?12;25h[35;36H[?25lexlive-lang-english.el (source)...[H
[?12l[?25h[?12;25h[35;70H[?25ldone[H
[?12l[?25h[?12;25h[>0c[35d[?25lLoading /etc/emacs/site-start.d/50texlive-lang-english.el (source)...done[K[H[7mFile Edit Options Buffers Tools Lisp-Interaction Help                                               [0m[39;49m[27m
[A
[K
[K
[K
[K
[K
[K
[K
[K
[K
[K
[K
[K
[K
[K
[K
[K
[K
[K
[K
[K
[K
[K
[K
[K
[K
[K
[K
[K
[K
[K
[K
[K
[7m-UUU:----F1  [0m[39;49m[27m[7m[1m*scratch*   [0m[39;49m[27m[7m   All L1     (Lisp Interaction ElDoc) ------------------------------------[0m[39;49m[27m
[A[2d[?12l[?25h[?12;25h[?2004h[35d[?25lFor information about GNU Emacs and the GNU system, type C-h C-a.[K[H
[?12l[?25h[?12;25h[35d[?25lBeginning of buffer[K[H[7mFile Edit Options Buffers Tools C Help                                                              [0m[39;49m[27m
[A
[1m[34m#include[0m[39;49m [32m<errno.h>[39;49m[K
[1m[34m#include[0m[39;49m [32m<stdio.h>[39;49m[K
[1m[34m#include[0m[39;49m [32m<stdlib.h>[39;49m[K
[1m[34m#include[0m[39;49m [32m<string.h>[39;49m[K
[K
[31m/** Output number of chars in file specified by single command-line                                 [39;49m
[A
[31m *  argument.                                                                                       [39;49m
[A
[31m */[39;49m[K
[32mint[39;49m[K
[1m[34mmain[0m[39;49m([32mint[39;49m [33margc[39;49m, [1m[36mconst[0m[39;49m [32mchar[39;49m *[33margv[39;49m[])[K
{[K
  [1m[36mif[0m[39;49m (argc != 2) {[K
    fprintf(stderr, [32m"usage: %s FILE_NAME\n"[39;49m, argv[0]);[K
    exit(1);[K
  }[K
  [1m[36mconst[0m[39;49m [32mchar[39;49m *[33mfName[39;49m = argv[1];[K
  [32mFILE[39;49m *[33min[39;49m = fopen(fName, [32m"r"[39;49m);[K
  [1m[36mif[0m[39;49m (!in) {[K
    fprintf(stderr, [32m"cannot read %s: %s\n"[39;49m, fName, strerror(errno));[K
    exit(1);[K
  }[K
  [32mint[39;49m [33mc[39;49m;[K
  [32mint[39;49m [33mcount[39;49m = 0;[K
  [1m[36mwhile[0m[39;49m ((c = fgetc(in)) != EOF) count++;[K
  printf([32m"%d\n"[39;49m, count);[K
  fclose(fName);[K
  [1m[36mreturn[0m[39;49m 0;[K
}[K
[K
[K
[K
[K
[7m-UU-:----F1  [0m[39;49m[27m[7m[1mfile-char-count.c[0m[39;49m[27m[7m   All L1    [0m[39;49m[27m[7mGit:master[0m[39;49m[27m[7m  (C/*l Abbrev) -------------------------------[0m[39;49m[27m
[A[2d[?12l[?25h[?12;25h[35d[K[34;39H[?25l[7m2[0m[39;49m[27m[H

[?12l[?25h[?12;25h[34;39H[?25l[7m3[0m[39;49m[27m[4;1H[?12l[?25h[?12;25h[34;39H[?25l[7m4[0m[39;49m[27m[5;1H[?12l[?25h[?12;25h[34;39H[?25l[7m5[0m[39;49m[27m[6;1H[?12l[?25h[?12;25h[34;39H[?25l[7m6[0m[39;49m[27m[7;1H[?12l[?25h[?12;25h[34;39H[?25l[7m7[0m[39;49m[27m[8;1H[?12l[?25h[?12;25h[34;39H[?25l[7m8[0m[39;49m[27m[9;1H[?12l[?25h[?12;25h[34;39H[?25l[7m9[0m[39;49m[27m[10;1H[?12l[?25h[?12;25h[34;39H[?25l[7m10[0m[39;49m[27m[11;1H[?12l[?25h[?12;25h[34;40H[?25l[7m1[0m[39;49m[27m[12;1H[?12l[?25h[?12;25h[34;40H[?25l[7m2[0m[39;49m[27m[13;1H[?12l[?25h[?12;25h[34;40H[?25l[7m3[0m[39;49m[27m[14;1H[?12l[?25h[?12;25h[34;40H[?25l[7m4[0m[39;49m[27m[15;1H[?12l[?25h[?12;25h[34;40H[?25l[7m5[0m[39;49m[27m[16;1H[?12l[?25h[?12;25h[34;40H[?25l[7m6[0m[39;49m[27m[17;1H[?12l[?25h[?12;25h[34;40H[?25l[7m7[0m[39;49m[27m[18;1H[?12l[?25h[?12;25h[34;40H[?25l[7m8[0m[39;49m[27m[19;1H[?12l[?25h[?12;25h[34;40H[?25l[7m9[0m[39;49m[27m[20;1H[?12l[?25h[?12;25h[34;39H[?25l[7m20[0m[39;49m[27m[21;1H[?12l[?25h[?12;25h[34;40H[?25l[7m1[0m[39;49m[27m[22;1H[?12l[?25h[?12;25h[34;40H[?25l[7m2[0m[39;49m[27m[23;1H[?12l[?25h[?12;25h[34;40H[?25l[7m3[0m[39;49m[27m[24;1H[?12l[?25h[?12;25h[34;40H[?25l[7m4[0m[39;49m[27m[25;1H[?12l[?25h[?12;25h[34;40H[?25l[7m5[0m[39;49m[27m[26;1H[?12l[?25h[?12;25h[34;40H[?25l[7m6[0m[39;49m[27m[27;1H[?12l[?25h[?12;25h[C[C[C[C[C[C		[C[C[C[C[C[C[?25l);[K[34;6H[7m**[0m[39;49m[27m[27;14H[?12l[?25h[?12;25h[?25l);[K[?12l[?25h[?12;25h[?25l);[K[?12l[?25h[?12;25h[?25l);[K[?12l[?25h[?12;25h[?25l);[K[?12l[?25h[?12;25h[?25li);[?12l[?25h[?12;25h[?25ln);[?12l[?25h[?12;25h[35;1H[?25lSaving file /home/thur1/git-repos/i220a/work/lab13/files/file-char-count/file-char-count.c...[27;12H[?12l[?25h[?12;25h[35;1H[?25lWrote /home/thur1/git-repos/i220a/work/lab13/files/file-char-count/file-char-count.c[K[27;12H[?12l[?25h[?12;25h[34;6H[?25l[7m--[0m[39;49m[27m[27;12H[?12l[?25h[?12;25h[35;1H[K[27;12H[35;1H[K[?2004l[?1l>[?12l[?25h[?1049l[23;0;0t[39;49mthur1@remote05:~/git-repos/i220a/work/lab13/files/file-char-count$ make
gcc -g -Wall -std=c11    file-char-count.c   -o file-char-count
thur1@remote05:~/git-repos/i220a/work/lab13/files/file-char-count$ makeemacs file-char-count.cmake[Kemacs file-char-count.cls[Kvalgrind ./file-char-count file-char-count.c
==1316== Memcheck, a memory error detector
==1316== Copyright (C) 2002-2017, and GNU GPL'd, by Julian Seward et al.
==1316== Using Valgrind-3.14.0 and LibVEX; rerun with -h for copyright info
==1316== Command: ./file-char-count file-char-count.c
==1316== 
580
==1316== 
==1316== HEAP SUMMARY:
==1316==     in use at exit: 0 bytes in 0 blocks
==1316==   total heap usage: 3 allocs, 3 frees, 9,768 bytes allocated
==1316== 
==1316== All heap blocks were freed -- no leaks are possible
==1316== 
==1316== For counts of detected and suppressed errors, rerun with: -v
==1316== ERROR SUMMARY: 0 errors from 0 contexts (suppressed: 0 from 0)
thur1@remote05:~/git-repos/i220a/work/lab13/files/file-char-count$ cd ..
thur1@remote05:~/git-repos/i220a/work/lab13/files$ cd file-copy
thur1@remote05:~/git-repos/i220a/work/lab13/files/file-copy$ ls
file-copy.c  Makefile
thur1@remote05:~/git-repos/i220a/work/lab13/files/file-copy$ make
gcc -g -Wall -std=c11    file-copy.c   -o file-copy
thur1@remote05:~/git-repos/i220a/work/lab13/files/file-copy$ ./file-copy
usage: ./file-copy SRC_NAME DEST_NAME
thur1@remote05:~/git-repos/i220a/work/lab13/files/file-copy$ l[Kls -l file-copy.c t
ls: cannot access 't': No such file or directory
-rw-r----- 1 thur1 thur1 1195 Nov 14 13:41 file-copy.c
thur1@remote05:~/git-repos/i220a/work/lab13/files/file-copy$ ./file-copy file [K-cp[Kopy.c t
thur1@remote05:~/git-repos/i220a/work/lab13/files/file-copy$ ls -l file-copy.c t
-rw-r----- 1 thur1 thur1 1195 Nov 14 13:41 file-copy.c
-rw-r----- 1 thur1 thur1 1195 Nov 22 13:18 t
thur1@remote05:~/git-repos/i220a/work/lab13/files/file-copy$ cmp file-copy.c t
thur1@remote05:~/git-repos/i220a/work/lab13/files/file-copy$ f[K./file-copy Makefile t
thur1@remote05:~/git-repos/i220a/work/lab13/files/file-copy$ ./[K[Kcp[Kmp Makefile t
thur1@remote05:~/git-repos/i220a/work/lab13/files/file-copy$ chmod a-w t
thur1@remote05:~/git-repos/i220a/work/lab13/files/file-copy$ ./file-copy file-copy.c t
cannot write t: Permission denied
thur1@remote05:~/git-repos/i220a/work/lab13/files/file-copy$ cmp Makefile t
thur1@remote05:~/git-repos/i220a/work/lab13/files/file-copy$ ls
file-copy  file-copy.c	Makefile  t
thur1@remote05:~/git-repos/i220a/work/lab13/files/file-copy$ emacs file-copy.c
[?1049h[22;0;0t[?12;25h[?1h=[H[2J[35d[K[?1l>[?12l[?25h[?1049l[23;0;0t[39;49m[?1049h[22;0;0t[?12;25h[?1h=[H[2J[34d[?25l[7m-UUU:----F1  [0m[39;49m[27m[7m[1m*scratch*   [0m[39;49m[27m[7m   All L1     (Fundamental) -----------------------------------------------[0m[39;49m[27m
[A[2d[?12l[?25h[?12;25h[35d[?25lLoading /etc/emacs/site-start.d/00debian.el (source)...done[K[H
[?12l[?25h[?12;25h[35;33H[?25l50a2ps.el (source)...[K[H
[?12l[?25h[?12;25h[35;54H[?25ldone[H
[?12l[?25h[?12;25h[35;36H[?25lsymptote.el (source)...[H
[?12l[?25h[?12;25h[35;59H[?25ldone[H
[?12l[?25h[?12;25h[35;36H[?25lutoconf.el (source)...[K[H
[?12l[?25h[?12;25h[35;58H[?25ldone[H
[?12l[?25h[?12;25h[35;35H[?25lcmake-data.el (source)...[K[H
[?12l[?25h[?12;25h[35;60H[?25ldone[H
[?12l[?25h[?12;25h[35;35H[?25ldictionaries-common.el (source)...[H
[?12l[?25h[?12;25h[35;9H[?25ldebian-ispell...[K[H
[?12l[?25h[?12;25h[35;9H[?25l/var/cache/dictionaries-common/emacsen-ispell-default.el (source)...[H
[?12l[?25h[?12;25h[35;77H[?25ldone[H
[?12l[?25h[?12;25h[35;9H[?25ldebian-ispell...done[K[H
[?12l[?25h[?12;25h[35;9H[?25l/var/cache/dictionaries-common/emacsen-ispell-dicts.el (source)...[H
[?12l[?25h[?12;25h[35;75H[?25ldone[H
[?12l[?25h[?12;25h[35;10H[?25letc/emacs/site-start.d/50dictionaries-common[6P[H
[?12l[?25h[?12;25h[35;35H[?25lerlang-mode.el (source)...[K[H
[?12l[?25h[?12;25h[35;61H[?25ldone[H
[?12l[?25h[?12;25h[35;35H[?25lhaskell-mode.el (source)...[K[H
[?12l[?25h[?12;25h[35;10H[?25lusr/share/emacs/site-lisp/elpa/haskel[34@l-mode-16.1/haskell-mode-autoloads[H
[?12l[?25h[?12;25h[35;96H[?25ldone[H
[?12l[?25h[?12;25h[35;10H[?25letc/emacs/site-start.d/50haskell-mode[34P[H
[?12l[?25h[?12;25h[35;35H[?25llatex-cjk-common.el (source)...[H
[?12l[?25h[?12;25h[35;10H[?25lusr/share/emacs/site-lisp/latex-cjk-commo[9@n/cjk-enc[H
[?12l[?25h[?12;25h[35;75H[?25ldone[H
[?12l[?25h[?12;25h[35;10H[?25letc/emacs/site-start.d/50latex-cjk-common[9P[H
[?12l[?25h[?12;25h[35;45H[?25lthai.el (source)...[K[H
[?12l[?25h[?12;25h[35;64H[?25ldone[H
[?12l[?25h[?12;25h[35;35H[?25lpsvn.el (source)...[K[H
[?12l[?25h[?12;25h[35;54H[?25ldone[H
[?12l[?25h[?12;25h[35;36H[?25lython-docutils.el (source)...[H
[?12l[?25h[?12;25h[35;65H[?25ldone[H
[?12l[?25h[?12;25h[35;35H[?25ltcsh.el (source)...[K[H
[?12l[?25h[?12;25h[35;54H[?25ldone[H
[?12l[?25h[?12;25h[35;36H[?25lexlive-lang-english.el (source)...[H
[?12l[?25h[?12;25h[35;70H[?25ldone[H
[?12l[?25h[?12;25h[>0c[35d[?25lLoading /etc/emacs/site-start.d/50texlive-lang-english.el (source)...done[K[H[7mFile Edit Options Buffers Tools Lisp-Interaction Help                                               [0m[39;49m[27m
[A
[K
[K
[K
[K
[K
[K
[K
[K
[K
[K
[K
[K
[K
[K
[K
[K
[K
[K
[K
[K
[K
[K
[K
[K
[K
[K
[K
[K
[K
[K
[K
[K
[7m-UUU:----F1  [0m[39;49m[27m[7m[1m*scratch*   [0m[39;49m[27m[7m   All L1     (Lisp Interaction ElDoc) ------------------------------------[0m[39;49m[27m
[A[2d[?12l[?25h[?12;25h[?2004h[35d[?25lFor information about GNU Emacs and the GNU system, type C-h C-a.[K[H
[?12l[?25h[?12;25h[35d[K[H[?25l[7mFile Edit Options Buffers Tools C Help                                                              [0m[39;49m[27m
[A
[1m[34m#include[0m[39;49m [32m<errno.h>[39;49m[K
[1m[34m#include[0m[39;49m [32m<stdio.h>[39;49m[K
[1m[34m#include[0m[39;49m [32m<stdlib.h>[39;49m[K
[1m[34m#include[0m[39;49m [32m<string.h>[39;49m[K
[K
[1m[36mstatic[0m[39;49m [32mvoid[39;49m[K
[1m[34mdoCopy[0m[39;49m([1m[36mconst[0m[39;49m [32mchar[39;49m *[33minName[39;49m, [32mFILE[39;49m *[33min[39;49m, [1m[36mconst[0m[39;49m [32mchar[39;49m *[33moutName[39;49m, [32mFILE[39;49m *[33mout[39;49m)[K
{[K
  [32mint[39;49m [33mc[39;49m;[K
  [1m[36mwhile[0m[39;49m ((c = fgetc(in)) != EOF) {[K
    [1m[36mif[0m[39;49m (fputc(c, out) == EOF) {[K
      fprintf(stderr, [32m"error writing to %s: %s\n"[39;49m, outName, strerror(errno));[K
      exit(1);[K
    }[K
  }[K
}[K
[K
[31m/** Output number of chars in file specified by single command-line                                 [39;49m
[A
[31m *  argument.                                                                                       [39;49m
[A
[31m */[39;49m[K
[32mint[39;49m[K
[1m[34mmain[0m[39;49m([32mint[39;49m [33margc[39;49m, [1m[36mconst[0m[39;49m [32mchar[39;49m *[33margv[39;49m[])[K
{[K
  [1m[36mif[0m[39;49m (argc != 3) {[K
    fprintf(stderr, [32m"usage: %s SRC_NAME DEST_NAME\n"[39;49m, argv[0]);[K
    exit(1);[K
  }[K
  [1m[36mconst[0m[39;49m [32mchar[39;49m *[33msrcName[39;49m = argv[1];[K
  [1m[36mconst[0m[39;49m [32mchar[39;49m *[33mdestName[39;49m = argv[2];[K
  [32mFILE[39;49m *[33min[39;49m = fopen(srcName, [32m"r"[39;49m);[K
  [1m[36mif[0m[39;49m (!in) {[K
    fprintf(stderr, [32m"cannot read %s: %s\n"[39;49m, srcName, strerror(errno));[K
[7m-UU-:----F1  [0m[39;49m[27m[7m[1mfile-copy.c [0m[39;49m[27m[7m   Top L2    [0m[39;49m[27m[7mGit-master[0m[39;49m[27m[7m  (C/*l Abbrev) ------------------------------------[0m[39;49m[27m
[A[3d[?12l[?25h[?12;25h[34;34H[?25l[7m3[0m[39;49m[27m[4;1H[?12l[?25h[?12;25h[34;34H[?25l[7m4[0m[39;49m[27m[5;1H[?12l[?25h[?12;25h[34;34H[?25l[7m5[0m[39;49m[27m[6;1H[?12l[?25h[?12;25h[34;34H[?25l[7m6[0m[39;49m[27m[7;1H[?12l[?25h[?12;25h[34;34H[?25l[7m7[0m[39;49m[27m[8;1H[?12l[?25h[?12;25h[34;34H[?25l[7m8[0m[39;49m[27m[9;1H[?12l[?25h[?12;25h[34;34H[?25l[7m9[0m[39;49m[27m[10;1H[?12l[?25h[?12;25h[34;34H[?25l[7m10[0m[39;49m[27m[11;1H[?12l[?25h[?12;25h[34;35H[?25l[7m1[0m[39;49m[27m[12;1H[?12l[?25h[?12;25h[34;35H[?25l[7m2[0m[39;49m[27m[13;1H[?12l[?25h[?12;25h[34;35H[?25l[7m3[0m[39;49m[27m[14;1H[?12l[?25h[?12;25h[34;35H[?25l[7m4[0m[39;49m[27m[15;1H[?12l[?25h[?12;25h[34;35H[?25l[7m5[0m[39;49m[27m[16;1H[?12l[?25h[?12;25h[34;35H[?25l[7m6[0m[39;49m[27m[17;1H[?12l[?25h[?12;25h[34;35H[?25l[7m7[0m[39;49m[27m[18;1H[?12l[?25h[?12;25h[34;35H[?25l[7m8[0m[39;49m[27m[19;1H[?12l[?25h[?12;25h[34;35H[?25l[7m7[0m[39;49m[27m[18;1H[?12l[?25h[?12;25h[34;35H[?25l[7m6[0m[39;49m[27m[17;1H[?12l[?25h[?12;25h[34;35H[?25l[7m5[0m[39;49m[27m[16;1H[?12l[?25h[?12;25h[34;35H[?25l[7m4[0m[39;49m[27m[15;1H[?12l[?25h[?12;25h[34;35H[?25l[7m3[0m[39;49m[27m[14;1H[?12l[?25h[?12;25h[34;35H[?25l[7m2[0m[39;49m[27m[13;1H[?12l[?25h[?12;25h[C[C[C[C[34;35H[?25l[7m1[0m[39;49m[27m[12;5H[?12l[?25h[?12;25h[C[C		[C[C[C[C[C[C		[C[34;35H[?25l[7m0[0m[39;49m[27m[11;18H[?12l[?25h[?12;25h[34;34H[?25l[7m9 [0m[39;49m[27m[10;9H[?12l[?25h[?12;25h[34;34H[?25l[7m10[0m[39;49m[27m[11;18H[?12l[?25h[?12;25h[34;35H[?25l[7m1[0m[39;49m[27m[12;18H[?12l[?25h[?12;25h[34;35H[?25l[7m2[0m[39;49m[27m[13;18H[?12l[?25h[?12;25h[34;35H[?25l[7m3[0m[39;49m[27m[14;15H[?12l[?25h[?12;25h[34;35H[?25l[7m2[0m[39;49m[27m[13;18H[?12l[?25h[?12;25h[34;35H[?25l[7m1[0m[39;49m[27m[12;18H[?12l[?25h[?12;25h[34;35H[?25l[7m0[0m[39;49m[27m[11;18H[?12l[?25h[?12;25h[34;34H[?25l[7m9 [0m[39;49m[27m[10;9H[?12l[?25h[?12;25h[34;34H[?25l[7m10[0m[39;49m[27m[11;18H[?12l[?25h[?12;25h[34;34H[?25l[7m9 [0m[39;49m[27m[10;9H[?12l[?25h[?12;25h[34;34H[?25l[7m10[0m[39;49m[27m[11;18H[?12l[?25h[?12;25h[34;35H[?25l[7m1[0m[39;49m[27m[12;18H[?12l[?25h[?12;25h[34;35H[?25l[7m2[0m[39;49m[27m[13;18H[?12l[?25h[?12;25h[34;35H[?25l[7m3[0m[39;49m[27m[14;15H[?12l[?25h[?12;25h[34;35H[?25l[7m4[0m[39;49m[27m[15;6H[?12l[?25h[?12;25h[34;35H[?25l[7m5[0m[39;49m[27m[16;4H[?12l[?25h[?12;25h[1;33r[17;1H[1L[1;35r[17;1H[K[34;6H[?25l[7m**--F1  [0m[39;49m[27m[7m[1mfile-copy.c [0m[39;49m[27m[7m   Top L16[0m[39;49m[27m[17;3H[?12l[?25h[?12;25h[?25li[?12l[?25h[?12;25h[?25l[1m[36mif[0m[39;49m[?12l[?25h[?12;25h[C[?25l([?12l[?25h[?12;25h[?25lf[?12l[?25h[?12;25h[?25le[?12l[?25h[?12;25h[?25lr[?12l[?25h[?12;25h[?25lr[?12l[?25h[?12;25h[?25lo[?12l[?25h[?12;25h[?25lr[?12l[?25h[?12;25h[?25l([?12l[?25h[?12;25h[?25li[?12l[?25h[?12;25h[?25ln[?12l[?25h[?12;25h[?25l[46m([39;49min)[?12l[?25h[?12;25h[17;6H[?25l[46m([39;49mferror(in))[?12l[?25h[?12;25h[17;6H[?25l(ferror(in)){[?12l[?25h[?12;25h[1;33r[18;1H[1L[1;35r[18;1H[K[34;35H[?25l[7m7[0m[39;49m[27m[18;5H[?12l[?25h[?12;25h[?25lc[?12l[?25h[?12;25h[?25ll[?12l[?25h[?12;25h[?25le[?12l[?25h[?12;25h[?25la[?12l[?25h[?12;25h[?25lr[?12l[?25h[?12;25h[?25le[?12l[?25h[?12;25h[?25lr[?12l[?25h[?12;25h[?25lr[?12l[?25h[?12;25h[K[?25l([?12l[?25h[?12;25h[?25li[?12l[?25h[?12;25h[?25ln[?12l[?25h[?12;25h[?25l[46m([39;49min)[?12l[?25h[?12;25h[?25l(in);[?12l[?25h[?12;25h[K[K[K[K[K[K[K[?25le[?12l[?25h[?12;25h[?25lr[?12l[?25h[?12;25h[?25lr[?12l[?25h[?12;25h[?25l([?12l[?25h[?12;25h[?25li[?12l[?25h[?12;25h[?25ln[?12l[?25h[?12;25h[?25l[46m([39;49min)[?12l[?25h[?12;25h[?25l(in);[?12l[?25h[?12;25h[1;33r[19;1H[1L[1;35r[19;1H[K[34;35H[?25l[7m8[0m[39;49m[27m[19;5H[?12l[?25h[?12;25h[?25le[?12l[?25h[?12;25h[?25lx[?12l[?25h[?12;25h[?25li[?12l[?25h[?12;25h[?25lt[?12l[?25h[?12;25h[?25l([?12l[?25h[?12;25h[?25l1[?12l[?25h[?12;25h[?25l[46m([39;49m1)[?12l[?25h[?12;25h	[?25l(1);[?12l[?25h[?12;25h[1;33r[20;1H[1L[1;35r[20;1H[K[34;35H[?25l[7m9[0m[39;49m[27m[20;5H[?12l[?25h[?12;25h[17;18H[?25l[46m{[39;49m[20;3H}[?12l[?25h[?12;25h[1;33r[21;1H[1L[1;35r[17;18H[?25l{



[K[34;34H[7m20[0m[39;49m[27m[21;3H[?12l[?25h[?12;25h[9;1H[?25l[46m{[39;49m[21;1H}[?12l[?25h[?12;25h[9;1H[?25l{[21;1H[K[?12l[?25h[?12;25h[1;33r[21;1H[1M[1;35r[33;1H[?25l  [1m[36mconst[0m[39;49m [32mchar[39;49m *[33msrcName[39;49m = argv[1];[K
[C[7m19[0m[39;49m[27m[20;4H[?12l[?25h[?12;25h[35;1H[?25lSaving file /home/thur1/git-repos/i220a/work/lab13/files/file-copy/file-copy.c...[20;4H[?12l[?25h[?12;25h[35;1H[?25lWrote /home/thur1/git-repos/i220a/work/lab13/files/file-copy/file-copy.c[K[20;4H[?12l[?25h[?12;25h[34;6H[?25l[7m----F1  [0m[39;49m[27m[7m[1mfile-copy.c [0m[39;49m[27m[7m   Top L19   [0m[39;49m[27m[7mGit:[0m[39;49m[27m[20;4H[?12l[?25h[?12;25h[35;1H[K[20;4H[35;1H[K[?2004l[?1l>[?12l[?25h[?1049l[23;0;0t[39;49mthur1@remote05:~/git-repos/i220a/work/lab13/files/file-copy$ make
gcc -g -Wall -std=c11    file-copy.c   -o file-copy
thur1@remote05:~/git-repos/i220a/work/lab13/files/file-copy$ makeemacs file-copy.cls[Kemacs file-copy.c[K[K[K[K[K[K[K[K[K[K[K[K[K[K[K[K[K./file-copy
usage: ./file-copy SRC_NAME DEST_NAME
thur1@remote05:~/git-repos/i220a/work/lab13/files/file-copy$ cmp[K[K[Krm -f t
thur1@remote05:~/git-repos/i220a/work/lab13/files/file-copy$ ./file-copy file-copy.c t
thur1@remote05:~/git-repos/i220a/work/lab13/files/file-copy$ ./file-copy Makfe[K[Kefile t
thur1@remote05:~/git-repos/i220a/work/lab13/files/file-copy$ wc - l[K[Kl file-copy.c Makefile
  54 file-copy.c
  10 Makefile
  64 total
thur1@remote05:~/git-repos/i220a/work/lab13/files/file-copy$ wc - l[K[Kl t
10 t
thur1@remote05:~/git-repos/i220a/work/lab13/files/file-copy$ cd ..
thur1@remote05:~/git-repos/i220a/work/lab13/files$ ls
file-char-count  file-copy  lab13.log  no-buffer-copy  rec-io  stdin-char-count
thur1@remote05:~/git-repos/i220a/work/lab13/files$ cd no-buffer-copy
thur1@remote05:~/git-repos/i220a/work/lab13/files/no-buffer-copy$ ls
Makefile  no-buffer-copy.c
thur1@remote05:~/git-repos/i220a/work/lab13/files/no-buffer-copy$ make
gcc -g -Wall -std=c11    no-buffer-copy.c   -o no-buffer-copy
thur1@remote05:~/git-repos/i220a/work/lab13/files/no-buffer-copy$ time ./no-buffer-copy 'which gcc[K[K[K[K[K[K[K[K[Kwhich gcc'  /dev/null 1
cannot read which gcc: No such file or directory

real	0m0.004s
user	0m0.000s
sys	0m0.001s
thur1@remote05:~/git-repos/i220a/work/lab13/files/no-buffer-copy$ time ./no-buffer-copy 'which gcc' /dev/null 1[K-[K0
cannot read which gcc: No such file or directory

real	0m0.002s
user	0m0.001s
sys	0m0.000s
thur1@remote05:~/git-repos/i220a/work/lab13/files/no-buffer-copy$ cd ..
thur1@remote05:~/git-repos/i220a/work/lab13/files$ ls
file-char-count  file-copy  lab13.log  no-buffer-copy  rec-io  stdin-char-count
thur1@remote05:~/git-repos/i220a/work/lab13/files$ cd reci[K-io
thur1@remote05:~/git-repos/i220a/work/lab13/files/rec-io$ make
gcc -g -Wall -std=c11   -c -o gen-rand-points.o gen-rand-points.c
gcc   gen-rand-points.o  -lm -o gen-rand-points
gcc -g -Wall -std=c11   -c -o stat-points.o stat-points.c
gcc -g -Wall -std=c11   -c -o dyn-array.o dyn-array.c
gcc   stat-points.o dyn-array.o  -lm -o stat-points
thur1@remote05:~/git-repos/i220a/work/lab13/files/rec-io$ ./gen-rand-points 1-- points.dat
average magnitude = 965.238
thur1@remote05:~/git-repos/i220a/work/lab13/files/rec-io$ ./gen-rand-points 1-- points.dat[1P points.dat[1P points.dat- points.dat[1P points.dat0 points.dat0 points.dat
average magnitude = 752.156
thur1@remote05:~/git-repos/i220a/work/lab13/files/rec-io$ emacs points.ad[K[Kdat
[?1049h[22;0;0t[?12;25h[?1h=[H[2J[35d[K[?1l>[?12l[?25h[?1049l[23;0;0t[39;49m[?1049h[22;0;0t[?12;25h[?1h=[H[2J[34d[?25l[7m-UUU:----F1  [0m[39;49m[27m[7m[1m*scratch*   [0m[39;49m[27m[7m   All L1     (Fundamental) -----------------------------------------------[0m[39;49m[27m
[A[2d[?12l[?25h[?12;25h[35d[?25lLoading /etc/emacs/site-start.d/00debian.el (source)...done[K[H
[?12l[?25h[?12;25h[35;33H[?25l50a2ps.el (source)...[K[H
[?12l[?25h[?12;25h[35;54H[?25ldone[H
[?12l[?25h[?12;25h[35;36H[?25lsymptote.el (source)...[H
[?12l[?25h[?12;25h[35;59H[?25ldone[H
[?12l[?25h[?12;25h[35;36H[?25lutoconf.el (source)...[K[H
[?12l[?25h[?12;25h[35;58H[?25ldone[H
[?12l[?25h[?12;25h[35;35H[?25lcmake-data.el (source)...[K[H
[?12l[?25h[?12;25h[35;60H[?25ldone[H
[?12l[?25h[?12;25h[35;35H[?25ldictionaries-common.el (source)...[H
[?12l[?25h[?12;25h[35;9H[?25ldebian-ispell...[K[H
[?12l[?25h[?12;25h[35;9H[?25l/var/cache/dictionaries-common/emacsen-ispell-default.el (source)...[H
[?12l[?25h[?12;25h[35;77H[?25ldone[H
[?12l[?25h[?12;25h[35;9H[?25ldebian-ispell...done[K[H
[?12l[?25h[?12;25h[35;9H[?25l/var/cache/dictionaries-common/emacsen-ispell-dicts.el (source)...[H
[?12l[?25h[?12;25h[35;75H[?25ldone[H
[?12l[?25h[?12;25h[35;10H[?25letc/emacs/site-start.d/50dictionaries-common[6P[H
[?12l[?25h[?12;25h[35;35H[?25lerlang-mode.el (source)...[K[H
[?12l[?25h[?12;25h[35;61H[?25ldone[H
[?12l[?25h[?12;25h[35;35H[?25lhaskell-mode.el (source)...[K[H
[?12l[?25h[?12;25h[35;10H[?25lusr/share/emacs/site-lisp/elpa/haskel[34@l-mode-16.1/haskell-mode-autoloads[H
[?12l[?25h[?12;25h[35;96H[?25ldone[H
[?12l[?25h[?12;25h[35;10H[?25letc/emacs/site-start.d/50haskell-mode[34P[H
[?12l[?25h[?12;25h[35;35H[?25llatex-cjk-common.el (source)...[H
[?12l[?25h[?12;25h[35;10H[?25lusr/share/emacs/site-lisp/latex-cjk-commo[9@n/cjk-enc[H
[?12l[?25h[?12;25h[35;75H[?25ldone[H
[?12l[?25h[?12;25h[35;10H[?25letc/emacs/site-start.d/50latex-cjk-common[9P[H
[?12l[?25h[?12;25h[35;45H[?25lthai.el (source)...[K[H
[?12l[?25h[?12;25h[35;64H[?25ldone[H
[?12l[?25h[?12;25h[35;35H[?25lpsvn.el (source)...[K[H
[?12l[?25h[?12;25h[35;54H[?25ldone[H
[?12l[?25h[?12;25h[35;36H[?25lython-docutils.el (source)...[H
[?12l[?25h[?12;25h[35;65H[?25ldone[H
[?12l[?25h[?12;25h[35;35H[?25ltcsh.el (source)...[K[H
[?12l[?25h[?12;25h[35;54H[?25ldone[H
[?12l[?25h[?12;25h[35;36H[?25lexlive-lang-english.el (source)...[H
[?12l[?25h[?12;25h[35;70H[?25ldone[H
[?12l[?25h[?12;25h[>0c[35d[?25lLoading /etc/emacs/site-start.d/50texlive-lang-english.el (source)...done[K[H[7mFile Edit Options Buffers Tools Lisp-Interaction Help                                               [0m[39;49m[27m
[A
[K
[K
[K
[K
[K
[K
[K
[K
[K
[K
[K
[K
[K
[K
[K
[K
[K
[K
[K
[K
[K
[K
[K
[K
[K
[K
[K
[K
[K
[K
[K
[K
[7m-UUU:----F1  [0m[39;49m[27m[7m[1m*scratch*   [0m[39;49m[27m[7m   All L1     (Lisp Interaction ElDoc) ------------------------------------[0m[39;49m[27m
[A[2d[?12l[?25h[?12;25h[?2004h[35d[?25lFor information about GNU Emacs and the GNU system, type C-h C-a.[K[H
[?12l[?25h[?12;25h[35d[?25lFor information about GNU Emacs and the GNU system, type C-h C-a.[K[H[7mFile Edit Options Buffers Tools Help                                                                [0m[39;49m[27m
[A
[31m^?^A^@^@[39;49mv[31m^C^@^@[39;49m [31m^C^@^@\223^C^@^@^Y^C^@^@[39;49mO[31m^A^@^@\202^A^@^@\354^A^@^@\211^B^@^@\245^A^@^@[39;49mj[31m^A^@^@^[^@^[39;49m\
[A
[31m@^@\262^B^@^@[39;49m;[31m^@^@^@\373^B^@^@\236^C^@^@^\^B^@^@\252^A^@^@\254^@^@^@\340^B^@^@\323^@^@^@[39;49mp[31m^A^@^@[39;49m7[31m^B^[39;49m\
[A
[31m@^@\255^A^@^@^N^C^@^@^R^B^@^@[39;49m^[31m^C^@^@[39;49m{[31m^@^@^@[39;49mC[31m^@^@^@\207^@^@^@\241^C^@^@[39;49m"[31m^C^@^@^V^@^@^@[39;49m:[31m^@^@^@[39;49mE[31m^@^@^@[39;49m\
[A
[31m\247^@^@^@\211^A^@^@\310^A^@^@^K^@^@^@[39;49m*[31m^@^@^@\345^@^@^@[39;49mu[31m^A^@^@\245^A^@^@\227^C^@^@^P^C^@^@^Y^B^@^@\[39;49m\
[A
[31m306^@^@^@[39;49mD[31m^A^@^@[39;49m;[31m^A^@^@[39;49mr[31m^A^@^@\235^A^@^@^N^B^@^@[39;49m[[31m^@^@^@\324^C^@^@\274^C^@^@[39;49mi[31m^C^@^@[39;49m^[31m^C^@^@\252^@^@^@[39;49m\
[A
[31m\344^C^@^@^Y^A^@^@[39;49m1[31m^A^@^@\235^C^@^@[39;49mT[31m^@^@^@[39;49mG[31m^A^@^@[39;49mP[31m^A^@^@\371^A^@^@[39;49mN[31m^C^@^@\331^B^@^@[39;49m9[31m^A^@^@[39;49mY[31m^C^@^@[39;49m|[31m^[39;49m\
[A
[31m@^@^@^?^C^@^@[39;49mF[31m^B^@^@[39;49m![31m^B^@^@[39;49m.[31m^C^@^@[39;49mo[31m^A^@^@\262^A^@^@[39;49ml[31m^A^@^@[39;49m+[31m^@^@^@\356^B^@^@[39;49mW[31m^@^@^@[39;49m([31m^C^@^@^T^A^@^@\2[39;49m\
[A
[31m62^@^@^@^T^C^@^@[39;49mH[31m^B^@^@\223^A^@^@\213^B^@^@\362^B^@^@\217^A^@^@\244^C^@^@[39;49m<[31m^@^@^@\244^B^@^@[39;49mp[31m^A^@^@\3[39;49m\
[A
[31m43^B^@^@^L^@^@^@\342^@^@^@[39;49mJ[31m^B^@^@[39;49m^[31m^@^@^@^[^B^@^@^[^C^@^@[39;49m:[31m^B^@^@\262^A^@^@[39;49mz[31m^A^@^@\323^A^@^@[39;49mY[31m^B^@^@[39;49ma[31m^[39;49m\
[A
[31m@^@^@\206^C^@^@[39;49m=[31m^A^@^@\354^A^@^@\214^B^@^@\364^B^@^@[39;49m-[31m^A^@^@^X^A^@^@^^^A^@^@\271^A^@^@[39;49ma[31m^C^@^@\261^B^[39;49m\
[A
[31m@^@\274^A^@^@[39;49mk[31m^B^@^@\270^A^@^@\331^B^@^@^_^@^@^@[39;49mu[31m^@^@^@[39;49ma[31m^@^@^@^C^C^@^@\341^A^@^@\243^B^@^@\305^B^@^[39;49m\
[A
[31m@\237^C^@^@[39;49m7[31m^B^@^@[39;49mX[31m^C^@^@\361^A^@^@[39;49ma[31m^A^@^@[39;49mJ[31m^B^@^@\305^C^@^@[39;49m2[31m^A^@^@\253^B^@^@\333^@^@^@[39;49mp[31m^B^@^@^P^B^@[39;49m\
[A
[31m^@[39;49mg[31m^C^@^@\334^B^@^@[39;49m=[31m^C^@^@\367^A^@^@^S^@^@^@^N^A^@^@[39;49mp[31m^A^@^@\304^B^@^@\313^B^@^@[39;49mT[31m^A^@^@\225^@^@^@^\^[39;49m\
[A
[31mC^@^@\323^B^@^@[39;49mj[31m^B^@^@\365^@^@^@[39;49mN[31m^C^@^@\303^A^@^@\231^C^@^@[39;49m+[31m^B^@^@[39;49m{[31m^A^@^@\350^A^@^@\374^B^@^@\344^@[39;49m\
[A
[31m^@^@[39;49mI[31m^C^@^@[39;49m^[31m^A^@^@\301^@^@^@\364^A^@^@[39;49m"[31m^@^@^@\374^B^@^@[39;49m|[31m^@^@^@\222^C^@^@\333^C^@^@[39;49mX[31m^C^@^@\347^B^@^@[39;49m\
[A
[31m\353^A^@^@\343^@^@^@[39;49mm[31m^A^@^@[39;49m[[31m^C^@^@\250^C^@^@\260^A^@^@[39;49m'[31m^B^@^@\265^A^@^@\344^@^@^@^S^A^@^@\227^A^@^@[39;49m\
[A
[31m\332^A^@^@[39;49my[31m^@^@^@[39;49mZ[31m^C^@^@\213^A^@^@^]^@^@^@\355^@^@^@\353^@^@^@^Y^C^@^@[39;49m2[31m^C^@^@\254^A^@^@\217^@^@^@^K[39;49m\
[A
[31m^@^@^@\240^C^@^@^Q^B^@^@[39;49m[K
[K
[K
[K
[K
[K
[K
[K
[K
[K
[K
[K
[K
[K
[K
[7m-UU=:----F1  [0m[39;49m[27m[7m[1mpoints.dat  [0m[39;49m[27m[7m   All L1    [0m[39;49m[27m[7mGit:master[0m[39;49m[27m[7m  (Fundamental) ------------------------------------[0m[39;49m[27m
[A[2d[?12l[?25h[?12;25h[35d[K[2d[35d[K[?2004l[?1l>[?12l[?25h[?1049l[23;0;0t[39;49mthur1@remote05:~/git-repos/i220a/work/lab13/files/rec-io$ ./stat-points pointsd[K.dat
min = 43.4166
average = 752.156
median = 773.59
max = 1306.49
thur1@remote05:~/git-repos/i220a/work/lab13/files/rec-io$ emacs [K[K[K[K[K[Kls
dyn-array.c  dyn-array.o      gen-rand-points.c  Makefile  points.dat	stat-points.c
dyn-array.h  gen-rand-points  gen-rand-points.o  point2.h  stat-points	stat-points.o
thur1@remote05:~/git-repos/i220a/work/lab13/files/rec-io$ emacs gen-rand-points.c
[?1049h[22;0;0t[?12;25h[?1h=[H[2J[35d[K[?1l>[?12l[?25h[?1049l[23;0;0t[39;49m[?1049h[22;0;0t[?12;25h[?1h=[H[2J[34d[?25l[7m-UUU:----F1  [0m[39;49m[27m[7m[1m*scratch*   [0m[39;49m[27m[7m   All L1     (Fundamental) -----------------------------------------------[0m[39;49m[27m
[A[2d[?12l[?25h[?12;25h[35d[?25lLoading /etc/emacs/site-start.d/00debian.el (source)...done[K[H
[?12l[?25h[?12;25h[35;33H[?25l50a2ps.el (source)...[K[H
[?12l[?25h[?12;25h[35;54H[?25ldone[H
[?12l[?25h[?12;25h[35;36H[?25lsymptote.el (source)...[H
[?12l[?25h[?12;25h[35;59H[?25ldone[H
[?12l[?25h[?12;25h[35;36H[?25lutoconf.el (source)...[K[H
[?12l[?25h[?12;25h[35;58H[?25ldone[H
[?12l[?25h[?12;25h[35;35H[?25lcmake-data.el (source)...[K[H
[?12l[?25h[?12;25h[35;60H[?25ldone[H
[?12l[?25h[?12;25h[35;35H[?25ldictionaries-common.el (source)...[H
[?12l[?25h[?12;25h[35;9H[?25ldebian-ispell...[K[H
[?12l[?25h[?12;25h[35;9H[?25l/var/cache/dictionaries-common/emacsen-ispell-default.el (source)...[H
[?12l[?25h[?12;25h[35;77H[?25ldone[H
[?12l[?25h[?12;25h[35;9H[?25ldebian-ispell...done[K[H
[?12l[?25h[?12;25h[35;9H[?25l/var/cache/dictionaries-common/emacsen-ispell-dicts.el (source)...[H
[?12l[?25h[?12;25h[35;75H[?25ldone[H
[?12l[?25h[?12;25h[35;10H[?25letc/emacs/site-start.d/50dictionaries-common[6P[H
[?12l[?25h[?12;25h[35;35H[?25lerlang-mode.el (source)...[K[H
[?12l[?25h[?12;25h[35;61H[?25ldone[H
[?12l[?25h[?12;25h[35;35H[?25lhaskell-mode.el (source)...[K[H
[?12l[?25h[?12;25h[35;10H[?25lusr/share/emacs/site-lisp/elpa/haskel[34@l-mode-16.1/haskell-mode-autoloads[H
[?12l[?25h[?12;25h[35;96H[?25ldone[H
[?12l[?25h[?12;25h[35;10H[?25letc/emacs/site-start.d/50haskell-mode[34P[H
[?12l[?25h[?12;25h[35;35H[?25llatex-cjk-common.el (source)...[H
[?12l[?25h[?12;25h[35;10H[?25lusr/share/emacs/site-lisp/latex-cjk-commo[9@n/cjk-enc[H
[?12l[?25h[?12;25h[35;75H[?25ldone[H
[?12l[?25h[?12;25h[35;10H[?25letc/emacs/site-start.d/50latex-cjk-common[9P[H
[?12l[?25h[?12;25h[35;45H[?25lthai.el (source)...[K[H
[?12l[?25h[?12;25h[35;64H[?25ldone[H
[?12l[?25h[?12;25h[35;35H[?25lpsvn.el (source)...[K[H
[?12l[?25h[?12;25h[35;54H[?25ldone[H
[?12l[?25h[?12;25h[35;36H[?25lython-docutils.el (source)...[H
[?12l[?25h[?12;25h[35;65H[?25ldone[H
[?12l[?25h[?12;25h[35;35H[?25ltcsh.el (source)...[K[H
[?12l[?25h[?12;25h[35;54H[?25ldone[H
[?12l[?25h[?12;25h[35;36H[?25lexlive-lang-english.el (source)...[H
[?12l[?25h[?12;25h[35;70H[?25ldone[H
[?12l[?25h[?12;25h[>0c[35d[?25lLoading /etc/emacs/site-start.d/50texlive-lang-english.el (source)...done[K[H[7mFile Edit Options Buffers Tools Lisp-Interaction Help                                               [0m[39;49m[27m
[A
[K
[K
[K
[K
[K
[K
[K
[K
[K
[K
[K
[K
[K
[K
[K
[K
[K
[K
[K
[K
[K
[K
[K
[K
[K
[K
[K
[K
[K
[K
[K
[K
[7m-UUU:----F1  [0m[39;49m[27m[7m[1m*scratch*   [0m[39;49m[27m[7m   All L1     (Lisp Interaction ElDoc) ------------------------------------[0m[39;49m[27m
[A[2d[?12l[?25h[?12;25h[?2004h[35d[?25lFor information about GNU Emacs and the GNU system, type C-h C-a.[K[H
[?12l[?25h[?12;25h[35d[?25lFor information about GNU Emacs and the GNU system, type C-h C-a.[K[H[7mFile Edit Options Buffers Tools C Help                                                              [0m[39;49m[27m
[A
[1m[34m#include[0m[39;49m [32m<errno.h>[39;49m[K
[1m[34m#include[0m[39;49m [32m<math.h>[39;49m[K
[1m[34m#include[0m[39;49m [32m<stdlib.h>[39;49m[K
[1m[34m#include[0m[39;49m [32m<stdio.h>[39;49m[K
[1m[34m#include[0m[39;49m [32m<string.h>[39;49m[K
[K
[1m[34m#include[0m[39;49m [32m"point2.h"[39;49m[K
[K
[1m[36mstatic[0m[39;49m [32mvoid[39;49m [1m[36m__attribute__[0m[39;49m((noreturn))[K
[1m[34musage[0m[39;49m([1m[36mconst[0m[39;49m [32mchar[39;49m *[33mprogName[39;49m)[K
{[K
  fprintf(stderr, [32m"usage: %s N_POINTS OUT_FILE\n"[39;49m, progName);[K
  exit(1);[K
}[K
[K
[1m[36mstatic[0m[39;49m [32mint[39;49m[K
[1m[34mrandCoord[0m[39;49m([32mvoid[39;49m)[K
{[K
  [1m[36menum[0m[39;49m { [33mMAX[39;49m = 1000 }; [31m//exclusive                                                                  [39;49m
[A
  [31m//statistically unsound; see                                                                      [39;49m
[A
  [31m//<https://stackoverflow.com/questions/4195958/how-do-i-scale-down-numbers-from-rand>             [39;49m
[A
  [1m[36mreturn[0m[39;49m rand() % MAX;[K
}[K
[K
[32mint[39;49m[K
[1m[34mmain[0m[39;49m([32mint[39;49m [33margc[39;49m, [1m[36mconst[0m[39;49m [32mchar[39;49m *[33margv[39;49m[])[K
{[K
  [1m[36mif[0m[39;49m (argc != 3) usage(argv[0]);[K
  [32mint[39;49m [33mnPoints[39;49m = atoi(argv[1]);[K
  [1m[36mif[0m[39;49m (nPoints <= 0) usage(argv[0]);[K
  [1m[36mconst[0m[39;49m [32mchar[39;49m *[33moutName[39;49m = argv[2];[K
  [32mFILE[39;49m *[33mout[39;49m = fopen(outName, [32m"w"[39;49m);[K
[7m-UU-:----F1  [0m[39;49m[27m[7m[1mgen-rand-points.c[0m[39;49m[27m[7m   Top L1    [0m[39;49m[27m[7mGit-master[0m[39;49m[27m[7m  (C/*l Abbrev) -------------------------------[0m[39;49m[27m
[A[2d[?12l[?25h[?12;25h[35d[K[34;39H[?25l[7m2[0m[39;49m[27m[H

[?12l[?25h[?12;25h[34;39H[?25l[7m3[0m[39;49m[27m[4;1H[?12l[?25h[?12;25h[34;39H[?25l[7m4[0m[39;49m[27m[5;1H[?12l[?25h[?12;25h[34;39H[?25l[7m5[0m[39;49m[27m[6;1H[?12l[?25h[?12;25h[34;39H[?25l[7m6[0m[39;49m[27m[7;1H[?12l[?25h[?12;25h[34;39H[?25l[7m7[0m[39;49m[27m[8;1H[?12l[?25h[?12;25h[34;39H[?25l[7m8[0m[39;49m[27m[9;1H[?12l[?25h[?12;25h[34;39H[?25l[7m9[0m[39;49m[27m[10;1H[?12l[?25h[?12;25h[34;39H[?25l[7m10[0m[39;49m[27m[11;1H[?12l[?25h[?12;25h[34;40H[?25l[7m1[0m[39;49m[27m[12;1H[?12l[?25h[?12;25h[34;40H[?25l[7m2[0m[39;49m[27m[13;1H[?12l[?25h[?12;25h[34;40H[?25l[7m3[0m[39;49m[27m[14;1H[?12l[?25h[?12;25h[34;40H[?25l[7m4[0m[39;49m[27m[15;1H[?12l[?25h[?12;25h[34;40H[?25l[7m5[0m[39;49m[27m[16;1H[?12l[?25h[?12;25h[34;40H[?25l[7m6[0m[39;49m[27m[17;1H[?12l[?25h[?12;25h[34;40H[?25l[7m7[0m[39;49m[27m[18;1H[?12l[?25h[?12;25h[34;40H[?25l[7m8[0m[39;49m[27m[19;1H[?12l[?25h[?12;25h[34;40H[?25l[7m9[0m[39;49m[27m[20;1H[?12l[?25h[?12;25h[34;39H[?25l[7m20[0m[39;49m[27m[21;1H[?12l[?25h[?12;25h[34;40H[?25l[7m1[0m[39;49m[27m[22;1H[?12l[?25h[?12;25h[34;40H[?25l[7m2[0m[39;49m[27m[23;1H[?12l[?25h[?12;25h[34;40H[?25l[7m3[0m[39;49m[27m[24;1H[?12l[?25h[?12;25h[34;40H[?25l[7m4[0m[39;49m[27m[25;1H[?12l[?25h[?12;25h[34;40H[?25l[7m5[0m[39;49m[27m[26;1H[?12l[?25h[?12;25h[34;40H[?25l[7m6[0m[39;49m[27m[27;1H[?12l[?25h[?12;25h[34;40H[?25l[7m7[0m[39;49m[27m[28;1H[?12l[?25h[?12;25h[34;40H[?25l[7m8[0m[39;49m[27m[29;1H[?12l[?25h[?12;25h[34;40H[?25l[7m7[0m[39;49m[27m[28;1H[?12l[?25h[?12;25h[34;40H[?25l[7m6[0m[39;49m[27m[27;1H[?12l[?25h[?12;25h[34;40H[?25l[7m5[0m[39;49m[27m[26;1H[?12l[?25h[?12;25h[34;40H[?25l[7m4[0m[39;49m[27m[25;1H[?12l[?25h[?12;25h[34;40H[?25l[7m3[0m[39;49m[27m[24;1H[?12l[?25h[?12;25h[34;40H[?25l[7m2[0m[39;49m[27m[23;1H[?12l[?25h[?12;25h[34;40H[?25l[7m1[0m[39;49m[27m[22;1H[?12l[?25h[?12;25h[34;40H[?25l[7m0[0m[39;49m[27m[21;1H[?12l[?25h[?12;25h[34;39H[?25l[7m19[0m[39;49m[27m[20;1H[?12l[?25h[?12;25h[34;40H[?25l[7m8[0m[39;49m[27m[19;1H[?12l[?25h[?12;25h[34;40H[?25l[7m7[0m[39;49m[27m[18;1H[?12l[?25h[?12;25h[34;40H[?25l[7m6[0m[39;49m[27m[17;1H[?12l[?25h[?12;25h[34;40H[?25l[7m5[0m[39;49m[27m[16;1H[?12l[?25h[?12;25h[34;40H[?25l[7m6[0m[39;49m[27m[17;1H[?12l[?25h[?12;25h[34;40H[?25l[7m7[0m[39;49m[27m[18;1H[?12l[?25h[?12;25h[34;40H[?25l[7m8[0m[39;49m[27m[19;1H[?12l[?25h[?12;25h[34;40H[?25l[7m9[0m[39;49m[27m[20;1H[?12l[?25h[?12;25h[34;39H[?25l[7m20[0m[39;49m[27m[21;1H[?12l[?25h[?12;25h[34;40H[?25l[7m1[0m[39;49m[27m[22;1H[?12l[?25h[?12;25h[34;40H[?25l[7m2[0m[39;49m[27m[23;1H[?12l[?25h[?12;25h[34;40H[?25l[7m3[0m[39;49m[27m[24;1H[?12l[?25h[?12;25h[34;40H[?25l[7m4[0m[39;49m[27m[25;1H[?12l[?25h[?12;25h[34;40H[?25l[7m5[0m[39;49m[27m[26;1H[?12l[?25h[?12;25h[34;40H[?25l[7m6[0m[39;49m[27m[27;1H[?12l[?25h[?12;25h[34;40H[?25l[7m7[0m[39;49m[27m[28;1H[?12l[?25h[?12;25h[34;40H[?25l[7m8[0m[39;49m[27m[29;1H[?12l[?25h[?12;25h[34;40H[?25l[7m9[0m[39;49m[27m[30;1H[?12l[?25h[?12;25h[34;39H[?25l[7m30[0m[39;49m[27m[31;1H[?12l[?25h[?12;25h[34;40H[?25l[7m1[0m[39;49m[27m[32;1H[?12l[?25h[?12;25h[34;40H[?25l[7m2[0m[39;49m[27m[A[?12l[?25h[?12;25h[1;33r[2;1H[16M[1;35r[18;1H[?25l  [1m[36mif[0m[39;49m (!out) {[K
    fprintf(stderr, [32m"cannot write %s: %s\n"[39;49m, outName, strerror(errno));[K
    exit(1);[K
  }[K
  [32mdouble[39;49m [33msum[39;49m = 0.0;[K
  [1m[36mfor[0m[39;49m ([32mint[39;49m [33mi[39;49m = 0; i < nPoints; i++) {[K
    [32mPoint2[39;49m [33mpoint2[39;49m = { .x = randCoord(), .y = randCoord(), };[K
    [1m[36mif[0m[39;49m (fwrite(&point2, [1m[36msizeof[0m[39;49m(Point2), 1, out) != 1) {[K
      fprintf(stderr, [32m"cannot write Point2(%d, %d) to %s: %s\n"[39;49m,[K
              point2.x, point2.y, outName, strerror(errno));[K
      exit(1);[K
    }[K
    [32mdouble[39;49m [33mmag[39;49m = magnitudePoint2(&point2);[K
    sum += mag;[K
  }[K
  fprintf(stderr, [32m"average magnitude = %g\n"[39;49m, sum/nPoints);[K[34;34H[7m21% L33[0m[39;49m[27m[18;1H[?12l[?25h[?12;25h[34;40H[?25l[7m4[0m[39;49m[27m[19;1H[?12l[?25h[?12;25h[34;40H[?25l[7m5[0m[39;49m[27m[20;1H[?12l[?25h[?12;25h[34;40H[?25l[7m6[0m[39;49m[27m[21;1H[?12l[?25h[?12;25h[34;40H[?25l[7m7[0m[39;49m[27m[22;1H[?12l[?25h[?12;25h[34;40H[?25l[7m8[0m[39;49m[27m[23;1H[?12l[?25h[?12;25h[34;40H[?25l[7m9[0m[39;49m[27m[24;1H[?12l[?25h[?12;25h[34;39H[?25l[7m40[0m[39;49m[27m[25;1H[?12l[?25h[?12;25h[34;40H[?25l[7m1[0m[39;49m[27m[26;1H[?12l[?25h[?12;25h[34;40H[?25l[7m2[0m[39;49m[27m[27;1H[?12l[?25h[?12;25h[34;40H[?25l[7m3[0m[39;49m[27m[28;1H[?12l[?25h[?12;25h[34;40H[?25l[7m4[0m[39;49m[27m[29;1H[?12l[?25h[?12;25h[34;40H[?25l[7m5[0m[39;49m[27m[30;1H[?12l[?25h[?12;25h[34;40H[?25l[7m6[0m[39;49m[27m[31;1H[?12l[?25h[?12;25h[34;40H[?25l[7m7[0m[39;49m[27m[32;1H[?12l[?25h[?12;25h[34;40H[?25l[7m8[0m[39;49m[27m[A[?12l[?25h[?12;25h[1;33r[2;1H[16M[1;35r[18;1H[?25l  [1m[36mif[0m[39;49m (fclose(out) != 0) {[K
    fprintf(stderr, [32m"cannot close %s: %s\n"[39;49m, outName, strerror(errno));[K
    exit(1);[K
  }[K
  [1m[36mreturn[0m[39;49m 0;[K
}[K
[K
[K
[K
[K
[K
[K
[K
[K
[K
[K[34;34H[7mBot L49[0m[39;49m[27m[18;1H[?12l[?25h[?12;25h[34;39H[?25l[7m50[0m[39;49m[27m[19;1H[?12l[?25h[?12;25h[34;40H[?25l[7m1[0m[39;49m[27m[20;1H[?12l[?25h[?12;25h[34;40H[?25l[7m2[0m[39;49m[27m[21;1H[?12l[?25h[?12;25h[34;40H[?25l[7m3[0m[39;49m[27m[22;1H[?12l[?25h[?12;25h[34;40H[?25l[7m4[0m[39;49m[27m[23;1H[?12l[?25h[?12;25h[34;40H[?25l[7m5[0m[39;49m[27m[24;1H[?12l[?25h[?12;25h[35d[?25lEnd of buffer[24;1H[?12l[?25h[?12;25h[35d[K[34;40H[?25l[7m4[0m[39;49m[27m[23;1H[?12l[?25h[?12;25h[34;40H[?25l[7m3[0m[39;49m[27m[22;1H[?12l[?25h[?12;25h[34;40H[?25l[7m2[0m[39;49m[27m[21;1H[?12l[?25h[?12;25h[34;40H[?25l[7m1[0m[39;49m[27m[20;1H[?12l[?25h[?12;25h[34;40H[?25l[7m0[0m[39;49m[27m[19;1H[?12l[?25h[?12;25h[34;39H[?25l[7m49[0m[39;49m[27m[18;1H[?12l[?25h[?12;25h[34;40H[?25l[7m7[0m[39;49m[27m[16;1H[?12l[?25h[?12;25h[34;40H[?25l[7m6[0m[39;49m[27m[15;1H[?12l[?25h[?12;25h[34;40H[?25l[7m5[0m[39;49m[27m[14;1H[?12l[?25h[?12;25h[34;40H[?25l[7m4[0m[39;49m[27m[13;1H[?12l[?25h[?12;25h[34;40H[?25l[7m3[0m[39;49m[27m[12;1H[?12l[?25h[?12;25h[34;40H[?25l[7m2[0m[39;49m[27m[11;1H[?12l[?25h[?12;25h[34;40H[?25l[7m1[0m[39;49m[27m[10;1H[?12l[?25h[?12;25h[34;40H[?25l[7m0[0m[39;49m[27m[9;1H[?12l[?25h[?12;25h[34;39H[?25l[7m39[0m[39;49m[27m[8;1H[?12l[?25h[?12;25h[34;40H[?25l[7m8[0m[39;49m[27m[7;1H[?12l[?25h[?12;25h[34;40H[?25l[7m7[0m[39;49m[27m[6;1H[?12l[?25h[?12;25h[34;40H[?25l[7m6[0m[39;49m[27m[5;1H[?12l[?25h[?12;25h[34;40H[?25l[7m5[0m[39;49m[27m[4;1H[?12l[?25h[?12;25h[34;40H[?25l[7m4[0m[39;49m[27m[H

[?12l[?25h[?12;25h[34;40H[?25l[7m3[0m[39;49m[27m[H
[?12l[?25h[?12;25h[?25l[1m[36mstatic[0m[39;49m [32mint[39;49m[K
[1m[34mrandCoord[0m[39;49m([32mvoid[39;49m)[K
{[K
[C[1m[36menum[0m[39;49m { [33mMAX[39;49m = 1000 }; [31m//exclusive                                                                  [39;49m
[6;3H[31m//statistically unsound; see                                                                      [39;49m
[7;3H[31m//<https://stackoverflow.com/questions/4195958/how-do-i-scale-down-numbers-from-rand>             [39;49m
[8;3H[1m[36mreturn[0m[39;49m rand() % MAX;[K
}[K
[K
[32mint[39;49m[K
[1m[34mmain[0m[39;49m([32mint[39;49m [33margc[39;49m, [1m[36mconst[0m[39;49m [32mchar[39;49m *[33margv[39;49m[])
{[K
[C[1m[36mif[0m[39;49m (argc != 3) usage(argv[0]);[K[15;3H[32mint[39;49m [33mnPoints[39;49m = atoi(argv[1]);[16;3H[1m[36mif[0m[39;49m (nPoints <= 0) usage(argv[0]);[17;3H[1m[36mconst[0m[39;49m [32mchar[39;49m *[33moutName[39;49m = argv[2];[K[18;3H[32mFILE[39;49m *[33mout[39;49m = fopen(outName, [32m"w"[39;49m);[19;3H[1m[36mif[0m[39;49m (!out) {[K[20;5Hfprintf(stderr, [32m"cannot write %s: %s\n"[39;49m, outName, strerror(errno));[21;3H  exit(1);[22;3H}[K
  [32mdouble[39;49m [33msum[39;49m = 0.0;[24;3H[1m[36mfor[0m[39;49m ([32mint[39;49m [33mi[39;49m = 0; i < nPoints; i++) {[25;5H[32mPoint2[39;49m [33mpoint2[39;49m = { .x = randCoord(), .y = randCoord(), };[26;5H[1m[36mif[0m[39;49m (fwrite(&point2, [1m[36msizeof[0m[39;49m(Point2), 1, out) != 1) {[27;7Hfprintf(stderr, [32m"cannot write Point2(%d, %d) to %s: %s\n"[39;49m,[28;15Hpoint2.x, point2.y, outName, strerror(errno));[29;7Hexit(1);[30;5H}
[32mdouble[39;49m [33mmag[39;49m = magnitudePoint2(&point2);[32;5Hsum += mag;[33;3H}[34;34H[7m20% L32[0m[39;49m[27m[18;1H[?12l[?25h[?12;25h[34;40H[?25l[7m1[0m[39;49m[27m[17;1H[?12l[?25h[?12;25h[34;40H[?25l[7m0[0m[39;49m[27m[16;1H[?12l[?25h[?12;25h[34;39H[?25l[7m29[0m[39;49m[27m[15;1H[?12l[?25h[?12;25h[C[C[C[34;39H[?25l[7m30[0m[39;49m[27m[16;4H[?12l[?25h[?12;25h[C[34;40H[?25l[7m1[0m[39;49m[27m[17;5H[?12l[?25h[?12;25h[C[34;40H[?25l[7m2[0m[39;49m[27m[18;6H[?12l[?25h[?12;25h[C[34;40H[?25l[7m3[0m[39;49m[27m[19;7H[?12l[?25h[?12;25h	[34;40H[?25l[7m2[0m[39;49m[27m[18;8H[?12l[?25h[?12;25h	[34;40H[?25l[7m3[0m[39;49m[27m[19;9H[?12l[?25h[?12;25h[C[34;40H[?25l[7m2[0m[39;49m[27m[18;10H[?12l[?25h[?12;25h[C[C[C[C[C		[C[C[C[C[C[C		[C[C[C[C[C[C		[?25l,);[34;6H[7m**[0m[39;49m[27m[18;34H[?12l[?25h[?12;25h[?25l );[?12l[?25h[?12;25h[?25l[1m[31m"[0m[39;49m[32m);                                                               [39;49m
[18;36H[?12l[?25h[?12;25h[?25l[32mb);[39;49m[?12l[?25h[?12;25h[?25l[32m"b"[39;49m);[K[?12l[?25h[?12;25h[?25l[1m[31m"[0m[39;49m[32mb);                                                              [39;49m
[18;37H[?12l[?25h[?12;25h[?25l[32m); [39;49m
[32m  if (!out) {                                                                                       [39;49m
[32m    fprintf(stderr, "[39;49mcannot write %s: %s\n[1m[31m"[0m[39;49m[32m, outName, strerror(errno));                             [39;49m
[32m    exit(1);                                                                                        [39;49m
[32m  }                                                                                                 [39;49m
[32m  double sum = 0.0;                                                                                 [39;49m
[32m  for (int i = 0; i < nPoints; i++) {                                                               [39;49m
[32m    Point2 point2 = { .x = randCoord(), .y = randCoord(), };                                        [39;49m
[32m    if (fwrite(&point2, sizeof(Point2), 1, out) != 1) {                                             [39;49m
[32m      fprintf(stderr, "[39;49mcannot write Point2(%d, %d) to %s: %s\n[1m[31m"[0m[39;49m[32m,                                    [39;49m
[32m              point2.x, point2.y, outName, strerror(errno));                                        [39;49m
[32m      exit(1);                                                                                      [39;49m
[32m    }                                                                                               [39;49m
[32m    double mag = magnitudePoint2(&point2);                                                          [39;49m
[32m    sum += mag;                                                                                     [39;49m
[32m  }                                                                                                 [39;49m
[18;36H[?12l[?25h[?12;25h[?25l);[K[?12l[?25h[?12;25h[?25l);[K[?12l[?25h[?12;25h[?25l);[K[?12l[?25h[?12;25h[?25l[1m[31m"[0m[39;49m[32mw);                                                                   [39;49m
[18;32H[?12l[?25h[?12;25h[?25l[32m); [39;49m[?12l[?25h[?12;25h[?25l[32mb);[39;49m[?12l[?25h[?12;25h[?25l[32m"b"[39;49m);[K[?12l[?25h[?12;25h
[?25l  [1m[36mif[0m[39;49m (!out) {[K
    fprintf(stderr, [32m"cannot write %s: %s\n"[39;49m, outName, strerror(errno));[K
    exit(1);[K
  }[K
  [32mdouble[39;49m [33msum[39;49m = 0.0;[K
  [1m[36mfor[0m[39;49m ([32mint[39;49m [33mi[39;49m = 0; i < nPoints; i++) {[K
    [32mPoint2[39;49m [33mpoint2[39;49m = { .x = randCoord(), .y = randCoord(), };[K
    [1m[36mif[0m[39;49m (fwrite(&point2, [1m[36msizeof[0m[39;49m(Point2), 1, out) != 1) {[K
      fprintf(stderr, [32m"cannot write Point2(%d, %d) to %s: %s\n"[39;49m,[K
              point2.x, point2.y, outName, strerror(errno));[K
      exit(1);[K
    }[K
    [32mdouble[39;49m [33mmag[39;49m = magnitudePoint2(&point2);[K
    sum += mag;[K
  }[K[18;33H[?12l[?25h[?12;25h[34;40H[?25l[7m3[0m[39;49m[27m[19;14H[?12l[?25h[?12;25h[34;40H[?25l[7m2[0m[39;49m[27m[18;33H[?12l[?25h[?12;25h[34;40H[?25l[7m3[0m[39;49m[27m[19;14H[?12l[?25h[?12;25h[34;40H[?25l[7m2[0m[39;49m[27m[18;32H[?12l[?25h[?12;25h[35;1H[?25lSaving file /home/thur1/git-repos/i220a/work/lab13/files/rec-io/gen-rand-points.c...[18;30H[?12l[?25h[?12;25h[35;1H[?25lWrote /home/thur1/git-repos/i220a/work/lab13/files/rec-io/gen-rand-points.c[K[18;30H[?12l[?25h[?12;25h[34;6H[?25l[7m----F1  [0m[39;49m[27m[7m[1mgen-rand-points.c[0m[39;49m[27m[7m   20% L32   [0m[39;49m[27m[7mGit:[0m[39;49m[27m[18;30H[?12l[?25h[?12;25h[35;1H[K[18;30H[35;1H[K[?2004l[?1l>[?12l[?25h[?1049l[23;0;0t[39;49mthur1@remote05:~/git-repos/i220a/work/lab13/files/rec-io$ emacs stat-points.c
[?1049h[22;0;0t[?12;25h[?1h=[H[2J[35d[K[?1l>[?12l[?25h[?1049l[23;0;0t[39;49m[?1049h[22;0;0t[?12;25h[?1h=[H[2J[34d[?25l[7m-UUU:----F1  [0m[39;49m[27m[7m[1m*scratch*   [0m[39;49m[27m[7m   All L1     (Fundamental) -----------------------------------------------[0m[39;49m[27m
[A[2d[?12l[?25h[?12;25h[35d[?25lLoading /etc/emacs/site-start.d/00debian.el (source)...done[K[H
[?12l[?25h[?12;25h[35;33H[?25l50a2ps.el (source)...[K[H
[?12l[?25h[?12;25h[35;54H[?25ldone[H
[?12l[?25h[?12;25h[35;36H[?25lsymptote.el (source)...[H
[?12l[?25h[?12;25h[35;59H[?25ldone[H
[?12l[?25h[?12;25h[35;36H[?25lutoconf.el (source)...[K[H
[?12l[?25h[?12;25h[35;58H[?25ldone[H
[?12l[?25h[?12;25h[35;35H[?25lcmake-data.el (source)...[K[H
[?12l[?25h[?12;25h[35;60H[?25ldone[H
[?12l[?25h[?12;25h[35;35H[?25ldictionaries-common.el (source)...[H
[?12l[?25h[?12;25h[35;9H[?25ldebian-ispell...[K[H
[?12l[?25h[?12;25h[35;9H[?25l/var/cache/dictionaries-common/emacsen-ispell-default.el (source)...[H
[?12l[?25h[?12;25h[35;77H[?25ldone[H
[?12l[?25h[?12;25h[35;9H[?25ldebian-ispell...done[K[H
[?12l[?25h[?12;25h[35;9H[?25l/var/cache/dictionaries-common/emacsen-ispell-dicts.el (source)...[H
[?12l[?25h[?12;25h[35;75H[?25ldone[H
[?12l[?25h[?12;25h[35;10H[?25letc/emacs/site-start.d/50dictionaries-common[6P[H
[?12l[?25h[?12;25h[35;35H[?25lerlang-mode.el (source)...[K[H
[?12l[?25h[?12;25h[35;61H[?25ldone[H
[?12l[?25h[?12;25h[35;35H[?25lhaskell-mode.el (source)...[K[H
[?12l[?25h[?12;25h[35;10H[?25lusr/share/emacs/site-lisp/elpa/haskel[34@l-mode-16.1/haskell-mode-autoloads[H
[?12l[?25h[?12;25h[35;96H[?25ldone[H
[?12l[?25h[?12;25h[35;10H[?25letc/emacs/site-start.d/50haskell-mode[34P[H
[?12l[?25h[?12;25h[35;35H[?25llatex-cjk-common.el (source)...[H
[?12l[?25h[?12;25h[35;10H[?25lusr/share/emacs/site-lisp/latex-cjk-commo[9@n/cjk-enc[H
[?12l[?25h[?12;25h[35;75H[?25ldone[H
[?12l[?25h[?12;25h[35;10H[?25letc/emacs/site-start.d/50latex-cjk-common[9P[H
[?12l[?25h[?12;25h[35;45H[?25lthai.el (source)...[K[H
[?12l[?25h[?12;25h[35;64H[?25ldone[H
[?12l[?25h[?12;25h[35;35H[?25lpsvn.el (source)...[K[H
[?12l[?25h[?12;25h[35;54H[?25ldone[H
[?12l[?25h[?12;25h[35;36H[?25lython-docutils.el (source)...[H
[?12l[?25h[?12;25h[35;65H[?25ldone[H
[?12l[?25h[?12;25h[35;35H[?25ltcsh.el (source)...[K[H
[?12l[?25h[?12;25h[35;54H[?25ldone[H
[?12l[?25h[?12;25h[35;36H[?25lexlive-lang-english.el (source)...[H
[?12l[?25h[?12;25h[35;70H[?25ldone[H
[?12l[?25h[?12;25h[>0c[35d[?25lLoading /etc/emacs/site-start.d/50texlive-lang-english.el (source)...done[K[H[7mFile Edit Options Buffers Tools Lisp-Interaction Help                                               [0m[39;49m[27m
[A
[K
[K
[K
[K
[K
[K
[K
[K
[K
[K
[K
[K
[K
[K
[K
[K
[K
[K
[K
[K
[K
[K
[K
[K
[K
[K
[K
[K
[K
[K
[K
[K
[7m-UUU:----F1  [0m[39;49m[27m[7m[1m*scratch*   [0m[39;49m[27m[7m   All L1     (Lisp Interaction ElDoc) ------------------------------------[0m[39;49m[27m
[A[2d[?12l[?25h[?12;25h[?2004h[35d[?25lFor information about GNU Emacs and the GNU system, type C-h C-a.[K[H
[?12l[?25h[?12;25h[35d[K[H[?25l[7mFile Edit Options Buffers Tools C Help                                                              [0m[39;49m[27m
[A
[1m[34m#include[0m[39;49m [32m<assert.h>[39;49m[K
[1m[34m#include[0m[39;49m [32m<errno.h>[39;49m[K
[1m[34m#include[0m[39;49m [32m<math.h>[39;49m[K
[1m[34m#include[0m[39;49m [32m<stdlib.h>[39;49m[K
[1m[34m#include[0m[39;49m [32m<stdio.h>[39;49m[K
[1m[34m#include[0m[39;49m [32m<string.h>[39;49m[K
[K
[1m[34m#include[0m[39;49m [32m"dyn-array.h"[39;49m[K
[1m[34m#include[0m[39;49m [32m"point2.h"[39;49m[K
[K
[1m[36mstatic[0m[39;49m [32mvoid[39;49m[K
[1m[34mreadPoints[0m[39;49m([1m[36mconst[0m[39;49m [32mchar[39;49m *[33minName[39;49m, [32mDynArray[39;49m *[33mpoints[39;49m)[K
{[K
  [32mFILE[39;49m *[33min[39;49m = fopen(inName, [32m"r"[39;49m);[K
  [1m[36mif[0m[39;49m (!in) {[K
    fprintf(stderr, [32m"cannot read %s: %s\n"[39;49m, inName, strerror(errno));[K
    exit(1);[K
  }[K
  [32mPoint2[39;49m [33mpoint2[39;49m;[K
  [1m[36mwhile[0m[39;49m (fread(&point2, [1m[36msizeof[0m[39;49m(Point2), 1, in) == 1) {[K
    addElementDynArray(points, &point2);[K
  }[K
  [1m[36mif[0m[39;49m (fclose(in) != 0) {[K
    fprintf(stderr, [32m"cannot close %s: %s\n"[39;49m, inName, strerror(errno));[K
    exit(1);[K
  }[K
}[K
[K
[1m[36mstatic[0m[39;49m [32mint[39;49m[K
[1m[34mcomparePoint2[0m[39;49m([1m[36mconst[0m[39;49m [32mvoid[39;49m *[33mp1[39;49m, [1m[36mconst[0m[39;49m [32mvoid[39;49m *[33mp2[39;49m)[K
{[K
  [1m[36mreturn[0m[39;49m magnitudePoint2(p1) - magnitudePoint2(p2);[K
[7m-UU-:----F1  [0m[39;49m[27m[7m[1mstat-points.c[0m[39;49m[27m[7m   Top L2    [0m[39;49m[27m[7mGit-master[0m[39;49m[27m[7m  (C/*l Abbrev) -----------------------------------[0m[39;49m[27m
[A[3d[?12l[?25h[?12;25h[34;35H[?25l[7m3[0m[39;49m[27m[4;1H[?12l[?25h[?12;25h[34;35H[?25l[7m4[0m[39;49m[27m[5;1H[?12l[?25h[?12;25h[34;35H[?25l[7m5[0m[39;49m[27m[6;1H[?12l[?25h[?12;25h[34;35H[?25l[7m6[0m[39;49m[27m[7;1H[?12l[?25h[?12;25h[34;35H[?25l[7m7[0m[39;49m[27m[8;1H[?12l[?25h[?12;25h[34;35H[?25l[7m8[0m[39;49m[27m[9;1H[?12l[?25h[?12;25h[34;35H[?25l[7m9[0m[39;49m[27m[10;1H[?12l[?25h[?12;25h[34;35H[?25l[7m10[0m[39;49m[27m[11;1H[?12l[?25h[?12;25h[34;36H[?25l[7m1[0m[39;49m[27m[12;1H[?12l[?25h[?12;25h[34;36H[?25l[7m2[0m[39;49m[27m[13;1H[?12l[?25h[?12;25h[34;36H[?25l[7m3[0m[39;49m[27m[14;1H[?12l[?25h[?12;25h[34;36H[?25l[7m4[0m[39;49m[27m[15;1H[?12l[?25h[?12;25h[34;36H[?25l[7m5[0m[39;49m[27m[16;1H[?12l[?25h[?12;25h[C[34;36H[?25l[7m4[0m[39;49m[27m[15;2H[?12l[?25h[?12;25h[C[C[C[C[C		[C[C[C[C[C[C		[C[C[C[C[C[C		[C[C[C[C[C[C	[?25l[32m"[39;49m);[K[34;6H[7m**[0m[39;49m[27m[15;29H[?12l[?25h[?12;25h[?25l[32mb"[39;49m);[?12l[?25h[?12;25h[35;1H[?25lSaving file /home/thur1/git-repos/i220a/work/lab13/files/rec-io/stat-points.c...[15;30H[?12l[?25h[?12;25h[35;1H[?25lWrote /home/thur1/git-repos/i220a/work/lab13/files/rec-io/stat-points.c[K[15;30H[?12l[?25h[?12;25h[34;6H[?25l[7m----F1  [0m[39;49m[27m[7m[1mstat-points.c[0m[39;49m[27m[7m   Top L14   [0m[39;49m[27m[7mGit:[0m[39;49m[27m[15;30H[?12l[?25h[?12;25h[35;1H[K[15;30H[35;1H[K[?2004l[?1l>[?12l[?25h[?1049l[23;0;0t[39;49mthur1@remote05:~/git-repos/i220a/work/lab13/files/rec-io$ emacs stat-pint[K[K[Koint.c
[?1049h[22;0;0t[?12;25h[?1h=[H[2J[35d[K[?1l>[?12l[?25h[?1049l[23;0;0t[39;49m[?1049h[22;0;0t[?12;25h[?1h=[H[2J[34d[?25l[7m-UUU:----F1  [0m[39;49m[27m[7m[1m*scratch*   [0m[39;49m[27m[7m   All L1     (Fundamental) -----------------------------------------------[0m[39;49m[27m
[A[2d[?12l[?25h[?12;25h[35d[?25lLoading /etc/emacs/site-start.d/00debian.el (source)...done[K[H
[?12l[?25h[?12;25h[35;33H[?25l50a2ps.el (source)...[K[H
[?12l[?25h[?12;25h[35;54H[?25ldone[H
[?12l[?25h[?12;25h[35;36H[?25lsymptote.el (source)...[H
[?12l[?25h[?12;25h[35;59H[?25ldone[H
[?12l[?25h[?12;25h[35;36H[?25lutoconf.el (source)...[K[H
[?12l[?25h[?12;25h[35;58H[?25ldone[H
[?12l[?25h[?12;25h[35;35H[?25lcmake-data.el (source)...[K[H
[?12l[?25h[?12;25h[35;60H[?25ldone[H
[?12l[?25h[?12;25h[35;35H[?25ldictionaries-common.el (source)...[H
[?12l[?25h[?12;25h[35;9H[?25ldebian-ispell...[K[H
[?12l[?25h[?12;25h[35;9H[?25l/var/cache/dictionaries-common/emacsen-ispell-default.el (source)...[H
[?12l[?25h[?12;25h[35;77H[?25ldone[H
[?12l[?25h[?12;25h[35;9H[?25ldebian-ispell...done[K[H
[?12l[?25h[?12;25h[35;9H[?25l/var/cache/dictionaries-common/emacsen-ispell-dicts.el (source)...[H
[?12l[?25h[?12;25h[35;75H[?25ldone[H
[?12l[?25h[?12;25h[35;10H[?25letc/emacs/site-start.d/50dictionaries-common[6P[H
[?12l[?25h[?12;25h[35;35H[?25lerlang-mode.el (source)...[K[H
[?12l[?25h[?12;25h[35;61H[?25ldone[H
[?12l[?25h[?12;25h[35;35H[?25lhaskell-mode.el (source)...[K[H
[?12l[?25h[?12;25h[35;10H[?25lusr/share/emacs/site-lisp/elpa/haskel[34@l-mode-16.1/haskell-mode-autoloads[H
[?12l[?25h[?12;25h[35;96H[?25ldone[H
[?12l[?25h[?12;25h[35;10H[?25letc/emacs/site-start.d/50haskell-mode[34P[H
[?12l[?25h[?12;25h[35;35H[?25llatex-cjk-common.el (source)...[H
[?12l[?25h[?12;25h[35;10H[?25lusr/share/emacs/site-lisp/latex-cjk-commo[9@n/cjk-enc[H
[?12l[?25h[?12;25h[35;75H[?25ldone[H
[?12l[?25h[?12;25h[35;10H[?25letc/emacs/site-start.d/50latex-cjk-common[9P[H
[?12l[?25h[?12;25h[35;45H[?25lthai.el (source)...[K[H
[?12l[?25h[?12;25h[35;64H[?25ldone[H
[?12l[?25h[?12;25h[35;35H[?25lpsvn.el (source)...[K[H
[?12l[?25h[?12;25h[35;54H[?25ldone[H
[?12l[?25h[?12;25h[35;36H[?25lython-docutils.el (source)...[H
[?12l[?25h[?12;25h[35;65H[?25ldone[H
[?12l[?25h[?12;25h[35;35H[?25ltcsh.el (source)...[K[H
[?12l[?25h[?12;25h[35;54H[?25ldone[H
[?12l[?25h[?12;25h[35;36H[?25lexlive-lang-english.el (source)...[H
[?12l[?25h[?12;25h[35;70H[?25ldone[H
[?12l[?25h[?12;25h[>0c[35d[?25lLoading /etc/emacs/site-start.d/50texlive-lang-english.el (source)...done[K[H[7mFile Edit Options Buffers Tools Lisp-Interaction Help                                               [0m[39;49m[27m
[A
[K
[K
[K
[K
[K
[K
[K
[K
[K
[K
[K
[K
[K
[K
[K
[K
[K
[K
[K
[K
[K
[K
[K
[K
[K
[K
[K
[K
[K
[K
[K
[K
[7m-UUU:----F1  [0m[39;49m[27m[7m[1m*scratch*   [0m[39;49m[27m[7m   All L1     (Lisp Interaction ElDoc) ------------------------------------[0m[39;49m[27m
[A[2d[?12l[?25h[?12;25h[?2004h[35d[?25lFor information about GNU Emacs and the GNU system, type C-h C-a.[K[H
[?12l[?25h[?12;25h[35d[?25l(New file)[K[H
[?12l[?25h[?12;25h[35d[?25lEnd of buffer[K[H[7mFile Edit Options Buffers Tools C Help                                                              [0m[39;49m[27m
[A
[K
[K
[K
[K
[K
[K
[K
[K
[K
[K
[K
[K
[K
[K
[K
[K
[K
[K
[K
[K
[K
[K
[K
[K
[K
[K
[K
[K
[K
[K
[K
[K
[7m-UUU:----F1  [0m[39;49m[27m[7m[1mstat-point.c[0m[39;49m[27m[7m   All L1     (C/*l Abbrev) -----------------------------------------------[0m[39;49m[27m
[A[2d[?12l[?25h[?12;25h[35d[K[2d[35d[K[?2004l[?1l>[?12l[?25h[?1049l[23;0;0t[39;49mthur1@remote05:~/git-repos/i220a/work/lab13/files/rec-io$ ls
dyn-array.c  dyn-array.o      gen-rand-points.c  Makefile  points.dat	stat-points.c
dyn-array.h  gen-rand-points  gen-rand-points.o  point2.h  stat-points	stat-points.o
thur1@remote05:~/git-repos/i220a/work/lab13/files/rec-io$ make
gcc -g -Wall -std=c11   -c -o gen-rand-points.o gen-rand-points.c
gcc   gen-rand-points.o  -lm -o gen-rand-points
gcc -g -Wall -std=c11   -c -o stat-points.o stat-points.c
gcc   stat-points.o dyn-array.o  -lm -o stat-points
thur1@remote05:~/git-repos/i220a/work/lab13/files/rec-io$ make[2Plsemacs stat-point.c[K[K[K[K[K[K[K[K[K[K[K[K[K[K[K[K[K[Kmake
make: Nothing to be done for 'all'.
thur1@remote05:~/git-repos/i220a/work/lab13/files/rec-io$ ls
dyn-array.c  dyn-array.o      gen-rand-points.c  Makefile  points.dat	stat-points.c
dyn-array.h  gen-rand-points  gen-rand-points.o  point2.h  stat-points	stat-points.o
thur1@remote05:~/git-repos/i220a/work/lab13/files/rec-io$ .[Kvalgrind ./gen-rand-points 100
==3290== Memcheck, a memory error detector
==3290== Copyright (C) 2002-2017, and GNU GPL'd, by Julian Seward et al.
==3290== Using Valgrind-3.14.0 and LibVEX; rerun with -h for copyright info
==3290== Command: ./gen-rand-points 100
==3290== 
usage: ./gen-rand-points N_POINTS OUT_FILE
==3290== 
==3290== HEAP SUMMARY:
==3290==     in use at exit: 0 bytes in 0 blocks
==3290==   total heap usage: 0 allocs, 0 frees, 0 bytes allocated
==3290== 
==3290== All heap blocks were freed -- no leaks are possible
==3290== 
==3290== For counts of detected and suppressed errors, rerun with: -v
==3290== ERROR SUMMARY: 0 errors from 0 contexts (suppressed: 0 from 0)
thur1@remote05:~/git-repos/i220a/work/lab13/files/rec-io$ ^C
thur1@remote05:~/git-repos/i220a/work/lab13/files/rec-io$ exit

Script done on 2019-11-22 13:24:07-05:00 [COMMAND_EXIT_CODE="130"]
